Archive member included to satisfy reference by file (symbol)

E:/STM32CubeIDE_1.14.1/STM32CubeIDE/plugins/com.st.stm32cube.ide.mcu.externaltools.gnu-tools-for-stm32.11.3.rel1.win32_1.1.100.202309141235/tools/bin/../lib/gcc/arm-none-eabi/11.3.1/../../../../arm-none-eabi/lib/thumb/v7-m/nofp\libc_nano.a(libc_a-exit.o)
                              E:/STM32CubeIDE_1.14.1/STM32CubeIDE/plugins/com.st.stm32cube.ide.mcu.externaltools.gnu-tools-for-stm32.11.3.rel1.win32_1.1.100.202309141235/tools/bin/../lib/gcc/arm-none-eabi/11.3.1/../../../../arm-none-eabi/lib/thumb/v7-m/nofp/crt0.o (exit)
E:/STM32CubeIDE_1.14.1/STM32CubeIDE/plugins/com.st.stm32cube.ide.mcu.externaltools.gnu-tools-for-stm32.11.3.rel1.win32_1.1.100.202309141235/tools/bin/../lib/gcc/arm-none-eabi/11.3.1/../../../../arm-none-eabi/lib/thumb/v7-m/nofp\libc_nano.a(libc_a-findfp.o)
                              E:/STM32CubeIDE_1.14.1/STM32CubeIDE/plugins/com.st.stm32cube.ide.mcu.externaltools.gnu-tools-for-stm32.11.3.rel1.win32_1.1.100.202309141235/tools/bin/../lib/gcc/arm-none-eabi/11.3.1/../../../../arm-none-eabi/lib/thumb/v7-m/nofp\libc_nano.a(libc_a-exit.o) (__stdio_exit_handler)
E:/STM32CubeIDE_1.14.1/STM32CubeIDE/plugins/com.st.stm32cube.ide.mcu.externaltools.gnu-tools-for-stm32.11.3.rel1.win32_1.1.100.202309141235/tools/bin/../lib/gcc/arm-none-eabi/11.3.1/../../../../arm-none-eabi/lib/thumb/v7-m/nofp\libc_nano.a(libc_a-fwalk.o)
                              E:/STM32CubeIDE_1.14.1/STM32CubeIDE/plugins/com.st.stm32cube.ide.mcu.externaltools.gnu-tools-for-stm32.11.3.rel1.win32_1.1.100.202309141235/tools/bin/../lib/gcc/arm-none-eabi/11.3.1/../../../../arm-none-eabi/lib/thumb/v7-m/nofp\libc_nano.a(libc_a-findfp.o) (_fwalk_sglue)
E:/STM32CubeIDE_1.14.1/STM32CubeIDE/plugins/com.st.stm32cube.ide.mcu.externaltools.gnu-tools-for-stm32.11.3.rel1.win32_1.1.100.202309141235/tools/bin/../lib/gcc/arm-none-eabi/11.3.1/../../../../arm-none-eabi/lib/thumb/v7-m/nofp\libc_nano.a(libc_a-stdio.o)
                              E:/STM32CubeIDE_1.14.1/STM32CubeIDE/plugins/com.st.stm32cube.ide.mcu.externaltools.gnu-tools-for-stm32.11.3.rel1.win32_1.1.100.202309141235/tools/bin/../lib/gcc/arm-none-eabi/11.3.1/../../../../arm-none-eabi/lib/thumb/v7-m/nofp\libc_nano.a(libc_a-findfp.o) (__sread)
E:/STM32CubeIDE_1.14.1/STM32CubeIDE/plugins/com.st.stm32cube.ide.mcu.externaltools.gnu-tools-for-stm32.11.3.rel1.win32_1.1.100.202309141235/tools/bin/../lib/gcc/arm-none-eabi/11.3.1/../../../../arm-none-eabi/lib/thumb/v7-m/nofp\libc_nano.a(libc_a-memset.o)
                              E:/STM32CubeIDE_1.14.1/STM32CubeIDE/plugins/com.st.stm32cube.ide.mcu.externaltools.gnu-tools-for-stm32.11.3.rel1.win32_1.1.100.202309141235/tools/bin/../lib/gcc/arm-none-eabi/11.3.1/../../../../arm-none-eabi/lib/thumb/v7-m/nofp/crt0.o (memset)
E:/STM32CubeIDE_1.14.1/STM32CubeIDE/plugins/com.st.stm32cube.ide.mcu.externaltools.gnu-tools-for-stm32.11.3.rel1.win32_1.1.100.202309141235/tools/bin/../lib/gcc/arm-none-eabi/11.3.1/../../../../arm-none-eabi/lib/thumb/v7-m/nofp\libc_nano.a(libc_a-closer.o)
                              E:/STM32CubeIDE_1.14.1/STM32CubeIDE/plugins/com.st.stm32cube.ide.mcu.externaltools.gnu-tools-for-stm32.11.3.rel1.win32_1.1.100.202309141235/tools/bin/../lib/gcc/arm-none-eabi/11.3.1/../../../../arm-none-eabi/lib/thumb/v7-m/nofp\libc_nano.a(libc_a-stdio.o) (_close_r)
E:/STM32CubeIDE_1.14.1/STM32CubeIDE/plugins/com.st.stm32cube.ide.mcu.externaltools.gnu-tools-for-stm32.11.3.rel1.win32_1.1.100.202309141235/tools/bin/../lib/gcc/arm-none-eabi/11.3.1/../../../../arm-none-eabi/lib/thumb/v7-m/nofp\libc_nano.a(libc_a-reent.o)
                              E:/STM32CubeIDE_1.14.1/STM32CubeIDE/plugins/com.st.stm32cube.ide.mcu.externaltools.gnu-tools-for-stm32.11.3.rel1.win32_1.1.100.202309141235/tools/bin/../lib/gcc/arm-none-eabi/11.3.1/../../../../arm-none-eabi/lib/thumb/v7-m/nofp\libc_nano.a(libc_a-closer.o) (errno)
E:/STM32CubeIDE_1.14.1/STM32CubeIDE/plugins/com.st.stm32cube.ide.mcu.externaltools.gnu-tools-for-stm32.11.3.rel1.win32_1.1.100.202309141235/tools/bin/../lib/gcc/arm-none-eabi/11.3.1/../../../../arm-none-eabi/lib/thumb/v7-m/nofp\libc_nano.a(libc_a-impure.o)
                              E:/STM32CubeIDE_1.14.1/STM32CubeIDE/plugins/com.st.stm32cube.ide.mcu.externaltools.gnu-tools-for-stm32.11.3.rel1.win32_1.1.100.202309141235/tools/bin/../lib/gcc/arm-none-eabi/11.3.1/../../../../arm-none-eabi/lib/thumb/v7-m/nofp\libc_nano.a(libc_a-reent.o) (_impure_ptr)
E:/STM32CubeIDE_1.14.1/STM32CubeIDE/plugins/com.st.stm32cube.ide.mcu.externaltools.gnu-tools-for-stm32.11.3.rel1.win32_1.1.100.202309141235/tools/bin/../lib/gcc/arm-none-eabi/11.3.1/../../../../arm-none-eabi/lib/thumb/v7-m/nofp\libc_nano.a(libc_a-lseekr.o)
[...]
Memory Configuration

Name             Origin             Length             Attributes
RAM              0x0000000020000000 0x0000000000005000 xrw
FLASH            0x0000000008000000 0x0000000000010000 xr
*default*        0x0000000000000000 0xffffffffffffffff

Linker script and memory map

LOAD E:/STM32CubeIDE_1.14.1/STM32CubeIDE/plugins/com.st.stm32cube.ide.mcu.externaltools.gnu-tools-for-stm32.11.3.rel1.win32_1.1.100.202309141235/tools/bin/../lib/gcc/arm-none-eabi/11.3.1/thumb/v7-m/nofp/crti.o
LOAD E:/STM32CubeIDE_1.14.1/STM32CubeIDE/plugins/com.st.stm32cube.ide.mcu.externaltools.gnu-tools-for-stm32.11.3.rel1.win32_1.1.100.202309141235/tools/bin/../lib/gcc/arm-none-eabi/11.3.1/thumb/v7-m/nofp/crtbegin.o
LOAD E:/STM32CubeIDE_1.14.1/STM32CubeIDE/plugins/com.st.stm32cube.ide.mcu.externaltools.gnu-tools-for-stm32.11.3.rel1.win32_1.1.100.202309141235/tools/bin/../lib/gcc/arm-none-eabi/11.3.1/../../../../arm-none-eabi/lib/thumb/v7-m/nofp/crt0.o
LOAD ./Core/Src/main.o
LOAD ./Core/Src/stm32f1xx_hal_msp.o
LOAD ./Core/Src/stm32f1xx_it.o
LOAD ./Core/Src/syscalls.o
LOAD ./Core/Src/sysmem.o
LOAD ./Core/Src/system_stm32f1xx.o
LOAD ./Core/Startup/startup_stm32f103c8tx.o
LOAD ./Drivers/Application/src/BLDC.o
LOAD ./Drivers/HAL/Src/ACS758-050B.o
LOAD ./Drivers/HAL/Src/CAN.o
LOAD ./Drivers/HAL/Src/DMA_ADC.o
LOAD ./Drivers/HAL/Src/DWTTimer.o
LOAD ./Drivers/HAL/Src/Hall_Sensor.o
LOAD ./Drivers/HAL/Src/NixtonLcd.o
LOAD ./Drivers/HAL/Src/Throttle.o
LOAD ./Drivers/HAL/Src/Voltage_sensor.o
LOAD ./Drivers/STM32F1xx_HAL_Driver/Src/stm32f1xx_hal.o
LOAD ./Drivers/STM32F1xx_HAL_Driver/Src/stm32f1xx_hal_adc.o
LOAD ./Drivers/STM32F1xx_HAL_Driver/Src/stm32f1xx_hal_adc_ex.o
LOAD ./Drivers/STM32F1xx_HAL_Driver/Src/stm32f1xx_hal_cortex.o
LOAD ./Drivers/STM32F1xx_HAL_Driver/Src/stm32f1xx_hal_dma.o
LOAD ./Drivers/STM32F1xx_HAL_Driver/Src/stm32f1xx_hal_exti.o
LOAD ./Drivers/STM32F1xx_HAL_Driver/Src/stm32f1xx_hal_flash.o
LOAD ./Drivers/STM32F1xx_HAL_Driver/Src/stm32f1xx_hal_flash_ex.o
LOAD ./Drivers/STM32F1xx_HAL_Driver/Src/stm32f1xx_hal_gpio.o
LOAD ./Drivers/STM32F1xx_HAL_Driver/Src/stm32f1xx_hal_gpio_ex.o
LOAD ./Drivers/STM32F1xx_HAL_Driver/Src/stm32f1xx_hal_pwr.o
LOAD ./Drivers/STM32F1xx_HAL_Driver/Src/stm32f1xx_hal_rcc.o
LOAD ./Drivers/STM32F1xx_HAL_Driver/Src/stm32f1xx_hal_rcc_ex.o
LOAD ./Drivers/STM32F1xx_HAL_Driver/Src/stm32f1xx_hal_tim.o
LOAD ./Drivers/STM32F1xx_HAL_Driver/Src/stm32f1xx_hal_tim_ex.o
LOAD ./Drivers/Service/Src/Delay.o
LOAD ./Drivers/Service/Src/SoftThrottle.o
LOAD ./Drivers/Service/Src/SpeedDWT.o
LOAD ./Drivers/Service/Src/TimeDif.o
START GROUP
LOAD E:/STM32CubeIDE_1.14.1/STM32CubeIDE/plugins/com.st.stm32cube.ide.mcu.externaltools.gnu-tools-for-stm32.11.3.rel1.win32_1.1.100.202309141235/tools/bin/../lib/gcc/arm-none-eabi/11.3.1/../../../../arm-none-eabi/lib/thumb/v7-m/nofp\libc_nano.a
LOAD E:/STM32CubeIDE_1.14.1/STM32CubeIDE/plugins/com.st.stm32cube.ide.mcu.externaltools.gnu-tools-for-stm32.11.3.rel1.win32_1.1.100.202309141235/tools/bin/../lib/gcc/arm-none-eabi/11.3.1/../../../../arm-none-eabi/lib/thumb/v7-m/nofp\libm.a
END GROUP
START GROUP
LOAD E:/STM32CubeIDE_1.14.1/STM32CubeIDE/plugins/com.st.stm32cube.ide.mcu.externaltools.gnu-tools-for-stm32.11.3.rel1.win32_1.1.100.202309141235/tools/bin/../lib/gcc/arm-none-eabi/11.3.1/thumb/v7-m/nofp\libgcc.a
LOAD E:/STM32CubeIDE_1.14.1/STM32CubeIDE/plugins/com.st.stm32cube.ide.mcu.externaltools.gnu-tools-for-stm32.11.3.rel1.win32_1.1.100.202309141235/tools/bin/../lib/gcc/arm-none-eabi/11.3.1/../../../../arm-none-eabi/lib/thumb/v7-m/nofp\libc_nano.a
END GROUP
START GROUP
LOAD E:/STM32CubeIDE_1.14.1/STM32CubeIDE/plugins/com.st.stm32cube.ide.mcu.externaltools.gnu-tools-for-stm32.11.3.rel1.win32_1.1.100.202309141235/tools/bin/../lib/gcc/arm-none-eabi/11.3.1/thumb/v7-m/nofp\libgcc.a
LOAD E:/STM32CubeIDE_1.14.1/STM32CubeIDE/plugins/com.st.stm32cube.ide.mcu.externaltools.gnu-tools-for-stm32.11.3.rel1.win32_1.1.100.202309141235/tools/bin/../lib/gcc/arm-none-eabi/11.3.1/../../../../arm-none-eabi/lib/thumb/v7-m/nofp\libc_nano.a
LOAD E:/STM32CubeIDE_1.14.1/STM32CubeIDE/plugins/com.st.stm32cube.ide.mcu.externaltools.gnu-tools-for-stm32.11.3.rel1.win32_1.1.100.202309141235/tools/bin/../lib/gcc/arm-none-eabi/11.3.1/../../../../arm-none-eabi/lib/thumb/v7-m/nofp\libnosys.a
END GROUP
START GROUP
LOAD E:/STM32CubeIDE_1.14.1/STM32CubeIDE/plugins/com.st.stm32cube.ide.mcu.externaltools.gnu-tools-for-stm32.11.3.rel1.win32_1.1.100.202309141235/tools/bin/../lib/gcc/arm-none-eabi/11.3.1/thumb/v7-m/nofp\libgcc.a
LOAD E:/STM32CubeIDE_1.14.1/STM32CubeIDE/plugins/com.st.stm32cube.ide.mcu.externaltools.gnu-tools-for-stm32.11.3.rel1.win32_1.1.100.202309141235/tools/bin/../lib/gcc/arm-none-eabi/11.3.1/../../../../arm-none-eabi/lib/thumb/v7-m/nofp\libc_nano.a
LOAD E:/STM32CubeIDE_1.14.1/STM32CubeIDE/plugins/com.st.stm32cube.ide.mcu.externaltools.gnu-tools-for-stm32.11.3.rel1.win32_1.1.100.202309141235/tools/bin/../lib/gcc/arm-none-eabi/11.3.1/../../../../arm-none-eabi/lib/thumb/v7-m/nofp\libnosys.a
END GROUP
LOAD E:/STM32CubeIDE_1.14.1/STM32CubeIDE/plugins/com.st.stm32cube.ide.mcu.externaltools.gnu-tools-for-stm32.11.3.rel1.win32_1.1.100.202309141235/tools/bin/../lib/gcc/arm-none-eabi/11.3.1/thumb/v7-m/nofp/crtend.o
LOAD E:/STM32CubeIDE_1.14.1/STM32CubeIDE/plugins/com.st.stm32cube.ide.mcu.externaltools.gnu-tools-for-stm32.11.3.rel1.win32_1.1.100.202309141235/tools/bin/../lib/gcc/arm-none-eabi/11.3.1/thumb/v7-m/nofp/crtn.o
                0x0000000020005000                _estack = (ORIGIN (RAM) + LENGTH (RAM))
                0x0000000000000200                _Min_Heap_Size = 0x200
                0x0000000000000400                _Min_Stack_Size = 0x400

.isr_vector     0x0000000008000000      0x10c
                0x0000000008000000                . = ALIGN (0x4)
 *(.isr_vector)
 .isr_vector    0x0000000008000000      0x10c ./Core/Startup/startup_stm32f103c8tx.o
                0x0000000008000000                g_pfnVectors
                0x000000000800010c                . = ALIGN (0x4)

.text           0x000000000800010c     0x4190
                0x000000000800010c                . = ALIGN (0x4)
 *(.text)
 .text          0x000000000800010c       0x40 E:/STM32CubeIDE_1.14.1/STM32CubeIDE/plugins/com.st.stm32cube.ide.mcu.externaltools.gnu-tools-for-stm32.11.3.rel1.win32_1.1.100.202309141235/tools/bin/../lib/gcc/arm-none-eabi/11.3.1/thumb/v7-m/nofp/crtbegin.o
 .text          0x000000000800014c      0x21c E:/STM32CubeIDE_1.14.1/STM32CubeIDE/plugins/com.st.stm32cube.ide.mcu.externaltools.gnu-tools-for-stm32.11.3.rel1.win32_1.1.100.202309141235/tools/bin/../lib/gcc/arm-none-eabi/11.3.1/thumb/v7-m/nofp\libgcc.a(_arm_addsubsf3.o)
                0x000000000800014c                __aeabi_frsub
                0x0000000008000154                __subsf3
                0x0000000008000154                __aeabi_fsub
                0x0000000008000158                __aeabi_fadd
                0x0000000008000158                __addsf3
                0x00000000080002b8                __aeabi_ui2f
                0x00000000080002b8                __floatunsisf
                0x00000000080002c0                __aeabi_i2f
                0x00000000080002c0                __floatsisf
                0x00000000080002dc                __aeabi_ul2f
                0x00000000080002dc                __floatundisf
                0x00000000080002ec                __aeabi_l2f
                0x00000000080002ec                __floatdisf
 .text          0x0000000008000368      0x2a0 E:/STM32CubeIDE_1.14.1/STM32CubeIDE/plugins/com.st.stm32cube.ide.mcu.externaltools.gnu-tools-for-stm32.11.3.rel1.win32_1.1.100.202309141235/tools/bin/../lib/gcc/arm-none-eabi/11.3.1/thumb/v7-m/nofp\libgcc.a(_arm_muldivsf3.o)
                0x0000000008000368                __mulsf3
                0x0000000008000368                __aeabi_fmul
                0x00000000080004d0                __aeabi_fdiv
                0x00000000080004d0                __divsf3
 .text          0x0000000008000608       0xec E:/STM32CubeIDE_1.14.1/STM32CubeIDE/plugins/com.st.stm32cube.ide.mcu.externaltools.gnu-tools-for-stm32.11.3.rel1.win32_1.1.100.202309141235/tools/bin/../lib/gcc/arm-none-eabi/11.3.1/thumb/v7-m/nofp\libgcc.a(_arm_cmpsf2.o)
                0x0000000008000608                __gesf2
                0x0000000008000608                __gtsf2
                0x0000000008000610                __lesf2
                0x0000000008000610                __ltsf2
                0x0000000008000618                __nesf2
                0x0000000008000618                __eqsf2
                0x0000000008000618                __cmpsf2
                0x0000000008000678                __aeabi_cfrcmple
                0x0000000008000680                __aeabi_cfcmpeq
                0x0000000008000680                __aeabi_cfcmple
                0x0000000008000690                __aeabi_fcmpeq
                0x00000000080006a4                __aeabi_fcmplt
                0x00000000080006b8                __aeabi_fcmple
                0x00000000080006cc                __aeabi_fcmpge
                0x00000000080006e0                __aeabi_fcmpgt
 *(.text*)
 .text.main     0x00000000080006f4       0x78 ./Core/Src/main.o
                0x00000000080006f4                main
 .text.SystemClock_Config
                0x000000000800076c       0xb6 ./Core/Src/main.o
                0x000000000800076c                SystemClock_Config
 *fill*         0x0000000008000822        0x2 
 .text.MX_ADC1_Init
                0x0000000008000824       0xb8 ./Core/Src/main.o
 .text.MX_TIM1_Init
                0x00000000080008dc      0x11c ./Core/Src/main.o
 .text.MX_TIM2_Init
                0x00000000080009f8       0x98 ./Core/Src/main.o
 .text.MX_TIM3_Init
                0x0000000008000a90       0xc8 ./Core/Src/main.o
 .text.MX_TIM4_Init
                0x0000000008000b58       0xc8 ./Core/Src/main.o
 .text.MX_DMA_Init
                0x0000000008000c20       0x3c ./Core/Src/main.o
 .text.MX_GPIO_Init
                0x0000000008000c5c       0x84 ./Core/Src/main.o
 .text.HAL_ADC_ConvCpltCallback
                0x0000000008000ce0       0x12 ./Core/Src/main.o
                0x0000000008000ce0                HAL_ADC_ConvCpltCallback
 .text.Error_Handler
                0x0000000008000cf2        0xa ./Core/Src/main.o
                0x0000000008000cf2                Error_Handler
 .text.HAL_MspInit
                0x0000000008000cfc       0x64 ./Core/Src/stm32f1xx_hal_msp.o
                0x0000000008000cfc                HAL_MspInit
 .text.HAL_ADC_MspInit
                0x0000000008000d60       0xe0 ./Core/Src/stm32f1xx_hal_msp.o
                0x0000000008000d60                HAL_ADC_MspInit
 .text.HAL_TIM_PWM_MspInit
                0x0000000008000e40       0x8c ./Core/Src/stm32f1xx_hal_msp.o
                0x0000000008000e40                HAL_TIM_PWM_MspInit
 .text.HAL_TIM_Base_MspInit
                0x0000000008000ecc       0x38 ./Core/Src/stm32f1xx_hal_msp.o
                0x0000000008000ecc                HAL_TIM_Base_MspInit
 .text.HAL_TIM_MspPostInit
                0x0000000008000f04      0x11c ./Core/Src/stm32f1xx_hal_msp.o
                0x0000000008000f04                HAL_TIM_MspPostInit
 .text.NMI_Handler
                0x0000000008001020        0x6 ./Core/Src/stm32f1xx_it.o
                0x0000000008001020                NMI_Handler
 .text.HardFault_Handler
                0x0000000008001026        0x6 ./Core/Src/stm32f1xx_it.o
                0x0000000008001026                HardFault_Handler
 .text.MemManage_Handler
                0x000000000800102c        0x6 ./Core/Src/stm32f1xx_it.o
                0x000000000800102c                MemManage_Handler
 .text.BusFault_Handler
                0x0000000008001032        0x6 ./Core/Src/stm32f1xx_it.o
                0x0000000008001032                BusFault_Handler
 .text.UsageFault_Handler
                0x0000000008001038        0x6 ./Core/Src/stm32f1xx_it.o
                0x0000000008001038                UsageFault_Handler
 .text.SVC_Handler
                0x000000000800103e        0xc ./Core/Src/stm32f1xx_it.o
                0x000000000800103e                SVC_Handler
 .text.DebugMon_Handler
                0x000000000800104a        0xc ./Core/Src/stm32f1xx_it.o
                0x000000000800104a                DebugMon_Handler
 .text.PendSV_Handler
                0x0000000008001056        0xc ./Core/Src/stm32f1xx_it.o
                0x0000000008001056                PendSV_Handler
 .text.SysTick_Handler
                0x0000000008001062        0xc ./Core/Src/stm32f1xx_it.o
                0x0000000008001062                SysTick_Handler
 *fill*         0x000000000800106e        0x2 
 .text.DMA1_Channel1_IRQHandler
                0x0000000008001070       0x14 ./Core/Src/stm32f1xx_it.o
                0x0000000008001070                DMA1_Channel1_IRQHandler
 .text.ADC1_2_IRQHandler
                0x0000000008001084       0x14 ./Core/Src/stm32f1xx_it.o
                0x0000000008001084                ADC1_2_IRQHandler
 .text.SystemInit
                0x0000000008001098        0xc ./Core/Src/system_stm32f1xx.o
                0x0000000008001098                SystemInit
 .text.Reset_Handler
                0x00000000080010a4       0x48 ./Core/Startup/startup_stm32f103c8tx.o
                0x00000000080010a4                Reset_Handler
 .text.Default_Handler
                0x00000000080010ec        0x2 ./Core/Startup/startup_stm32f103c8tx.o
                0x00000000080010ec                RTC_Alarm_IRQHandler
                0x00000000080010ec                EXTI2_IRQHandler
                0x00000000080010ec                TIM1_CC_IRQHandler
                0x00000000080010ec                PVD_IRQHandler
                0x00000000080010ec                EXTI3_IRQHandler
                0x00000000080010ec                EXTI0_IRQHandler
                0x00000000080010ec                I2C2_EV_IRQHandler
                0x00000000080010ec                SPI1_IRQHandler
                0x00000000080010ec                TAMPER_IRQHandler
                0x00000000080010ec                DMA1_Channel4_IRQHandler
                0x00000000080010ec                USART3_IRQHandler
                0x00000000080010ec                RTC_IRQHandler
                0x00000000080010ec                DMA1_Channel7_IRQHandler
                0x00000000080010ec                CAN1_RX1_IRQHandler
                0x00000000080010ec                TIM4_IRQHandler
                0x00000000080010ec                I2C1_EV_IRQHandler
                0x00000000080010ec                DMA1_Channel6_IRQHandler
                0x00000000080010ec                TIM3_IRQHandler
                0x00000000080010ec                RCC_IRQHandler
                0x00000000080010ec                TIM1_TRG_COM_IRQHandler
                0x00000000080010ec                Default_Handler
                0x00000000080010ec                EXTI15_10_IRQHandler
                0x00000000080010ec                EXTI9_5_IRQHandler
                0x00000000080010ec                SPI2_IRQHandler
                0x00000000080010ec                DMA1_Channel5_IRQHandler
                0x00000000080010ec                EXTI4_IRQHandler
                0x00000000080010ec                USB_LP_CAN1_RX0_IRQHandler
                0x00000000080010ec                USB_HP_CAN1_TX_IRQHandler
                0x00000000080010ec                DMA1_Channel3_IRQHandler
                0x00000000080010ec                TIM1_UP_IRQHandler
                0x00000000080010ec                WWDG_IRQHandler
                0x00000000080010ec                TIM2_IRQHandler
                0x00000000080010ec                TIM1_BRK_IRQHandler
                0x00000000080010ec                EXTI1_IRQHandler
                0x00000000080010ec                USART2_IRQHandler
                0x00000000080010ec                I2C2_ER_IRQHandler
                0x00000000080010ec                DMA1_Channel2_IRQHandler
                0x00000000080010ec                CAN1_SCE_IRQHandler
                0x00000000080010ec                FLASH_IRQHandler
                0x00000000080010ec                USART1_IRQHandler
                0x00000000080010ec                I2C1_ER_IRQHandler
                0x00000000080010ec                USBWakeUp_IRQHandler
 *fill*         0x00000000080010ee        0x2 
 .text.BLDC_Init
                0x00000000080010f0       0x48 ./Drivers/Application/src/BLDC.o
                0x00000000080010f0                BLDC_Init
 .text.BLDC_DecideStep
                0x0000000008001138       0x78 ./Drivers/Application/src/BLDC.o
                0x0000000008001138                BLDC_DecideStep
 .text.BLDC_Comutate
                0x00000000080011b0      0x1e8 ./Drivers/Application/src/BLDC.o
                0x00000000080011b0                BLDC_Comutate
 .text.CurrentSensor_Init
                0x0000000008001398        0xc ./Drivers/HAL/Src/ACS758-050B.o
                0x0000000008001398                CurrentSensor_Init
 .text.CurrentSensor_Read
                0x00000000080013a4       0x7c ./Drivers/HAL/Src/ACS758-050B.o
                0x00000000080013a4                CurrentSensor_Read
 .text.DMA_ADC_Init
                0x0000000008001420       0x20 ./Drivers/HAL/Src/DMA_ADC.o
                0x0000000008001420                DMA_ADC_Init
 .text.DWT_Timer_Init
                0x0000000008001440       0x34 ./Drivers/HAL/Src/DWTTimer.o
                0x0000000008001440                DWT_Timer_Init
 .text.DWT_Timer_GetCycles
                0x0000000008001474       0x14 ./Drivers/HAL/Src/DWTTimer.o
                0x0000000008001474                DWT_Timer_GetCycles
 .text.DWT_Timer_Elapsed_ms
                0x0000000008001488       0x4c ./Drivers/HAL/Src/DWTTimer.o
                0x0000000008001488                DWT_Timer_Elapsed_ms
 .text.HallSensor_Init
                0x00000000080014d4        0xc ./Drivers/HAL/Src/Hall_Sensor.o
                0x00000000080014d4                HallSensor_Init
 .text.HallSensor_ReadWithFilter
                0x00000000080014e0       0x64 ./Drivers/HAL/Src/Hall_Sensor.o
                0x00000000080014e0                HallSensor_ReadWithFilter
 .text.HallSensor_GetCombinedHallState
                0x0000000008001544       0x58 ./Drivers/HAL/Src/Hall_Sensor.o
                0x0000000008001544                HallSensor_GetCombinedHallState
 .text.Throttle_Init
                0x000000000800159c        0xc ./Drivers/HAL/Src/Throttle.o
                0x000000000800159c                Throttle_Init
 .text.Throttle_GetRaw
                0x00000000080015a8       0x28 ./Drivers/HAL/Src/Throttle.o
                0x00000000080015a8                Throttle_GetRaw
 .text.Throttle_Map
                0x00000000080015d0       0x44 ./Drivers/HAL/Src/Throttle.o
                0x00000000080015d0                Throttle_Map
 .text.VoltageSensor_Init
                0x0000000008001614        0xc ./Drivers/HAL/Src/Voltage_sensor.o
                0x0000000008001614                VoltageSensor_Init
 .text.VoltageSensor_Read
                0x0000000008001620       0x58 ./Drivers/HAL/Src/Voltage_sensor.o
                0x0000000008001620                VoltageSensor_Read
 .text.HAL_Init
                0x0000000008001678       0x2c ./Drivers/STM32F1xx_HAL_Driver/Src/stm32f1xx_hal.o
                0x0000000008001678                HAL_Init
 .text.HAL_InitTick
                0x00000000080016a4       0x60 ./Drivers/STM32F1xx_HAL_Driver/Src/stm32f1xx_hal.o
                0x00000000080016a4                HAL_InitTick
 .text.HAL_IncTick
                0x0000000008001704       0x24 ./Drivers/STM32F1xx_HAL_Driver/Src/stm32f1xx_hal.o
                0x0000000008001704                HAL_IncTick
 .text.HAL_GetTick
                0x0000000008001728       0x14 ./Drivers/STM32F1xx_HAL_Driver/Src/stm32f1xx_hal.o
                0x0000000008001728                HAL_GetTick
 .text.HAL_ADC_Init
                0x000000000800173c      0x1b0 ./Drivers/STM32F1xx_HAL_Driver/Src/stm32f1xx_hal_adc.o
                0x000000000800173c                HAL_ADC_Init
 .text.HAL_ADC_Start_DMA
                0x00000000080018ec      0x1bc ./Drivers/STM32F1xx_HAL_Driver/Src/stm32f1xx_hal_adc.o
                0x00000000080018ec                HAL_ADC_Start_DMA
 .text.HAL_ADC_IRQHandler
                0x0000000008001aa8      0x17e ./Drivers/STM32F1xx_HAL_Driver/Src/stm32f1xx_hal_adc.o
                0x0000000008001aa8                HAL_ADC_IRQHandler
 .text.HAL_ADC_ConvHalfCpltCallback
                0x0000000008001c26       0x12 ./Drivers/STM32F1xx_HAL_Driver/Src/stm32f1xx_hal_adc.o
                0x0000000008001c26                HAL_ADC_ConvHalfCpltCallback
 .text.HAL_ADC_LevelOutOfWindowCallback
                0x0000000008001c38       0x12 ./Drivers/STM32F1xx_HAL_Driver/Src/stm32f1xx_hal_adc.o
                0x0000000008001c38                HAL_ADC_LevelOutOfWindowCallback
 .text.HAL_ADC_ErrorCallback
                0x0000000008001c4a       0x12 ./Drivers/STM32F1xx_HAL_Driver/Src/stm32f1xx_hal_adc.o
                0x0000000008001c4a                HAL_ADC_ErrorCallback
 .text.HAL_ADC_ConfigChannel
                0x0000000008001c5c      0x1f0 ./Drivers/STM32F1xx_HAL_Driver/Src/stm32f1xx_hal_adc.o
                0x0000000008001c5c                HAL_ADC_ConfigChannel
 .text.ADC_Enable
                0x0000000008001e4c       0xb4 ./Drivers/STM32F1xx_HAL_Driver/Src/stm32f1xx_hal_adc.o
                0x0000000008001e4c                ADC_Enable
 .text.ADC_ConversionStop_Disable
                0x0000000008001f00       0x82 ./Drivers/STM32F1xx_HAL_Driver/Src/stm32f1xx_hal_adc.o
                0x0000000008001f00                ADC_ConversionStop_Disable
 .text.ADC_DMAConvCplt
                0x0000000008001f82       0x7c ./Drivers/STM32F1xx_HAL_Driver/Src/stm32f1xx_hal_adc.o
                0x0000000008001f82                ADC_DMAConvCplt
 .text.ADC_DMAHalfConvCplt
                0x0000000008001ffe       0x1c ./Drivers/STM32F1xx_HAL_Driver/Src/stm32f1xx_hal_adc.o
                0x0000000008001ffe                ADC_DMAHalfConvCplt
 .text.ADC_DMAError
                0x000000000800201a       0x34 ./Drivers/STM32F1xx_HAL_Driver/Src/stm32f1xx_hal_adc.o
                0x000000000800201a                ADC_DMAError
 .text.HAL_ADCEx_InjectedConvCpltCallback
                0x000000000800204e       0x12 ./Drivers/STM32F1xx_HAL_Driver/Src/stm32f1xx_hal_adc_ex.o
                0x000000000800204e                HAL_ADCEx_InjectedConvCpltCallback
 .text.__NVIC_SetPriorityGrouping
                0x0000000008002060       0x48 ./Drivers/STM32F1xx_HAL_Driver/Src/stm32f1xx_hal_cortex.o
 .text.__NVIC_GetPriorityGrouping
                0x00000000080020a8       0x1c ./Drivers/STM32F1xx_HAL_Driver/Src/stm32f1xx_hal_cortex.o
 .text.__NVIC_EnableIRQ
                0x00000000080020c4       0x38 ./Drivers/STM32F1xx_HAL_Driver/Src/stm32f1xx_hal_cortex.o
 .text.__NVIC_SetPriority
                0x00000000080020fc       0x54 ./Drivers/STM32F1xx_HAL_Driver/Src/stm32f1xx_hal_cortex.o
 .text.NVIC_EncodePriority
                0x0000000008002150       0x64 ./Drivers/STM32F1xx_HAL_Driver/Src/stm32f1xx_hal_cortex.o
 .text.SysTick_Config
                0x00000000080021b4       0x44 ./Drivers/STM32F1xx_HAL_Driver/Src/stm32f1xx_hal_cortex.o
 .text.HAL_NVIC_SetPriorityGrouping
                0x00000000080021f8       0x16 ./Drivers/STM32F1xx_HAL_Driver/Src/stm32f1xx_hal_cortex.o
                0x00000000080021f8                HAL_NVIC_SetPriorityGrouping
 .text.HAL_NVIC_SetPriority
                0x000000000800220e       0x38 ./Drivers/STM32F1xx_HAL_Driver/Src/stm32f1xx_hal_cortex.o
                0x000000000800220e                HAL_NVIC_SetPriority
 .text.HAL_NVIC_EnableIRQ
                0x0000000008002246       0x1c ./Drivers/STM32F1xx_HAL_Driver/Src/stm32f1xx_hal_cortex.o
                0x0000000008002246                HAL_NVIC_EnableIRQ
 .text.HAL_SYSTICK_Config
                0x0000000008002262       0x18 ./Drivers/STM32F1xx_HAL_Driver/Src/stm32f1xx_hal_cortex.o
                0x0000000008002262                HAL_SYSTICK_Config
 *fill*         0x000000000800227a        0x2 
 .text.HAL_DMA_Init
                0x000000000800227c       0xb4 ./Drivers/STM32F1xx_HAL_Driver/Src/stm32f1xx_hal_dma.o
                0x000000000800227c                HAL_DMA_Init
 .text.HAL_DMA_Start_IT
                0x0000000008002330       0xc0 ./Drivers/STM32F1xx_HAL_Driver/Src/stm32f1xx_hal_dma.o
                0x0000000008002330                HAL_DMA_Start_IT
 .text.HAL_DMA_IRQHandler
                0x00000000080023f0      0x20c ./Drivers/STM32F1xx_HAL_Driver/Src/stm32f1xx_hal_dma.o
                0x00000000080023f0                HAL_DMA_IRQHandler
 .text.DMA_SetConfig
                0x00000000080025fc       0x5a ./Drivers/STM32F1xx_HAL_Driver/Src/stm32f1xx_hal_dma.o
 *fill*         0x0000000008002656        0x2 
 .text.HAL_GPIO_Init
                0x0000000008002658      0x308 ./Drivers/STM32F1xx_HAL_Driver/Src/stm32f1xx_hal_gpio.o
                0x0000000008002658                HAL_GPIO_Init
 .text.HAL_GPIO_ReadPin
                0x0000000008002960       0x2e ./Drivers/STM32F1xx_HAL_Driver/Src/stm32f1xx_hal_gpio.o
                0x0000000008002960                HAL_GPIO_ReadPin
 *fill*         0x000000000800298e        0x2 
 .text.HAL_RCC_OscConfig
                0x0000000008002990      0x504 ./Drivers/STM32F1xx_HAL_Driver/Src/stm32f1xx_hal_rcc.o
                0x0000000008002990                HAL_RCC_OscConfig
 .text.HAL_RCC_ClockConfig
                0x0000000008002e94      0x1d4 ./Drivers/STM32F1xx_HAL_Driver/Src/stm32f1xx_hal_rcc.o
                0x0000000008002e94                HAL_RCC_ClockConfig
 .text.HAL_RCC_GetSysClockFreq
                0x0000000008003068       0xa8 ./Drivers/STM32F1xx_HAL_Driver/Src/stm32f1xx_hal_rcc.o
                0x0000000008003068                HAL_RCC_GetSysClockFreq
 .text.RCC_Delay
                0x0000000008003110       0x3c ./Drivers/STM32F1xx_HAL_Driver/Src/stm32f1xx_hal_rcc.o
 .text.HAL_RCCEx_PeriphCLKConfig
                0x000000000800314c      0x16c ./Drivers/STM32F1xx_HAL_Driver/Src/stm32f1xx_hal_rcc_ex.o
                0x000000000800314c                HAL_RCCEx_PeriphCLKConfig
 .text.HAL_TIM_Base_Init
                0x00000000080032b8       0x9e ./Drivers/STM32F1xx_HAL_Driver/Src/stm32f1xx_hal_tim.o
                0x00000000080032b8                HAL_TIM_Base_Init
 *fill*         0x0000000008003356        0x2 
 .text.HAL_TIM_Base_Start
                0x0000000008003358       0x94 ./Drivers/STM32F1xx_HAL_Driver/Src/stm32f1xx_hal_tim.o
                0x0000000008003358                HAL_TIM_Base_Start
 .text.HAL_TIM_PWM_Init
                0x00000000080033ec       0x9e ./Drivers/STM32F1xx_HAL_Driver/Src/stm32f1xx_hal_tim.o
                0x00000000080033ec                HAL_TIM_PWM_Init
 *fill*         0x000000000800348a        0x2 
 .text.HAL_TIM_PWM_Start
                0x000000000800348c      0x144 ./Drivers/STM32F1xx_HAL_Driver/Src/stm32f1xx_hal_tim.o
                0x000000000800348c                HAL_TIM_PWM_Start
 .text.HAL_TIM_PWM_ConfigChannel
                0x00000000080035d0      0x184 ./Drivers/STM32F1xx_HAL_Driver/Src/stm32f1xx_hal_tim.o
                0x00000000080035d0                HAL_TIM_PWM_ConfigChannel
 .text.HAL_TIM_ConfigClockSource
                0x0000000008003754      0x18e ./Drivers/STM32F1xx_HAL_Driver/Src/stm32f1xx_hal_tim.o
                0x0000000008003754                HAL_TIM_ConfigClockSource
 *fill*         0x00000000080038e2        0x2 
 .text.TIM_Base_SetConfig
                0x00000000080038e4       0xdc ./Drivers/STM32F1xx_HAL_Driver/Src/stm32f1xx_hal_tim.o
                0x00000000080038e4                TIM_Base_SetConfig
 .text.TIM_OC1_SetConfig
                0x00000000080039c0       0xcc ./Drivers/STM32F1xx_HAL_Driver/Src/stm32f1xx_hal_tim.o
 .text.TIM_OC2_SetConfig
                0x0000000008003a8c       0xd4 ./Drivers/STM32F1xx_HAL_Driver/Src/stm32f1xx_hal_tim.o
                0x0000000008003a8c                TIM_OC2_SetConfig
 .text.TIM_OC3_SetConfig
                0x0000000008003b60       0xd4 ./Drivers/STM32F1xx_HAL_Driver/Src/stm32f1xx_hal_tim.o
 .text.TIM_OC4_SetConfig
                0x0000000008003c34       0x9c ./Drivers/STM32F1xx_HAL_Driver/Src/stm32f1xx_hal_tim.o
 .text.TIM_TI1_ConfigInputStage
                0x0000000008003cd0       0x5c ./Drivers/STM32F1xx_HAL_Driver/Src/stm32f1xx_hal_tim.o
 .text.TIM_TI2_ConfigInputStage
                0x0000000008003d2c       0x5e ./Drivers/STM32F1xx_HAL_Driver/Src/stm32f1xx_hal_tim.o
 .text.TIM_ITRx_SetConfig
                0x0000000008003d8a       0x34 ./Drivers/STM32F1xx_HAL_Driver/Src/stm32f1xx_hal_tim.o
 .text.TIM_ETR_SetConfig
                0x0000000008003dbe       0x3e ./Drivers/STM32F1xx_HAL_Driver/Src/stm32f1xx_hal_tim.o
                0x0000000008003dbe                TIM_ETR_SetConfig
 .text.TIM_CCxChannelCmd
                0x0000000008003dfc       0x48 ./Drivers/STM32F1xx_HAL_Driver/Src/stm32f1xx_hal_tim.o
                0x0000000008003dfc                TIM_CCxChannelCmd
 .text.HAL_TIMEx_MasterConfigSynchronization
                0x0000000008003e44       0xbc ./Drivers/STM32F1xx_HAL_Driver/Src/stm32f1xx_hal_tim_ex.o
                0x0000000008003e44                HAL_TIMEx_MasterConfigSynchronization
 .text.HAL_TIMEx_ConfigBreakDeadTime
                0x0000000008003f00       0xa2 ./Drivers/STM32F1xx_HAL_Driver/Src/stm32f1xx_hal_tim_ex.o
                0x0000000008003f00                HAL_TIMEx_ConfigBreakDeadTime
 *fill*         0x0000000008003fa2        0x2 
 .text.DelayUs_init
                0x0000000008003fa4       0x24 ./Drivers/Service/Src/Delay.o
                0x0000000008003fa4                DelayUs_init
 .text.DelayUs  0x0000000008003fc8       0x34 ./Drivers/Service/Src/Delay.o
                0x0000000008003fc8                DelayUs
 .text.SoftThrottle_Init
                0x0000000008003ffc       0x24 ./Drivers/Service/Src/SoftThrottle.o
                0x0000000008003ffc                SoftThrottle_Init
 .text.SoftThrottle_Update
                0x0000000008004020       0xa0 ./Drivers/Service/Src/SoftThrottle.o
                0x0000000008004020                SoftThrottle_Update
 .text.SoftThrottle_GetOutput
                0x00000000080040c0       0x18 ./Drivers/Service/Src/SoftThrottle.o
                0x00000000080040c0                SoftThrottle_GetOutput
 .text.Speed_Init
                0x00000000080040d8       0x44 ./Drivers/Service/Src/SpeedDWT.o
                0x00000000080040d8                Speed_Init
 .text.Speed_CaptureDiff
                0x000000000800411c       0x50 ./Drivers/Service/Src/SpeedDWT.o
                0x000000000800411c                Speed_CaptureDiff
 .text.Speed_Process
                0x000000000800416c       0xc0 ./Drivers/Service/Src/SpeedDWT.o
                0x000000000800416c                Speed_Process
 .text.memset   0x000000000800422c       0x10 E:/STM32CubeIDE_1.14.1/STM32CubeIDE/plugins/com.st.stm32cube.ide.mcu.externaltools.gnu-tools-for-stm32.11.3.rel1.win32_1.1.100.202309141235/tools/bin/../lib/gcc/arm-none-eabi/11.3.1/../../../../arm-none-eabi/lib/thumb/v7-m/nofp\libc_nano.a(libc_a-memset.o)
                0x000000000800422c                memset
 .text.__libc_init_array
                0x000000000800423c       0x48 E:/STM32CubeIDE_1.14.1/STM32CubeIDE/plugins/com.st.stm32cube.ide.mcu.externaltools.gnu-tools-for-stm32.11.3.rel1.win32_1.1.100.202309141235/tools/bin/../lib/gcc/arm-none-eabi/11.3.1/../../../../arm-none-eabi/lib/thumb/v7-m/nofp\libc_nano.a(libc_a-init.o)
                0x000000000800423c                __libc_init_array
 *(.glue_7)
 .glue_7        0x0000000008004284        0x0 linker stubs
 *(.glue_7t)
 .glue_7t       0x0000000008004284        0x0 linker stubs
 *(.eh_frame)
 .eh_frame      0x0000000008004284        0x0 E:/STM32CubeIDE_1.14.1/STM32CubeIDE/plugins/com.st.stm32cube.ide.mcu.externaltools.gnu-tools-for-stm32.11.3.rel1.win32_1.1.100.202309141235/tools/bin/../lib/gcc/arm-none-eabi/11.3.1/thumb/v7-m/nofp/crtbegin.o
 *(.init)
 .init          0x0000000008004284        0x4 E:/STM32CubeIDE_1.14.1/STM32CubeIDE/plugins/com.st.stm32cube.ide.mcu.externaltools.gnu-tools-for-stm32.11.3.rel1.win32_1.1.100.202309141235/tools/bin/../lib/gcc/arm-none-eabi/11.3.1/thumb/v7-m/nofp/crti.o
                0x0000000008004284                _init
 .init          0x0000000008004288        0x8 E:/STM32CubeIDE_1.14.1/STM32CubeIDE/plugins/com.st.stm32cube.ide.mcu.externaltools.gnu-tools-for-stm32.11.3.rel1.win32_1.1.100.202309141235/tools/bin/../lib/gcc/arm-none-eabi/11.3.1/thumb/v7-m/nofp/crtn.o
 *(.fini)
 .fini          0x0000000008004290        0x4 E:/STM32CubeIDE_1.14.1/STM32CubeIDE/plugins/com.st.stm32cube.ide.mcu.externaltools.gnu-tools-for-stm32.11.3.rel1.win32_1.1.100.202309141235/tools/bin/../lib/gcc/arm-none-eabi/11.3.1/thumb/v7-m/nofp/crti.o
                0x0000000008004290                _fini
 .fini          0x0000000008004294        0x8 E:/STM32CubeIDE_1.14.1/STM32CubeIDE/plugins/com.st.stm32cube.ide.mcu.externaltools.gnu-tools-for-stm32.11.3.rel1.win32_1.1.100.202309141235/tools/bin/../lib/gcc/arm-none-eabi/11.3.1/thumb/v7-m/nofp/crtn.o
                0x000000000800429c                . = ALIGN (0x4)
                0x000000000800429c                _etext = .

.vfp11_veneer   0x000000000800429c        0x0
 .vfp11_veneer  0x000000000800429c        0x0 linker stubs

.v4_bx          0x000000000800429c        0x0
 .v4_bx         0x000000000800429c        0x0 linker stubs

.iplt           0x000000000800429c        0x0
 .iplt          0x000000000800429c        0x0 E:/STM32CubeIDE_1.14.1/STM32CubeIDE/plugins/com.st.stm32cube.ide.mcu.externaltools.gnu-tools-for-stm32.11.3.rel1.win32_1.1.100.202309141235/tools/bin/../lib/gcc/arm-none-eabi/11.3.1/thumb/v7-m/nofp/crtbegin.o

.rodata         0x000000000800429c       0x24
                0x000000000800429c                . = ALIGN (0x4)
 *(.rodata)
 *(.rodata*)
 .rodata.AHBPrescTable
                0x000000000800429c       0x10 ./Core/Src/system_stm32f1xx.o
                0x000000000800429c                AHBPrescTable
 .rodata.aPLLMULFactorTable.1
                0x00000000080042ac       0x10 ./Drivers/STM32F1xx_HAL_Driver/Src/stm32f1xx_hal_rcc.o
 .rodata.aPredivFactorTable.0
                0x00000000080042bc        0x2 ./Drivers/STM32F1xx_HAL_Driver/Src/stm32f1xx_hal_rcc.o
                0x00000000080042c0                . = ALIGN (0x4)
 *fill*         0x00000000080042be        0x2 

.rel.dyn        0x00000000080042c0        0x0
 .rel.iplt      0x00000000080042c0        0x0 E:/STM32CubeIDE_1.14.1/STM32CubeIDE/plugins/com.st.stm32cube.ide.mcu.externaltools.gnu-tools-for-stm32.11.3.rel1.win32_1.1.100.202309141235/tools/bin/../lib/gcc/arm-none-eabi/11.3.1/thumb/v7-m/nofp/crtbegin.o

.ARM.extab      0x00000000080042c0        0x0
                0x00000000080042c0                . = ALIGN (0x4)
 *(.ARM.extab* .gnu.linkonce.armextab.*)
                0x00000000080042c0                . = ALIGN (0x4)

.ARM            0x00000000080042c0        0x0
                0x00000000080042c0                . = ALIGN (0x4)
                0x00000000080042c0                __exidx_start = .
 *(.ARM.exidx*)
                0x00000000080042c0                __exidx_end = .
                0x00000000080042c0                . = ALIGN (0x4)

.preinit_array  0x00000000080042c0        0x0
                0x00000000080042c0                . = ALIGN (0x4)
                0x00000000080042c0                PROVIDE (__preinit_array_start = .)
 *(.preinit_array*)
                0x00000000080042c0                PROVIDE (__preinit_array_end = .)
                0x00000000080042c0                . = ALIGN (0x4)

.init_array     0x00000000080042c0        0x4
                0x00000000080042c0                . = ALIGN (0x4)
                0x00000000080042c0                PROVIDE (__init_array_start = .)
 *(SORT_BY_NAME(.init_array.*))
 *(.init_array*)
 .init_array    0x00000000080042c0        0x4 E:/STM32CubeIDE_1.14.1/STM32CubeIDE/plugins/com.st.stm32cube.ide.mcu.externaltools.gnu-tools-for-stm32.11.3.rel1.win32_1.1.100.202309141235/tools/bin/../lib/gcc/arm-none-eabi/11.3.1/thumb/v7-m/nofp/crtbegin.o
                0x00000000080042c4                PROVIDE (__init_array_end = .)
                0x00000000080042c4                . = ALIGN (0x4)

.fini_array     0x00000000080042c4        0x4
                0x00000000080042c4                . = ALIGN (0x4)
                [!provide]                        PROVIDE (__fini_array_start = .)
 *(SORT_BY_NAME(.fini_array.*))
 *(.fini_array*)
 .fini_array    0x00000000080042c4        0x4 E:/STM32CubeIDE_1.14.1/STM32CubeIDE/plugins/com.st.stm32cube.ide.mcu.externaltools.gnu-tools-for-stm32.11.3.rel1.win32_1.1.100.202309141235/tools/bin/../lib/gcc/arm-none-eabi/11.3.1/thumb/v7-m/nofp/crtbegin.o
                [!provide]                        PROVIDE (__fini_array_end = .)
                0x00000000080042c8                . = ALIGN (0x4)
                0x00000000080042c8                _sidata = LOADADDR (.data)

.data           0x0000000020000000       0x24 load address 0x00000000080042c8
                0x0000000020000000                . = ALIGN (0x4)
                0x0000000020000000                _sdata = .
 *(.data)
 *(.data*)
 .data.SystemCoreClock
                0x0000000020000000        0x4 ./Core/Src/system_stm32f1xx.o
                0x0000000020000000                SystemCoreClock
 .data.hallA    0x0000000020000004        0x8 ./Drivers/HAL/Src/Hall_Sensor.o
                0x0000000020000004                hallA
 .data.hallB    0x000000002000000c        0x8 ./Drivers/HAL/Src/Hall_Sensor.o
                0x000000002000000c                hallB
 .data.hallC    0x0000000020000014        0x8 ./Drivers/HAL/Src/Hall_Sensor.o
                0x0000000020000014                hallC
 .data.uwTickPrio
                0x000000002000001c        0x4 ./Drivers/STM32F1xx_HAL_Driver/Src/stm32f1xx_hal.o
                0x000000002000001c                uwTickPrio
 .data.uwTickFreq
                0x0000000020000020        0x1 ./Drivers/STM32F1xx_HAL_Driver/Src/stm32f1xx_hal.o
                0x0000000020000020                uwTickFreq
 .data.stopped  0x0000000020000021        0x1 ./Drivers/Service/Src/SpeedDWT.o
 *(.RamFunc)
 *(.RamFunc*)
                0x0000000020000024                . = ALIGN (0x4)
 *fill*         0x0000000020000022        0x2 
                0x0000000020000024                _edata = .

.igot.plt       0x0000000020000024        0x0 load address 0x00000000080042ec
 .igot.plt      0x0000000020000024        0x0 E:/STM32CubeIDE_1.14.1/STM32CubeIDE/plugins/com.st.stm32cube.ide.mcu.externaltools.gnu-tools-for-stm32.11.3.rel1.win32_1.1.100.202309141235/tools/bin/../lib/gcc/arm-none-eabi/11.3.1/thumb/v7-m/nofp/crtbegin.o
                0x0000000020000024                . = ALIGN (0x4)

.bss            0x0000000020000024      0x1e8 load address 0x00000000080042ec
                0x0000000020000024                _sbss = .
                0x0000000020000024                __bss_start__ = _sbss
 *(.bss)
 .bss           0x0000000020000024       0x1c E:/STM32CubeIDE_1.14.1/STM32CubeIDE/plugins/com.st.stm32cube.ide.mcu.externaltools.gnu-tools-for-stm32.11.3.rel1.win32_1.1.100.202309141235/tools/bin/../lib/gcc/arm-none-eabi/11.3.1/thumb/v7-m/nofp/crtbegin.o
 *(.bss*)
 .bss.hadc1     0x0000000020000040       0x30 ./Core/Src/main.o
                0x0000000020000040                hadc1
 .bss.hdma_adc1
                0x0000000020000070       0x44 ./Core/Src/main.o
                0x0000000020000070                hdma_adc1
 .bss.htim1     0x00000000200000b4       0x48 ./Core/Src/main.o
                0x00000000200000b4                htim1
 .bss.htim2     0x00000000200000fc       0x48 ./Core/Src/main.o
                0x00000000200000fc                htim2
 .bss.htim3     0x0000000020000144       0x48 ./Core/Src/main.o
                0x0000000020000144                htim3
 .bss.htim4     0x000000002000018c       0x48 ./Core/Src/main.o
                0x000000002000018c                htim4
 .bss.step      0x00000000200001d4        0x1 ./Drivers/Application/src/BLDC.o
                0x00000000200001d4                step
 *fill*         0x00000000200001d5        0x3 
 .bss.CurrentSensor_bC
                0x00000000200001d8        0x4 ./Drivers/HAL/Src/ACS758-050B.o
                0x00000000200001d8                CurrentSensor_bC
 .bss.DMA_ADC_Buffer
                0x00000000200001dc        0x6 ./Drivers/HAL/Src/DMA_ADC.o
                0x00000000200001dc                DMA_ADC_Buffer
 .bss.HallSensor_Combined
                0x00000000200001e2        0x1 ./Drivers/HAL/Src/Hall_Sensor.o
                0x00000000200001e2                HallSensor_Combined
 *fill*         0x00000000200001e3        0x1 
 .bss.throttle  0x00000000200001e4        0x6 ./Drivers/HAL/Src/Throttle.o
                0x00000000200001e4                throttle
 *fill*         0x00000000200001ea        0x2 
 .bss.VoltageSensor_bV
                0x00000000200001ec        0x4 ./Drivers/HAL/Src/Voltage_sensor.o
                0x00000000200001ec                VoltageSensor_bV
 .bss.uwTick    0x00000000200001f0        0x4 ./Drivers/STM32F1xx_HAL_Driver/Src/stm32f1xx_hal.o
                0x00000000200001f0                uwTick
 .bss.htim_delay
                0x00000000200001f4        0x4 ./Drivers/Service/Src/Delay.o
 .bss.last_update_cyc
                0x00000000200001f8        0x4 ./Drivers/Service/Src/SoftThrottle.o
 .bss.last_time
                0x00000000200001fc        0x4 ./Drivers/Service/Src/SpeedDWT.o
 .bss.last_diff
                0x0000000020000200        0x4 ./Drivers/Service/Src/SpeedDWT.o
 .bss.rpm_filtered
                0x0000000020000204        0x4 ./Drivers/Service/Src/SpeedDWT.o
 .bss.last_update_tick
                0x0000000020000208        0x4 ./Drivers/Service/Src/SpeedDWT.o
 *(COMMON)
                0x000000002000020c                . = ALIGN (0x4)
                0x000000002000020c                _ebss = .
                0x000000002000020c                __bss_end__ = _ebss

._user_heap_stack
                0x000000002000020c      0x604 load address 0x00000000080042ec
                0x0000000020000210                . = ALIGN (0x8)
 *fill*         0x000000002000020c        0x4 
                [!provide]                        PROVIDE (end = .)
                0x0000000020000210                PROVIDE (_end = .)
                0x0000000020000410                . = (. + _Min_Heap_Size)
 *fill*         0x0000000020000210      0x200 
                0x0000000020000810                . = (. + _Min_Stack_Size)
 *fill*         0x0000000020000410      0x400 
                0x0000000020000810                . = ALIGN (0x8)

/DISCARD/
 libc.a(*)
 libm.a(*)
 libgcc.a(*)

.ARM.attributes
                0x0000000000000000       0x29
 *(.ARM.attributes)
 .ARM.attributes
                0x0000000000000000       0x1d E:/STM32CubeIDE_1.14.1/STM32CubeIDE/plugins/com.st.stm32cube.ide.mcu.externaltools.gnu-tools-for-stm32.11.3.rel1.win32_1.1.100.202309141235/tools/bin/../lib/gcc/arm-none-eabi/11.3.1/thumb/v7-m/nofp/crti.o
 .ARM.attributes
                0x000000000000001d       0x2d E:/STM32CubeIDE_1.14.1/STM32CubeIDE/plugins/com.st.stm32cube.ide.mcu.externaltools.gnu-tools-for-stm32.11.3.rel1.win32_1.1.100.202309141235/tools/bin/../lib/gcc/arm-none-eabi/11.3.1/thumb/v7-m/nofp/crtbegin.o
 .ARM.attributes
                0x000000000000004a       0x2d ./Core/Src/main.o
 .ARM.attributes
                0x0000000000000077       0x2d ./Core/Src/stm32f1xx_hal_msp.o
 .ARM.attributes
                0x00000000000000a4       0x2d ./Core/Src/stm32f1xx_it.o
 .ARM.attributes
                0x00000000000000d1       0x2d ./Core/Src/system_stm32f1xx.o
 .ARM.attributes
                0x00000000000000fe       0x21 ./Core/Startup/startup_stm32f103c8tx.o
 .ARM.attributes
                0x000000000000011f       0x2d ./Drivers/Application/src/BLDC.o
 .ARM.attributes
                0x000000000000014c       0x2d ./Drivers/HAL/Src/ACS758-050B.o
 .ARM.attributes
                0x0000000000000179       0x2d ./Drivers/HAL/Src/DMA_ADC.o
 .ARM.attributes
                0x00000000000001a6       0x2d ./Drivers/HAL/Src/DWTTimer.o
 .ARM.attributes
                0x00000000000001d3       0x2d ./Drivers/HAL/Src/Hall_Sensor.o
 .ARM.attributes
                0x0000000000000200       0x2d ./Drivers/HAL/Src/Throttle.o
 .ARM.attributes
                0x000000000000022d       0x2d ./Drivers/HAL/Src/Voltage_sensor.o
 .ARM.attributes
                0x000000000000025a       0x2d ./Drivers/STM32F1xx_HAL_Driver/Src/stm32f1xx_hal.o
 .ARM.attributes
                0x0000000000000287       0x2d ./Drivers/STM32F1xx_HAL_Driver/Src/stm32f1xx_hal_adc.o
 .ARM.attributes
                0x00000000000002b4       0x2d ./Drivers/STM32F1xx_HAL_Driver/Src/stm32f1xx_hal_adc_ex.o
 .ARM.attributes
                0x00000000000002e1       0x2d ./Drivers/STM32F1xx_HAL_Driver/Src/stm32f1xx_hal_cortex.o
 .ARM.attributes
                0x000000000000030e       0x2d ./Drivers/STM32F1xx_HAL_Driver/Src/stm32f1xx_hal_dma.o
 .ARM.attributes
                0x000000000000033b       0x2d ./Drivers/STM32F1xx_HAL_Driver/Src/stm32f1xx_hal_gpio.o
 .ARM.attributes
                0x0000000000000368       0x2d ./Drivers/STM32F1xx_HAL_Driver/Src/stm32f1xx_hal_rcc.o
 .ARM.attributes
                0x0000000000000395       0x2d ./Drivers/STM32F1xx_HAL_Driver/Src/stm32f1xx_hal_rcc_ex.o
 .ARM.attributes
                0x00000000000003c2       0x2d ./Drivers/STM32F1xx_HAL_Driver/Src/stm32f1xx_hal_tim.o
 .ARM.attributes
                0x00000000000003ef       0x2d ./Drivers/STM32F1xx_HAL_Driver/Src/stm32f1xx_hal_tim_ex.o
 .ARM.attributes
                0x000000000000041c       0x2d ./Drivers/Service/Src/Delay.o
 .ARM.attributes
                0x0000000000000449       0x2d ./Drivers/Service/Src/SoftThrottle.o
 .ARM.attributes
                0x0000000000000476       0x2d ./Drivers/Service/Src/SpeedDWT.o
 .ARM.attributes
                0x00000000000004a3       0x2d E:/STM32CubeIDE_1.14.1/STM32CubeIDE/plugins/com.st.stm32cube.ide.mcu.externaltools.gnu-tools-for-stm32.11.3.rel1.win32_1.1.100.202309141235/tools/bin/../lib/gcc/arm-none-eabi/11.3.1/../../../../arm-none-eabi/lib/thumb/v7-m/nofp\libc_nano.a(libc_a-memset.o)
 .ARM.attributes
                0x00000000000004d0       0x2d E:/STM32CubeIDE_1.14.1/STM32CubeIDE/plugins/com.st.stm32cube.ide.mcu.externaltools.gnu-tools-for-stm32.11.3.rel1.win32_1.1.100.202309141235/tools/bin/../lib/gcc/arm-none-eabi/11.3.1/../../../../arm-none-eabi/lib/thumb/v7-m/nofp\libc_nano.a(libc_a-init.o)
 .ARM.attributes
                0x00000000000004fd       0x1d E:/STM32CubeIDE_1.14.1/STM32CubeIDE/plugins/com.st.stm32cube.ide.mcu.externaltools.gnu-tools-for-stm32.11.3.rel1.win32_1.1.100.202309141235/tools/bin/../lib/gcc/arm-none-eabi/11.3.1/thumb/v7-m/nofp\libgcc.a(_arm_addsubsf3.o)
 .ARM.attributes
                0x000000000000051a       0x1d E:/STM32CubeIDE_1.14.1/STM32CubeIDE/plugins/com.st.stm32cube.ide.mcu.externaltools.gnu-tools-for-stm32.11.3.rel1.win32_1.1.100.202309141235/tools/bin/../lib/gcc/arm-none-eabi/11.3.1/thumb/v7-m/nofp\libgcc.a(_arm_muldivsf3.o)
 .ARM.attributes
                0x0000000000000537       0x1d E:/STM32CubeIDE_1.14.1/STM32CubeIDE/plugins/com.st.stm32cube.ide.mcu.externaltools.gnu-tools-for-stm32.11.3.rel1.win32_1.1.100.202309141235/tools/bin/../lib/gcc/arm-none-eabi/11.3.1/thumb/v7-m/nofp\libgcc.a(_arm_cmpsf2.o)
 .ARM.attributes
                0x0000000000000554       0x1d E:/STM32CubeIDE_1.14.1/STM32CubeIDE/plugins/com.st.stm32cube.ide.mcu.externaltools.gnu-tools-for-stm32.11.3.rel1.win32_1.1.100.202309141235/tools/bin/../lib/gcc/arm-none-eabi/11.3.1/thumb/v7-m/nofp/crtn.o
OUTPUT(ADC_test.elf elf32-littlearm)
LOAD linker stubs
LOAD E:/STM32CubeIDE_1.14.1/STM32CubeIDE/plugins/com.st.stm32cube.ide.mcu.externaltools.gnu-tools-for-stm32.11.3.rel1.win32_1.1.100.202309141235/tools/bin/../lib/gcc/arm-none-eabi/11.3.1/../../../../arm-none-eabi/lib/thumb/v7-m/nofp\libc.a
LOAD E:/STM32CubeIDE_1.14.1/STM32CubeIDE/plugins/com.st.stm32cube.ide.mcu.externaltools.gnu-tools-for-stm32.11.3.rel1.win32_1.1.100.202309141235/tools/bin/../lib/gcc/arm-none-eabi/11.3.1/../../../../arm-none-eabi/lib/thumb/v7-m/nofp\libm.a
LOAD E:/STM32CubeIDE_1.14.1/STM32CubeIDE/plugins/com.st.stm32cube.ide.mcu.externaltools.gnu-tools-for-stm32.11.3.rel1.win32_1.1.100.202309141235/tools/bin/../lib/gcc/arm-none-eabi/11.3.1/thumb/v7-m/nofp\libgcc.a

.comment        0x0000000000000000       0x43
 .comment       0x0000000000000000       0x43 E:/STM32CubeIDE_1.14.1/STM32CubeIDE/plugins/com.st.stm32cube.ide.mcu.externaltools.gnu-tools-for-stm32.11.3.rel1.win32_1.1.100.202309141235/tools/bin/../lib/gcc/arm-none-eabi/11.3.1/thumb/v7-m/nofp/crtbegin.o
                                         0x44 (size before relaxing)
 .comment       0x0000000000000043       0x44 ./Core/Src/main.o
 .comment       0x0000000000000043       0x44 ./Core/Src/stm32f1xx_hal_msp.o
 .comment       0x0000000000000043       0x44 ./Core/Src/stm32f1xx_it.o
 .comment       0x0000000000000043       0x44 ./Core/Src/system_stm32f1xx.o
 .comment       0x0000000000000043       0x44 ./Drivers/Application/src/BLDC.o
 .comment       0x0000000000000043       0x44 ./Drivers/HAL/Src/ACS758-050B.o
 .comment       0x0000000000000043       0x44 ./Drivers/HAL/Src/DMA_ADC.o
 .comment       0x0000000000000043       0x44 ./Drivers/HAL/Src/DWTTimer.o
 .comment       0x0000000000000043       0x44 ./Drivers/HAL/Src/Hall_Sensor.o
 .comment       0x0000000000000043       0x44 ./Drivers/HAL/Src/Throttle.o
 .comment       0x0000000000000043       0x44 ./Drivers/HAL/Src/Voltage_sensor.o
 .comment       0x0000000000000043       0x44 ./Drivers/STM32F1xx_HAL_Driver/Src/stm32f1xx_hal.o
 .comment       0x0000000000000043       0x44 ./Drivers/STM32F1xx_HAL_Driver/Src/stm32f1xx_hal_adc.o
 .comment       0x0000000000000043       0x44 ./Drivers/STM32F1xx_HAL_Driver/Src/stm32f1xx_hal_adc_ex.o
 .comment       0x0000000000000043       0x44 ./Drivers/STM32F1xx_HAL_Driver/Src/stm32f1xx_hal_cortex.o
 .comment       0x0000000000000043       0x44 ./Drivers/STM32F1xx_HAL_Driver/Src/stm32f1xx_hal_dma.o
 .comment       0x0000000000000043       0x44 ./Drivers/STM32F1xx_HAL_Driver/Src/stm32f1xx_hal_gpio.o
 .comment       0x0000000000000043       0x44 ./Drivers/STM32F1xx_HAL_Driver/Src/stm32f1xx_hal_rcc.o
 .comment       0x0000000000000043       0x44 ./Drivers/STM32F1xx_HAL_Driver/Src/stm32f1xx_hal_rcc_ex.o
 .comment       0x0000000000000043       0x44 ./Drivers/STM32F1xx_HAL_Driver/Src/stm32f1xx_hal_tim.o
 .comment       0x0000000000000043       0x44 ./Drivers/STM32F1xx_HAL_Driver/Src/stm32f1xx_hal_tim_ex.o
 .comment       0x0000000000000043       0x44 ./Drivers/Service/Src/Delay.o
 .comment       0x0000000000000043       0x44 ./Drivers/Service/Src/SoftThrottle.o
 .comment       0x0000000000000043       0x44 ./Drivers/Service/Src/SpeedDWT.o

.debug_info     0x0000000000000000     0xc78c
 .debug_info    0x0000000000000000     0x134e ./Core/Src/main.o
 .debug_info    0x000000000000134e      0xe86 ./Core/Src/stm32f1xx_hal_msp.o
 .debug_info    0x00000000000021d4      0x5aa ./Core/Src/stm32f1xx_it.o
 .debug_info    0x000000000000277e      0x222 ./Core/Src/system_stm32f1xx.o
 .debug_info    0x00000000000029a0       0x23 ./Core/Startup/startup_stm32f103c8tx.o
 .debug_info    0x00000000000029c3      0x746 ./Drivers/Application/src/BLDC.o
 .debug_info    0x0000000000003109      0x124 ./Drivers/HAL/Src/ACS758-050B.o
 .debug_info    0x000000000000322d      0x5a8 ./Drivers/HAL/Src/DMA_ADC.o
 .debug_info    0x00000000000037d5      0x29d ./Drivers/HAL/Src/DWTTimer.o
 .debug_info    0x0000000000003a72      0x2cb ./Drivers/HAL/Src/Hall_Sensor.o
 .debug_info    0x0000000000003d3d      0x162 ./Drivers/HAL/Src/Throttle.o
 .debug_info    0x0000000000003e9f      0x109 ./Drivers/HAL/Src/Voltage_sensor.o
 .debug_info    0x0000000000003fa8      0x704 ./Drivers/STM32F1xx_HAL_Driver/Src/stm32f1xx_hal.o
 .debug_info    0x00000000000046ac      0xc50 ./Drivers/STM32F1xx_HAL_Driver/Src/stm32f1xx_hal_adc.o
 .debug_info    0x00000000000052fc      0xa10 ./Drivers/STM32F1xx_HAL_Driver/Src/stm32f1xx_hal_adc_ex.o
 .debug_info    0x0000000000005d0c      0xa87 ./Drivers/STM32F1xx_HAL_Driver/Src/stm32f1xx_hal_cortex.o
 .debug_info    0x0000000000006793      0x6d2 ./Drivers/STM32F1xx_HAL_Driver/Src/stm32f1xx_hal_dma.o
 .debug_info    0x0000000000006e65      0x5ab ./Drivers/STM32F1xx_HAL_Driver/Src/stm32f1xx_hal_gpio.o
 .debug_info    0x0000000000007410      0x7d5 ./Drivers/STM32F1xx_HAL_Driver/Src/stm32f1xx_hal_rcc.o
 .debug_info    0x0000000000007be5      0x3c0 ./Drivers/STM32F1xx_HAL_Driver/Src/stm32f1xx_hal_rcc_ex.o
 .debug_info    0x0000000000007fa5     0x2959 ./Drivers/STM32F1xx_HAL_Driver/Src/stm32f1xx_hal_tim.o
 .debug_info    0x000000000000a8fe     0x149b ./Drivers/STM32F1xx_HAL_Driver/Src/stm32f1xx_hal_tim_ex.o
 .debug_info    0x000000000000bd99      0x678 ./Drivers/Service/Src/Delay.o
 .debug_info    0x000000000000c411      0x1bd ./Drivers/Service/Src/SoftThrottle.o
 .debug_info    0x000000000000c5ce      0x1be ./Drivers/Service/Src/SpeedDWT.o

.debug_abbrev   0x0000000000000000     0x2b00
 .debug_abbrev  0x0000000000000000      0x306 ./Core/Src/main.o
 .debug_abbrev  0x0000000000000306      0x274 ./Core/Src/stm32f1xx_hal_msp.o
 .debug_abbrev  0x000000000000057a      0x184 ./Core/Src/stm32f1xx_it.o
 .debug_abbrev  0x00000000000006fe      0x13f ./Core/Src/system_stm32f1xx.o
 .debug_abbrev  0x000000000000083d       0x12 ./Core/Startup/startup_stm32f103c8tx.o
 .debug_abbrev  0x000000000000084f      0x1b7 ./Drivers/Application/src/BLDC.o
 .debug_abbrev  0x0000000000000a06       0xb7 ./Drivers/HAL/Src/ACS758-050B.o
 .debug_abbrev  0x0000000000000abd      0x1a4 ./Drivers/HAL/Src/DMA_ADC.o
 .debug_abbrev  0x0000000000000c61      0x109 ./Drivers/HAL/Src/DWTTimer.o
 .debug_abbrev  0x0000000000000d6a      0x1b1 ./Drivers/HAL/Src/Hall_Sensor.o
 .debug_abbrev  0x0000000000000f1b       0xdf ./Drivers/HAL/Src/Throttle.o
 .debug_abbrev  0x0000000000000ffa       0xb6 ./Drivers/HAL/Src/Voltage_sensor.o
 .debug_abbrev  0x00000000000010b0      0x201 ./Drivers/STM32F1xx_HAL_Driver/Src/stm32f1xx_hal.o
 .debug_abbrev  0x00000000000012b1      0x225 ./Drivers/STM32F1xx_HAL_Driver/Src/stm32f1xx_hal_adc.o
 .debug_abbrev  0x00000000000014d6      0x249 ./Drivers/STM32F1xx_HAL_Driver/Src/stm32f1xx_hal_adc_ex.o
 .debug_abbrev  0x000000000000171f      0x2f8 ./Drivers/STM32F1xx_HAL_Driver/Src/stm32f1xx_hal_cortex.o
 .debug_abbrev  0x0000000000001a17      0x20b ./Drivers/STM32F1xx_HAL_Driver/Src/stm32f1xx_hal_dma.o
 .debug_abbrev  0x0000000000001c22      0x1ca ./Drivers/STM32F1xx_HAL_Driver/Src/stm32f1xx_hal_gpio.o
 .debug_abbrev  0x0000000000001dec      0x2b3 ./Drivers/STM32F1xx_HAL_Driver/Src/stm32f1xx_hal_rcc.o
 .debug_abbrev  0x000000000000209f      0x188 ./Drivers/STM32F1xx_HAL_Driver/Src/stm32f1xx_hal_rcc_ex.o
 .debug_abbrev  0x0000000000002227      0x277 ./Drivers/STM32F1xx_HAL_Driver/Src/stm32f1xx_hal_tim.o
 .debug_abbrev  0x000000000000249e      0x282 ./Drivers/STM32F1xx_HAL_Driver/Src/stm32f1xx_hal_tim_ex.o
 .debug_abbrev  0x0000000000002720      0x18e ./Drivers/Service/Src/Delay.o
 .debug_abbrev  0x00000000000028ae      0x130 ./Drivers/Service/Src/SoftThrottle.o
 .debug_abbrev  0x00000000000029de      0x122 ./Drivers/Service/Src/SpeedDWT.o

.debug_aranges  0x0000000000000000      0xd98
 .debug_aranges
                0x0000000000000000       0x70 ./Core/Src/main.o
 .debug_aranges
                0x0000000000000070       0x58 ./Core/Src/stm32f1xx_hal_msp.o
 .debug_aranges
                0x00000000000000c8       0x70 ./Core/Src/stm32f1xx_it.o
 .debug_aranges
                0x0000000000000138       0x28 ./Core/Src/system_stm32f1xx.o
 .debug_aranges
                0x0000000000000160       0x28 ./Core/Startup/startup_stm32f103c8tx.o
 .debug_aranges
                0x0000000000000188       0x30 ./Drivers/Application/src/BLDC.o
 .debug_aranges
                0x00000000000001b8       0x28 ./Drivers/HAL/Src/ACS758-050B.o
 .debug_aranges
                0x00000000000001e0       0x28 ./Drivers/HAL/Src/DMA_ADC.o
 .debug_aranges
                0x0000000000000208       0x38 ./Drivers/HAL/Src/DWTTimer.o
 .debug_aranges
                0x0000000000000240       0x38 ./Drivers/HAL/Src/Hall_Sensor.o
 .debug_aranges
                0x0000000000000278       0x30 ./Drivers/HAL/Src/Throttle.o
 .debug_aranges
                0x00000000000002a8       0x28 ./Drivers/HAL/Src/Voltage_sensor.o
 .debug_aranges
                0x00000000000002d0       0xe0 ./Drivers/STM32F1xx_HAL_Driver/Src/stm32f1xx_hal.o
 .debug_aranges
                0x00000000000003b0       0xf0 ./Drivers/STM32F1xx_HAL_Driver/Src/stm32f1xx_hal_adc.o
 .debug_aranges
                0x00000000000004a0       0x80 ./Drivers/STM32F1xx_HAL_Driver/Src/stm32f1xx_hal_adc_ex.o
 .debug_aranges
                0x0000000000000520      0x100 ./Drivers/STM32F1xx_HAL_Driver/Src/stm32f1xx_hal_cortex.o
 .debug_aranges
                0x0000000000000620       0x80 ./Drivers/STM32F1xx_HAL_Driver/Src/stm32f1xx_hal_dma.o
 .debug_aranges
                0x00000000000006a0       0x58 ./Drivers/STM32F1xx_HAL_Driver/Src/stm32f1xx_hal_gpio.o
 .debug_aranges
                0x00000000000006f8       0x90 ./Drivers/STM32F1xx_HAL_Driver/Src/stm32f1xx_hal_rcc.o
 .debug_aranges
                0x0000000000000788       0x30 ./Drivers/STM32F1xx_HAL_Driver/Src/stm32f1xx_hal_rcc_ex.o
 .debug_aranges
                0x00000000000007b8      0x3d0 ./Drivers/STM32F1xx_HAL_Driver/Src/stm32f1xx_hal_tim.o
 .debug_aranges
                0x0000000000000b88      0x168 ./Drivers/STM32F1xx_HAL_Driver/Src/stm32f1xx_hal_tim_ex.o
 .debug_aranges
                0x0000000000000cf0       0x28 ./Drivers/Service/Src/Delay.o
 .debug_aranges
                0x0000000000000d18       0x38 ./Drivers/Service/Src/SoftThrottle.o
 .debug_aranges
                0x0000000000000d50       0x48 ./Drivers/Service/Src/SpeedDWT.o

.debug_rnglists
                0x0000000000000000      0xa4b
 .debug_rnglists
                0x0000000000000000       0x56 ./Core/Src/main.o
 .debug_rnglists
                0x0000000000000056       0x40 ./Core/Src/stm32f1xx_hal_msp.o
 .debug_rnglists
                0x0000000000000096       0x4f ./Core/Src/stm32f1xx_it.o
 .debug_rnglists
                0x00000000000000e5       0x1a ./Core/Src/system_stm32f1xx.o
 .debug_rnglists
                0x00000000000000ff       0x19 ./Core/Startup/startup_stm32f103c8tx.o
 .debug_rnglists
                0x0000000000000118       0x20 ./Drivers/Application/src/BLDC.o
 .debug_rnglists
                0x0000000000000138       0x19 ./Drivers/HAL/Src/ACS758-050B.o
 .debug_rnglists
                0x0000000000000151       0x19 ./Drivers/HAL/Src/DMA_ADC.o
 .debug_rnglists
                0x000000000000016a       0x25 ./Drivers/HAL/Src/DWTTimer.o
 .debug_rnglists
                0x000000000000018f       0x25 ./Drivers/HAL/Src/Hall_Sensor.o
 .debug_rnglists
                0x00000000000001b4       0x1f ./Drivers/HAL/Src/Throttle.o
 .debug_rnglists
                0x00000000000001d3       0x19 ./Drivers/HAL/Src/Voltage_sensor.o
 .debug_rnglists
                0x00000000000001ec       0xa3 ./Drivers/STM32F1xx_HAL_Driver/Src/stm32f1xx_hal.o
 .debug_rnglists
                0x000000000000028f       0xbc ./Drivers/STM32F1xx_HAL_Driver/Src/stm32f1xx_hal_adc.o
 .debug_rnglists
                0x000000000000034b       0x65 ./Drivers/STM32F1xx_HAL_Driver/Src/stm32f1xx_hal_adc_ex.o
 .debug_rnglists
                0x00000000000003b0       0xbb ./Drivers/STM32F1xx_HAL_Driver/Src/stm32f1xx_hal_cortex.o
 .debug_rnglists
                0x000000000000046b       0x64 ./Drivers/STM32F1xx_HAL_Driver/Src/stm32f1xx_hal_dma.o
 .debug_rnglists
                0x00000000000004cf       0x3f ./Drivers/STM32F1xx_HAL_Driver/Src/stm32f1xx_hal_gpio.o
 .debug_rnglists
                0x000000000000050e       0x6c ./Drivers/STM32F1xx_HAL_Driver/Src/stm32f1xx_hal_rcc.o
 .debug_rnglists
                0x000000000000057a       0x21 ./Drivers/STM32F1xx_HAL_Driver/Src/stm32f1xx_hal_rcc_ex.o
 .debug_rnglists
                0x000000000000059b      0x31a ./Drivers/STM32F1xx_HAL_Driver/Src/stm32f1xx_hal_tim.o
 .debug_rnglists
                0x00000000000008b5      0x125 ./Drivers/STM32F1xx_HAL_Driver/Src/stm32f1xx_hal_tim_ex.o
 .debug_rnglists
                0x00000000000009da       0x19 ./Drivers/Service/Src/Delay.o
 .debug_rnglists
                0x00000000000009f3       0x26 ./Drivers/Service/Src/SoftThrottle.o
 .debug_rnglists
                0x0000000000000a19       0x32 ./Drivers/Service/Src/SpeedDWT.o

.debug_macro    0x0000000000000000    0x18895
 .debug_macro   0x0000000000000000      0x24d ./Core/Src/main.o
 .debug_macro   0x000000000000024d      0xa9c ./Core/Src/main.o
 .debug_macro   0x0000000000000ce9      0x221 ./Core/Src/main.o
 .debug_macro   0x0000000000000f0a       0x2e ./Core/Src/main.o
 .debug_macro   0x0000000000000f38       0x22 ./Core/Src/main.o
 .debug_macro   0x0000000000000f5a       0x22 ./Core/Src/main.o
 .debug_macro   0x0000000000000f7c       0x8e ./Core/Src/main.o
 .debug_macro   0x000000000000100a       0x51 ./Core/Src/main.o
 .debug_macro   0x000000000000105b      0x103 ./Core/Src/main.o
 .debug_macro   0x000000000000115e       0x6a ./Core/Src/main.o
 .debug_macro   0x00000000000011c8      0x1df ./Core/Src/main.o
 .debug_macro   0x00000000000013a7       0x1c ./Core/Src/main.o
 .debug_macro   0x00000000000013c3       0x22 ./Core/Src/main.o
 .debug_macro   0x00000000000013e5       0xbd ./Core/Src/main.o
 .debug_macro   0x00000000000014a2      0xd23 ./Core/Src/main.o
 .debug_macro   0x00000000000021c5     0xe09e ./Core/Src/main.o
 .debug_macro   0x0000000000010263       0x6d ./Core/Src/main.o
 .debug_macro   0x00000000000102d0     0x34a2 ./Core/Src/main.o
 .debug_macro   0x0000000000013772      0x174 ./Core/Src/main.o
 .debug_macro   0x00000000000138e6       0x5c ./Core/Src/main.o
 .debug_macro   0x0000000000013942      0x5bc ./Core/Src/main.o
 .debug_macro   0x0000000000013efe      0x289 ./Core/Src/main.o
 .debug_macro   0x0000000000014187      0x1cb ./Core/Src/main.o
 .debug_macro   0x0000000000014352      0x114 ./Core/Src/main.o
 .debug_macro   0x0000000000014466      0x1b2 ./Core/Src/main.o
 .debug_macro   0x0000000000014618       0x27 ./Core/Src/main.o
 .debug_macro   0x000000000001463f      0x136 ./Core/Src/main.o
 .debug_macro   0x0000000000014775      0x1bc ./Core/Src/main.o
 .debug_macro   0x0000000000014931       0x34 ./Core/Src/main.o
 .debug_macro   0x0000000000014965       0x3c ./Core/Src/main.o
 .debug_macro   0x00000000000149a1       0x57 ./Core/Src/main.o
 .debug_macro   0x00000000000149f8      0x46a ./Core/Src/main.o
 .debug_macro   0x0000000000014e62      0x1b5 ./Core/Src/main.o
 .debug_macro   0x0000000000015017       0x87 ./Core/Src/main.o
 .debug_macro   0x000000000001509e      0x240 ./Core/Src/main.o
 .debug_macro   0x00000000000152de      0x140 ./Core/Src/main.o
 .debug_macro   0x000000000001541e      0x8ed ./Core/Src/main.o
 .debug_macro   0x0000000000015d0b       0x83 ./Core/Src/main.o
 .debug_macro   0x0000000000015d8e       0x94 ./Core/Src/main.o
 .debug_macro   0x0000000000015e22       0x2e ./Core/Src/main.o
 .debug_macro   0x0000000000015e50       0x10 ./Core/Src/main.o
 .debug_macro   0x0000000000015e60       0x10 ./Core/Src/main.o
 .debug_macro   0x0000000000015e70       0x16 ./Core/Src/main.o
 .debug_macro   0x0000000000015e86       0x22 ./Core/Src/main.o
 .debug_macro   0x0000000000015ea8       0x22 ./Core/Src/main.o
 .debug_macro   0x0000000000015eca       0x1c ./Core/Src/main.o
 .debug_macro   0x0000000000015ee6       0x58 ./Core/Src/main.o
 .debug_macro   0x0000000000015f3e       0x22 ./Core/Src/main.o
 .debug_macro   0x0000000000015f60      0x1bc ./Core/Src/stm32f1xx_hal_msp.o
 .debug_macro   0x000000000001611c      0x1c6 ./Core/Src/stm32f1xx_it.o
 .debug_macro   0x00000000000162e2      0x1ad ./Core/Src/system_stm32f1xx.o
 .debug_macro   0x000000000001648f      0x209 ./Drivers/Application/src/BLDC.o
 .debug_macro   0x0000000000016698       0x10 ./Drivers/Application/src/BLDC.o
 .debug_macro   0x00000000000166a8       0x16 ./Drivers/Application/src/BLDC.o
 .debug_macro   0x00000000000166be      0x1c5 ./Drivers/HAL/Src/ACS758-050B.o
 .debug_macro   0x0000000000016883       0x28 ./Drivers/HAL/Src/ACS758-050B.o
 .debug_macro   0x00000000000168ab      0x1bd ./Drivers/HAL/Src/DMA_ADC.o
 .debug_macro   0x0000000000016a68      0x1b7 ./Drivers/HAL/Src/DWTTimer.o
 .debug_macro   0x0000000000016c1f      0x1bd ./Drivers/HAL/Src/Hall_Sensor.o
 .debug_macro   0x0000000000016ddc      0x1c5 ./Drivers/HAL/Src/Throttle.o
 .debug_macro   0x0000000000016fa1      0x1c5 ./Drivers/HAL/Src/Voltage_sensor.o
 .debug_macro   0x0000000000017166       0x1c ./Drivers/HAL/Src/Voltage_sensor.o
 .debug_macro   0x0000000000017182      0x1d1 ./Drivers/STM32F1xx_HAL_Driver/Src/stm32f1xx_hal.o
 .debug_macro   0x0000000000017353      0x1ca ./Drivers/STM32F1xx_HAL_Driver/Src/stm32f1xx_hal_adc.o
 .debug_macro   0x000000000001751d      0x1bf ./Drivers/STM32F1xx_HAL_Driver/Src/stm32f1xx_hal_adc_ex.o
 .debug_macro   0x00000000000176dc      0x1ad ./Drivers/STM32F1xx_HAL_Driver/Src/stm32f1xx_hal_cortex.o
 .debug_macro   0x0000000000017889      0x1ad ./Drivers/STM32F1xx_HAL_Driver/Src/stm32f1xx_hal_dma.o
 .debug_macro   0x0000000000017a36      0x218 ./Drivers/STM32F1xx_HAL_Driver/Src/stm32f1xx_hal_gpio.o
 .debug_macro   0x0000000000017c4e      0x1bf ./Drivers/STM32F1xx_HAL_Driver/Src/stm32f1xx_hal_rcc.o
 .debug_macro   0x0000000000017e0d      0x1ad ./Drivers/STM32F1xx_HAL_Driver/Src/stm32f1xx_hal_rcc_ex.o
 .debug_macro   0x0000000000017fba      0x1ae ./Drivers/STM32F1xx_HAL_Driver/Src/stm32f1xx_hal_tim.o
 .debug_macro   0x0000000000018168      0x1ad ./Drivers/STM32F1xx_HAL_Driver/Src/stm32f1xx_hal_tim_ex.o
 .debug_macro   0x0000000000018315      0x1b7 ./Drivers/Service/Src/Delay.o
 .debug_macro   0x00000000000184cc      0x1de ./Drivers/Service/Src/SoftThrottle.o
 .debug_macro   0x00000000000186aa       0x1c ./Drivers/Service/Src/SoftThrottle.o
 .debug_macro   0x00000000000186c6      0x1cf ./Drivers/Service/Src/SpeedDWT.o

.debug_line     0x0000000000000000    0x12366
 .debug_line    0x0000000000000000      0xbc8 ./Core/Src/main.o
 .debug_line    0x0000000000000bc8      0x89e ./Core/Src/stm32f1xx_hal_msp.o
 .debug_line    0x0000000000001466      0x804 ./Core/Src/stm32f1xx_it.o
 .debug_line    0x0000000000001c6a      0x790 ./Core/Src/system_stm32f1xx.o
 .debug_line    0x00000000000023fa       0x78 ./Core/Startup/startup_stm32f103c8tx.o
 .debug_line    0x0000000000002472      0x8d6 ./Drivers/Application/src/BLDC.o
 .debug_line    0x0000000000002d48      0x78b ./Drivers/HAL/Src/ACS758-050B.o
 .debug_line    0x00000000000034d3      0x763 ./Drivers/HAL/Src/DMA_ADC.o
 .debug_line    0x0000000000003c36      0x7b4 ./Drivers/HAL/Src/DWTTimer.o
 .debug_line    0x00000000000043ea      0x7e2 ./Drivers/HAL/Src/Hall_Sensor.o
 .debug_line    0x0000000000004bcc      0x7a5 ./Drivers/HAL/Src/Throttle.o
 .debug_line    0x0000000000005371      0x78d ./Drivers/HAL/Src/Voltage_sensor.o
 .debug_line    0x0000000000005afe      0x9bd ./Drivers/STM32F1xx_HAL_Driver/Src/stm32f1xx_hal.o
 .debug_line    0x00000000000064bb     0x103a ./Drivers/STM32F1xx_HAL_Driver/Src/stm32f1xx_hal_adc.o
 .debug_line    0x00000000000074f5      0xd74 ./Drivers/STM32F1xx_HAL_Driver/Src/stm32f1xx_hal_adc_ex.o
 .debug_line    0x0000000000008269      0xba5 ./Drivers/STM32F1xx_HAL_Driver/Src/stm32f1xx_hal_cortex.o
 .debug_line    0x0000000000008e0e      0xe16 ./Drivers/STM32F1xx_HAL_Driver/Src/stm32f1xx_hal_dma.o
 .debug_line    0x0000000000009c24      0xa56 ./Drivers/STM32F1xx_HAL_Driver/Src/stm32f1xx_hal_gpio.o
 .debug_line    0x000000000000a67a      0xdc6 ./Drivers/STM32F1xx_HAL_Driver/Src/stm32f1xx_hal_rcc.o
 .debug_line    0x000000000000b440      0x901 ./Drivers/STM32F1xx_HAL_Driver/Src/stm32f1xx_hal_rcc_ex.o
 .debug_line    0x000000000000bd41     0x34c4 ./Drivers/STM32F1xx_HAL_Driver/Src/stm32f1xx_hal_tim.o
 .debug_line    0x000000000000f205     0x190c ./Drivers/STM32F1xx_HAL_Driver/Src/stm32f1xx_hal_tim_ex.o
 .debug_line    0x0000000000010b11      0x77b ./Drivers/Service/Src/Delay.o
 .debug_line    0x000000000001128c      0x85b ./Drivers/Service/Src/SoftThrottle.o
 .debug_line    0x0000000000011ae7      0x87f ./Drivers/Service/Src/SpeedDWT.o

.debug_str      0x0000000000000000    0x8a18d
 .debug_str     0x0000000000000000    0x87510 ./Core/Src/main.o
                                      0x87a00 (size before relaxing)
 .debug_str     0x0000000000087510      0x12a ./Core/Src/stm32f1xx_hal_msp.o
                                      0x870ab (size before relaxing)
 .debug_str     0x000000000008763a      0x108 ./Core/Src/stm32f1xx_it.o
                                      0x869b3 (size before relaxing)
 .debug_str     0x0000000000087742       0x88 ./Core/Src/system_stm32f1xx.o
                                      0x86455 (size before relaxing)
 .debug_str     0x00000000000877ca       0x34 ./Core/Startup/startup_stm32f103c8tx.o
                                         0x66 (size before relaxing)
 .debug_str     0x00000000000877fe       0xd1 ./Drivers/Application/src/BLDC.o
                                      0x86c2d (size before relaxing)
 .debug_str     0x00000000000878cf       0x57 ./Drivers/HAL/Src/ACS758-050B.o
                                      0x864d0 (size before relaxing)
 .debug_str     0x0000000000087926       0x40 ./Drivers/HAL/Src/DMA_ADC.o
                                      0x86764 (size before relaxing)
 .debug_str     0x0000000000087966      0x136 ./Drivers/HAL/Src/DWTTimer.o
                                      0x864fd (size before relaxing)
 .debug_str     0x0000000000087a9c       0xc9 ./Drivers/HAL/Src/Hall_Sensor.o
                                      0x86503 (size before relaxing)
 .debug_str     0x0000000000087b65       0x2e ./Drivers/HAL/Src/Throttle.o
                                      0x8648e (size before relaxing)
 .debug_str     0x0000000000087b93       0x35 ./Drivers/HAL/Src/Voltage_sensor.o
                                      0x86484 (size before relaxing)
 .debug_str     0x0000000000087bc8      0x389 ./Drivers/STM32F1xx_HAL_Driver/Src/stm32f1xx_hal.o
                                      0x86b88 (size before relaxing)
 .debug_str     0x0000000000087f51      0x351 ./Drivers/STM32F1xx_HAL_Driver/Src/stm32f1xx_hal_adc.o
                                      0x86b39 (size before relaxing)
 .debug_str     0x00000000000882a2      0x2d8 ./Drivers/STM32F1xx_HAL_Driver/Src/stm32f1xx_hal_adc_ex.o
                                      0x86b09 (size before relaxing)
 .debug_str     0x000000000008857a      0x28a ./Drivers/STM32F1xx_HAL_Driver/Src/stm32f1xx_hal_cortex.o
                                      0x86ad4 (size before relaxing)
 .debug_str     0x0000000000088804      0x1e7 ./Drivers/STM32F1xx_HAL_Driver/Src/stm32f1xx_hal_dma.o
                                      0x867fe (size before relaxing)
 .debug_str     0x00000000000889eb      0x2e2 ./Drivers/STM32F1xx_HAL_Driver/Src/stm32f1xx_hal_gpio.o
                                      0x867db (size before relaxing)
 .debug_str     0x0000000000088ccd      0x229 ./Drivers/STM32F1xx_HAL_Driver/Src/stm32f1xx_hal_rcc.o
                                      0x86884 (size before relaxing)
 .debug_str     0x0000000000088ef6       0x84 ./Drivers/STM32F1xx_HAL_Driver/Src/stm32f1xx_hal_rcc_ex.o
                                      0x865d4 (size before relaxing)
 .debug_str     0x0000000000088f7a      0xd2a ./Drivers/STM32F1xx_HAL_Driver/Src/stm32f1xx_hal_tim.o
                                      0x87886 (size before relaxing)
 .debug_str     0x0000000000089ca4      0x3e1 ./Drivers/STM32F1xx_HAL_Driver/Src/stm32f1xx_hal_tim_ex.o
                                      0x87092 (size before relaxing)
 .debug_str     0x000000000008a085       0x2a ./Drivers/Service/Src/Delay.o
                                      0x868df (size before relaxing)
 .debug_str     0x000000000008a0af       0x4f ./Drivers/Service/Src/SoftThrottle.o
                                      0x865bc (size before relaxing)
 .debug_str     0x000000000008a0fe       0x8f ./Drivers/Service/Src/SpeedDWT.o
                                      0x86549 (size before relaxing)

.debug_frame    0x0000000000000000     0x3600
 .debug_frame   0x0000000000000000      0x18c ./Core/Src/main.o
 .debug_frame   0x000000000000018c      0x144 ./Core/Src/stm32f1xx_hal_msp.o
 .debug_frame   0x00000000000002d0      0x13c ./Core/Src/stm32f1xx_it.o
 .debug_frame   0x000000000000040c       0x58 ./Core/Src/system_stm32f1xx.o
 .debug_frame   0x0000000000000464       0x64 ./Drivers/Application/src/BLDC.o
 .debug_frame   0x00000000000004c8       0x54 ./Drivers/HAL/Src/ACS758-050B.o
 .debug_frame   0x000000000000051c       0x58 ./Drivers/HAL/Src/DMA_ADC.o
 .debug_frame   0x0000000000000574       0xa0 ./Drivers/HAL/Src/DWTTimer.o
 .debug_frame   0x0000000000000614       0x94 ./Drivers/HAL/Src/Hall_Sensor.o
 .debug_frame   0x00000000000006a8       0x6c ./Drivers/HAL/Src/Throttle.o
 .debug_frame   0x0000000000000714       0x54 ./Drivers/HAL/Src/Voltage_sensor.o
 .debug_frame   0x0000000000000768      0x334 ./Drivers/STM32F1xx_HAL_Driver/Src/stm32f1xx_hal.o
 .debug_frame   0x0000000000000a9c      0x40c ./Drivers/STM32F1xx_HAL_Driver/Src/stm32f1xx_hal_adc.o
 .debug_frame   0x0000000000000ea8      0x200 ./Drivers/STM32F1xx_HAL_Driver/Src/stm32f1xx_hal_adc_ex.o
 .debug_frame   0x00000000000010a8      0x428 ./Drivers/STM32F1xx_HAL_Driver/Src/stm32f1xx_hal_cortex.o
 .debug_frame   0x00000000000014d0      0x208 ./Drivers/STM32F1xx_HAL_Driver/Src/stm32f1xx_hal_dma.o
 .debug_frame   0x00000000000016d8      0x14c ./Drivers/STM32F1xx_HAL_Driver/Src/stm32f1xx_hal_gpio.o
 .debug_frame   0x0000000000001824      0x218 ./Drivers/STM32F1xx_HAL_Driver/Src/stm32f1xx_hal_rcc.o
 .debug_frame   0x0000000000001a3c       0x80 ./Drivers/STM32F1xx_HAL_Driver/Src/stm32f1xx_hal_rcc_ex.o
 .debug_frame   0x0000000000001abc     0x11b8 ./Drivers/STM32F1xx_HAL_Driver/Src/stm32f1xx_hal_tim.o
 .debug_frame   0x0000000000002c74      0x638 ./Drivers/STM32F1xx_HAL_Driver/Src/stm32f1xx_hal_tim_ex.o
 .debug_frame   0x00000000000032ac       0x5c ./Drivers/Service/Src/Delay.o
 .debug_frame   0x0000000000003308       0x8c ./Drivers/Service/Src/SoftThrottle.o
 .debug_frame   0x0000000000003394       0xd4 ./Drivers/Service/Src/SpeedDWT.o
 .debug_frame   0x0000000000003468       0x20 E:/STM32CubeIDE_1.14.1/STM32CubeIDE/plugins/com.st.stm32cube.ide.mcu.externaltools.gnu-tools-for-stm32.11.3.rel1.win32_1.1.100.202309141235/tools/bin/../lib/gcc/arm-none-eabi/11.3.1/../../../../arm-none-eabi/lib/thumb/v7-m/nofp\libc_nano.a(libc_a-memset.o)
 .debug_frame   0x0000000000003488       0x2c E:/STM32CubeIDE_1.14.1/STM32CubeIDE/plugins/com.st.stm32cube.ide.mcu.externaltools.gnu-tools-for-stm32.11.3.rel1.win32_1.1.100.202309141235/tools/bin/../lib/gcc/arm-none-eabi/11.3.1/../../../../arm-none-eabi/lib/thumb/v7-m/nofp\libc_nano.a(libc_a-init.o)
 .debug_frame   0x00000000000034b4       0x4c E:/STM32CubeIDE_1.14.1/STM32CubeIDE/plugins/com.st.stm32cube.ide.mcu.externaltools.gnu-tools-for-stm32.11.3.rel1.win32_1.1.100.202309141235/tools/bin/../lib/gcc/arm-none-eabi/11.3.1/thumb/v7-m/nofp\libgcc.a(_arm_addsubsf3.o)
 .debug_frame   0x0000000000003500       0x38 E:/STM32CubeIDE_1.14.1/STM32CubeIDE/plugins/com.st.stm32cube.ide.mcu.externaltools.gnu-tools-for-stm32.11.3.rel1.win32_1.1.100.202309141235/tools/bin/../lib/gcc/arm-none-eabi/11.3.1/thumb/v7-m/nofp\libgcc.a(_arm_muldivsf3.o)
 .debug_frame   0x0000000000003538       0xc8 E:/STM32CubeIDE_1.14.1/STM32CubeIDE/plugins/com.st.stm32cube.ide.mcu.externaltools.gnu-tools-for-stm32.11.3.rel1.win32_1.1.100.202309141235/tools/bin/../lib/gcc/arm-none-eabi/11.3.1/thumb/v7-m/nofp\libgcc.a(_arm_cmpsf2.o)

.debug_line_str
                0x0000000000000000       0x5a
 .debug_line_str
                0x0000000000000000       0x5a ./Core/Startup/startup_stm32f103c8tx.o
                                         0x72 (size before relaxing)
