Archive member included to satisfy reference by file (symbol)

E:/STM32CubeIDE_1.14.1/STM32CubeIDE/plugins/com.st.stm32cube.ide.mcu.externaltools.gnu-tools-for-stm32.11.3.rel1.win32_1.1.100.202309141235/tools/bin/../lib/gcc/arm-none-eabi/11.3.1/../../../../arm-none-eabi/lib/thumb/v7-m/nofp\libc_nano.a(libc_a-exit.o)
                              E:/STM32CubeIDE_1.14.1/STM32CubeIDE/plugins/com.st.stm32cube.ide.mcu.externaltools.gnu-tools-for-stm32.11.3.rel1.win32_1.1.100.202309141235/tools/bin/../lib/gcc/arm-none-eabi/11.3.1/../../../../arm-none-eabi/lib/thumb/v7-m/nofp/crt0.o (exit)
E:/STM32CubeIDE_1.14.1/STM32CubeIDE/plugins/com.st.stm32cube.ide.mcu.externaltools.gnu-tools-for-stm32.11.3.rel1.win32_1.1.100.202309141235/tools/bin/../lib/gcc/arm-none-eabi/11.3.1/../../../../arm-none-eabi/lib/thumb/v7-m/nofp\libc_nano.a(libc_a-findfp.o)
                              E:/STM32CubeIDE_1.14.1/STM32CubeIDE/plugins/com.st.stm32cube.ide.mcu.externaltools.gnu-tools-for-stm32.11.3.rel1.win32_1.1.100.202309141235/tools/bin/../lib/gcc/arm-none-eabi/11.3.1/../../../../arm-none-eabi/lib/thumb/v7-m/nofp\libc_nano.a(libc_a-exit.o) (__stdio_exit_handler)
E:/STM32CubeIDE_1.14.1/STM32CubeIDE/plugins/com.st.stm32cube.ide.mcu.externaltools.gnu-tools-for-stm32.11.3.rel1.win32_1.1.100.202309141235/tools/bin/../lib/gcc/arm-none-eabi/11.3.1/../../../../arm-none-eabi/lib/thumb/v7-m/nofp\libc_nano.a(libc_a-fwalk.o)
                              E:/STM32CubeIDE_1.14.1/STM32CubeIDE/plugins/com.st.stm32cube.ide.mcu.externaltools.gnu-tools-for-stm32.11.3.rel1.win32_1.1.100.202309141235/tools/bin/../lib/gcc/arm-none-eabi/11.3.1/../../../../arm-none-eabi/lib/thumb/v7-m/nofp\libc_nano.a(libc_a-findfp.o) (_fwalk_sglue)
E:/STM32CubeIDE_1.14.1/STM32CubeIDE/plugins/com.st.stm32cube.ide.mcu.externaltools.gnu-tools-for-stm32.11.3.rel1.win32_1.1.100.202309141235/tools/bin/../lib/gcc/arm-none-eabi/11.3.1/../../../../arm-none-eabi/lib/thumb/v7-m/nofp\libc_nano.a(libc_a-stdio.o)
                              E:/STM32CubeIDE_1.14.1/STM32CubeIDE/plugins/com.st.stm32cube.ide.mcu.externaltools.gnu-tools-for-stm32.11.3.rel1.win32_1.1.100.202309141235/tools/bin/../lib/gcc/arm-none-eabi/11.3.1/../../../../arm-none-eabi/lib/thumb/v7-m/nofp\libc_nano.a(libc_a-findfp.o) (__sread)
E:/STM32CubeIDE_1.14.1/STM32CubeIDE/plugins/com.st.stm32cube.ide.mcu.externaltools.gnu-tools-for-stm32.11.3.rel1.win32_1.1.100.202309141235/tools/bin/../lib/gcc/arm-none-eabi/11.3.1/../../../../arm-none-eabi/lib/thumb/v7-m/nofp\libc_nano.a(libc_a-memset.o)
                              E:/STM32CubeIDE_1.14.1/STM32CubeIDE/plugins/com.st.stm32cube.ide.mcu.externaltools.gnu-tools-for-stm32.11.3.rel1.win32_1.1.100.202309141235/tools/bin/../lib/gcc/arm-none-eabi/11.3.1/../../../../arm-none-eabi/lib/thumb/v7-m/nofp/crt0.o (memset)
E:/STM32CubeIDE_1.14.1/STM32CubeIDE/plugins/com.st.stm32cube.ide.mcu.externaltools.gnu-tools-for-stm32.11.3.rel1.win32_1.1.100.202309141235/tools/bin/../lib/gcc/arm-none-eabi/11.3.1/../../../../arm-none-eabi/lib/thumb/v7-m/nofp\libc_nano.a(libc_a-closer.o)
                              E:/STM32CubeIDE_1.14.1/STM32CubeIDE/plugins/com.st.stm32cube.ide.mcu.externaltools.gnu-tools-for-stm32.11.3.rel1.win32_1.1.100.202309141235/tools/bin/../lib/gcc/arm-none-eabi/11.3.1/../../../../arm-none-eabi/lib/thumb/v7-m/nofp\libc_nano.a(libc_a-stdio.o) (_close_r)
E:/STM32CubeIDE_1.14.1/STM32CubeIDE/plugins/com.st.stm32cube.ide.mcu.externaltools.gnu-tools-for-stm32.11.3.rel1.win32_1.1.100.202309141235/tools/bin/../lib/gcc/arm-none-eabi/11.3.1/../../../../arm-none-eabi/lib/thumb/v7-m/nofp\libc_nano.a(libc_a-reent.o)
                              E:/STM32CubeIDE_1.14.1/STM32CubeIDE/plugins/com.st.stm32cube.ide.mcu.externaltools.gnu-tools-for-stm32.11.3.rel1.win32_1.1.100.202309141235/tools/bin/../lib/gcc/arm-none-eabi/11.3.1/../../../../arm-none-eabi/lib/thumb/v7-m/nofp\libc_nano.a(libc_a-closer.o) (errno)
E:/STM32CubeIDE_1.14.1/STM32CubeIDE/plugins/com.st.stm32cube.ide.mcu.externaltools.gnu-tools-for-stm32.11.3.rel1.win32_1.1.100.202309141235/tools/bin/../lib/gcc/arm-none-eabi/11.3.1/../../../../arm-none-eabi/lib/thumb/v7-m/nofp\libc_nano.a(libc_a-impure.o)
                              E:/STM32CubeIDE_1.14.1/STM32CubeIDE/plugins/com.st.stm32cube.ide.mcu.externaltools.gnu-tools-for-stm32.11.3.rel1.win32_1.1.100.202309141235/tools/bin/../lib/gcc/arm-none-eabi/11.3.1/../../../../arm-none-eabi/lib/thumb/v7-m/nofp\libc_nano.a(libc_a-reent.o) (_impure_ptr)
E:/STM32CubeIDE_1.14.1/STM32CubeIDE/plugins/com.st.stm32cube.ide.mcu.externaltools.gnu-tools-for-stm32.11.3.rel1.win32_1.1.100.202309141235/tools/bin/../lib/gcc/arm-none-eabi/11.3.1/../../../../arm-none-eabi/lib/thumb/v7-m/nofp\libc_nano.a(libc_a-lseekr.o)
[...]
Memory Configuration

Name             Origin             Length             Attributes
RAM              0x0000000020000000 0x0000000000005000 xrw
FLASH            0x0000000008000000 0x0000000000010000 xr
*default*        0x0000000000000000 0xffffffffffffffff

Linker script and memory map

LOAD E:/STM32CubeIDE_1.14.1/STM32CubeIDE/plugins/com.st.stm32cube.ide.mcu.externaltools.gnu-tools-for-stm32.11.3.rel1.win32_1.1.100.202309141235/tools/bin/../lib/gcc/arm-none-eabi/11.3.1/thumb/v7-m/nofp/crti.o
LOAD E:/STM32CubeIDE_1.14.1/STM32CubeIDE/plugins/com.st.stm32cube.ide.mcu.externaltools.gnu-tools-for-stm32.11.3.rel1.win32_1.1.100.202309141235/tools/bin/../lib/gcc/arm-none-eabi/11.3.1/thumb/v7-m/nofp/crtbegin.o
LOAD E:/STM32CubeIDE_1.14.1/STM32CubeIDE/plugins/com.st.stm32cube.ide.mcu.externaltools.gnu-tools-for-stm32.11.3.rel1.win32_1.1.100.202309141235/tools/bin/../lib/gcc/arm-none-eabi/11.3.1/../../../../arm-none-eabi/lib/thumb/v7-m/nofp/crt0.o
LOAD ./Core/Src/main.o
LOAD ./Core/Src/stm32f1xx_hal_msp.o
LOAD ./Core/Src/stm32f1xx_it.o
LOAD ./Core/Src/syscalls.o
LOAD ./Core/Src/sysmem.o
LOAD ./Core/Src/system_stm32f1xx.o
LOAD ./Core/Startup/startup_stm32f103c8tx.o
LOAD ./Drivers/Application/src/BLDC.o
LOAD ./Drivers/HAL/Src/ACS758-050B.o
LOAD ./Drivers/HAL/Src/CAN.o
LOAD ./Drivers/HAL/Src/DMA_ADC.o
LOAD ./Drivers/HAL/Src/Hall_Sensor.o
LOAD ./Drivers/HAL/Src/NixtonLcd.o
LOAD ./Drivers/HAL/Src/Throttle.o
LOAD ./Drivers/HAL/Src/Voltage_sensor.o
LOAD ./Drivers/STM32F1xx_HAL_Driver/Src/stm32f1xx_hal.o
LOAD ./Drivers/STM32F1xx_HAL_Driver/Src/stm32f1xx_hal_adc.o
LOAD ./Drivers/STM32F1xx_HAL_Driver/Src/stm32f1xx_hal_adc_ex.o
LOAD ./Drivers/STM32F1xx_HAL_Driver/Src/stm32f1xx_hal_cortex.o
LOAD ./Drivers/STM32F1xx_HAL_Driver/Src/stm32f1xx_hal_dma.o
LOAD ./Drivers/STM32F1xx_HAL_Driver/Src/stm32f1xx_hal_exti.o
LOAD ./Drivers/STM32F1xx_HAL_Driver/Src/stm32f1xx_hal_flash.o
LOAD ./Drivers/STM32F1xx_HAL_Driver/Src/stm32f1xx_hal_flash_ex.o
LOAD ./Drivers/STM32F1xx_HAL_Driver/Src/stm32f1xx_hal_gpio.o
LOAD ./Drivers/STM32F1xx_HAL_Driver/Src/stm32f1xx_hal_gpio_ex.o
LOAD ./Drivers/STM32F1xx_HAL_Driver/Src/stm32f1xx_hal_pwr.o
LOAD ./Drivers/STM32F1xx_HAL_Driver/Src/stm32f1xx_hal_rcc.o
LOAD ./Drivers/STM32F1xx_HAL_Driver/Src/stm32f1xx_hal_rcc_ex.o
LOAD ./Drivers/STM32F1xx_HAL_Driver/Src/stm32f1xx_hal_tim.o
LOAD ./Drivers/STM32F1xx_HAL_Driver/Src/stm32f1xx_hal_tim_ex.o
LOAD ./Drivers/Service/Src/Delay.o
LOAD ./Drivers/Service/Src/SpeedCal.o
START GROUP
LOAD E:/STM32CubeIDE_1.14.1/STM32CubeIDE/plugins/com.st.stm32cube.ide.mcu.externaltools.gnu-tools-for-stm32.11.3.rel1.win32_1.1.100.202309141235/tools/bin/../lib/gcc/arm-none-eabi/11.3.1/../../../../arm-none-eabi/lib/thumb/v7-m/nofp\libc_nano.a
LOAD E:/STM32CubeIDE_1.14.1/STM32CubeIDE/plugins/com.st.stm32cube.ide.mcu.externaltools.gnu-tools-for-stm32.11.3.rel1.win32_1.1.100.202309141235/tools/bin/../lib/gcc/arm-none-eabi/11.3.1/../../../../arm-none-eabi/lib/thumb/v7-m/nofp\libm.a
END GROUP
START GROUP
LOAD E:/STM32CubeIDE_1.14.1/STM32CubeIDE/plugins/com.st.stm32cube.ide.mcu.externaltools.gnu-tools-for-stm32.11.3.rel1.win32_1.1.100.202309141235/tools/bin/../lib/gcc/arm-none-eabi/11.3.1/thumb/v7-m/nofp\libgcc.a
LOAD E:/STM32CubeIDE_1.14.1/STM32CubeIDE/plugins/com.st.stm32cube.ide.mcu.externaltools.gnu-tools-for-stm32.11.3.rel1.win32_1.1.100.202309141235/tools/bin/../lib/gcc/arm-none-eabi/11.3.1/../../../../arm-none-eabi/lib/thumb/v7-m/nofp\libc_nano.a
END GROUP
START GROUP
LOAD E:/STM32CubeIDE_1.14.1/STM32CubeIDE/plugins/com.st.stm32cube.ide.mcu.externaltools.gnu-tools-for-stm32.11.3.rel1.win32_1.1.100.202309141235/tools/bin/../lib/gcc/arm-none-eabi/11.3.1/thumb/v7-m/nofp\libgcc.a
LOAD E:/STM32CubeIDE_1.14.1/STM32CubeIDE/plugins/com.st.stm32cube.ide.mcu.externaltools.gnu-tools-for-stm32.11.3.rel1.win32_1.1.100.202309141235/tools/bin/../lib/gcc/arm-none-eabi/11.3.1/../../../../arm-none-eabi/lib/thumb/v7-m/nofp\libc_nano.a
LOAD E:/STM32CubeIDE_1.14.1/STM32CubeIDE/plugins/com.st.stm32cube.ide.mcu.externaltools.gnu-tools-for-stm32.11.3.rel1.win32_1.1.100.202309141235/tools/bin/../lib/gcc/arm-none-eabi/11.3.1/../../../../arm-none-eabi/lib/thumb/v7-m/nofp\libnosys.a
END GROUP
START GROUP
LOAD E:/STM32CubeIDE_1.14.1/STM32CubeIDE/plugins/com.st.stm32cube.ide.mcu.externaltools.gnu-tools-for-stm32.11.3.rel1.win32_1.1.100.202309141235/tools/bin/../lib/gcc/arm-none-eabi/11.3.1/thumb/v7-m/nofp\libgcc.a
LOAD E:/STM32CubeIDE_1.14.1/STM32CubeIDE/plugins/com.st.stm32cube.ide.mcu.externaltools.gnu-tools-for-stm32.11.3.rel1.win32_1.1.100.202309141235/tools/bin/../lib/gcc/arm-none-eabi/11.3.1/../../../../arm-none-eabi/lib/thumb/v7-m/nofp\libc_nano.a
LOAD E:/STM32CubeIDE_1.14.1/STM32CubeIDE/plugins/com.st.stm32cube.ide.mcu.externaltools.gnu-tools-for-stm32.11.3.rel1.win32_1.1.100.202309141235/tools/bin/../lib/gcc/arm-none-eabi/11.3.1/../../../../arm-none-eabi/lib/thumb/v7-m/nofp\libnosys.a
END GROUP
LOAD E:/STM32CubeIDE_1.14.1/STM32CubeIDE/plugins/com.st.stm32cube.ide.mcu.externaltools.gnu-tools-for-stm32.11.3.rel1.win32_1.1.100.202309141235/tools/bin/../lib/gcc/arm-none-eabi/11.3.1/thumb/v7-m/nofp/crtend.o
LOAD E:/STM32CubeIDE_1.14.1/STM32CubeIDE/plugins/com.st.stm32cube.ide.mcu.externaltools.gnu-tools-for-stm32.11.3.rel1.win32_1.1.100.202309141235/tools/bin/../lib/gcc/arm-none-eabi/11.3.1/thumb/v7-m/nofp/crtn.o
                0x0000000020005000                _estack = (ORIGIN (RAM) + LENGTH (RAM))
                0x0000000000000200                _Min_Heap_Size = 0x200
                0x0000000000000400                _Min_Stack_Size = 0x400

.isr_vector     0x0000000008000000      0x10c
                0x0000000008000000                . = ALIGN (0x4)
 *(.isr_vector)
 .isr_vector    0x0000000008000000      0x10c ./Core/Startup/startup_stm32f103c8tx.o
                0x0000000008000000                g_pfnVectors
                0x000000000800010c                . = ALIGN (0x4)

.text           0x000000000800010c     0x3dc0
                0x000000000800010c                . = ALIGN (0x4)
 *(.text)
 .text          0x000000000800010c       0x40 E:/STM32CubeIDE_1.14.1/STM32CubeIDE/plugins/com.st.stm32cube.ide.mcu.externaltools.gnu-tools-for-stm32.11.3.rel1.win32_1.1.100.202309141235/tools/bin/../lib/gcc/arm-none-eabi/11.3.1/thumb/v7-m/nofp/crtbegin.o
 .text          0x000000000800014c      0x21c E:/STM32CubeIDE_1.14.1/STM32CubeIDE/plugins/com.st.stm32cube.ide.mcu.externaltools.gnu-tools-for-stm32.11.3.rel1.win32_1.1.100.202309141235/tools/bin/../lib/gcc/arm-none-eabi/11.3.1/thumb/v7-m/nofp\libgcc.a(_arm_addsubsf3.o)
                0x000000000800014c                __aeabi_frsub
                0x0000000008000154                __subsf3
                0x0000000008000154                __aeabi_fsub
                0x0000000008000158                __aeabi_fadd
                0x0000000008000158                __addsf3
                0x00000000080002b8                __aeabi_ui2f
                0x00000000080002b8                __floatunsisf
                0x00000000080002c0                __aeabi_i2f
                0x00000000080002c0                __floatsisf
                0x00000000080002dc                __aeabi_ul2f
                0x00000000080002dc                __floatundisf
                0x00000000080002ec                __aeabi_l2f
                0x00000000080002ec                __floatdisf
 .text          0x0000000008000368      0x2a0 E:/STM32CubeIDE_1.14.1/STM32CubeIDE/plugins/com.st.stm32cube.ide.mcu.externaltools.gnu-tools-for-stm32.11.3.rel1.win32_1.1.100.202309141235/tools/bin/../lib/gcc/arm-none-eabi/11.3.1/thumb/v7-m/nofp\libgcc.a(_arm_muldivsf3.o)
                0x0000000008000368                __mulsf3
                0x0000000008000368                __aeabi_fmul
                0x00000000080004d0                __aeabi_fdiv
                0x00000000080004d0                __divsf3
 *(.text*)
 .text.main     0x0000000008000608       0x68 ./Core/Src/main.o
                0x0000000008000608                main
 .text.SystemClock_Config
                0x0000000008000670       0xb6 ./Core/Src/main.o
                0x0000000008000670                SystemClock_Config
 *fill*         0x0000000008000726        0x2 
 .text.MX_ADC1_Init
                0x0000000008000728       0xb8 ./Core/Src/main.o
 .text.MX_TIM1_Init
                0x00000000080007e0      0x11c ./Core/Src/main.o
 .text.MX_TIM2_Init
                0x00000000080008fc       0x98 ./Core/Src/main.o
 .text.MX_TIM3_Init
                0x0000000008000994       0xc8 ./Core/Src/main.o
 .text.MX_TIM4_Init
                0x0000000008000a5c       0xc8 ./Core/Src/main.o
 .text.MX_DMA_Init
                0x0000000008000b24       0x3c ./Core/Src/main.o
 .text.MX_GPIO_Init
                0x0000000008000b60       0x84 ./Core/Src/main.o
 .text.HAL_ADC_ConvCpltCallback
                0x0000000008000be4       0x12 ./Core/Src/main.o
                0x0000000008000be4                HAL_ADC_ConvCpltCallback
 .text.Error_Handler
                0x0000000008000bf6        0xa ./Core/Src/main.o
                0x0000000008000bf6                Error_Handler
 .text.HAL_MspInit
                0x0000000008000c00       0x64 ./Core/Src/stm32f1xx_hal_msp.o
                0x0000000008000c00                HAL_MspInit
 .text.HAL_ADC_MspInit
                0x0000000008000c64       0xe0 ./Core/Src/stm32f1xx_hal_msp.o
                0x0000000008000c64                HAL_ADC_MspInit
 .text.HAL_TIM_PWM_MspInit
                0x0000000008000d44       0x8c ./Core/Src/stm32f1xx_hal_msp.o
                0x0000000008000d44                HAL_TIM_PWM_MspInit
 .text.HAL_TIM_Base_MspInit
                0x0000000008000dd0       0x38 ./Core/Src/stm32f1xx_hal_msp.o
                0x0000000008000dd0                HAL_TIM_Base_MspInit
 .text.HAL_TIM_MspPostInit
                0x0000000008000e08      0x11c ./Core/Src/stm32f1xx_hal_msp.o
                0x0000000008000e08                HAL_TIM_MspPostInit
 .text.NMI_Handler
                0x0000000008000f24        0x6 ./Core/Src/stm32f1xx_it.o
                0x0000000008000f24                NMI_Handler
 .text.HardFault_Handler
                0x0000000008000f2a        0x6 ./Core/Src/stm32f1xx_it.o
                0x0000000008000f2a                HardFault_Handler
 .text.MemManage_Handler
                0x0000000008000f30        0x6 ./Core/Src/stm32f1xx_it.o
                0x0000000008000f30                MemManage_Handler
 .text.BusFault_Handler
                0x0000000008000f36        0x6 ./Core/Src/stm32f1xx_it.o
                0x0000000008000f36                BusFault_Handler
 .text.UsageFault_Handler
                0x0000000008000f3c        0x6 ./Core/Src/stm32f1xx_it.o
                0x0000000008000f3c                UsageFault_Handler
 .text.SVC_Handler
                0x0000000008000f42        0xc ./Core/Src/stm32f1xx_it.o
                0x0000000008000f42                SVC_Handler
 .text.DebugMon_Handler
                0x0000000008000f4e        0xc ./Core/Src/stm32f1xx_it.o
                0x0000000008000f4e                DebugMon_Handler
 .text.PendSV_Handler
                0x0000000008000f5a        0xc ./Core/Src/stm32f1xx_it.o
                0x0000000008000f5a                PendSV_Handler
 .text.SysTick_Handler
                0x0000000008000f66        0xc ./Core/Src/stm32f1xx_it.o
                0x0000000008000f66                SysTick_Handler
 *fill*         0x0000000008000f72        0x2 
 .text.DMA1_Channel1_IRQHandler
                0x0000000008000f74       0x14 ./Core/Src/stm32f1xx_it.o
                0x0000000008000f74                DMA1_Channel1_IRQHandler
 .text.ADC1_2_IRQHandler
                0x0000000008000f88       0x14 ./Core/Src/stm32f1xx_it.o
                0x0000000008000f88                ADC1_2_IRQHandler
 .text.SystemInit
                0x0000000008000f9c        0xc ./Core/Src/system_stm32f1xx.o
                0x0000000008000f9c                SystemInit
 .text.Reset_Handler
                0x0000000008000fa8       0x48 ./Core/Startup/startup_stm32f103c8tx.o
                0x0000000008000fa8                Reset_Handler
 .text.Default_Handler
                0x0000000008000ff0        0x2 ./Core/Startup/startup_stm32f103c8tx.o
                0x0000000008000ff0                RTC_Alarm_IRQHandler
                0x0000000008000ff0                EXTI2_IRQHandler
                0x0000000008000ff0                TIM1_CC_IRQHandler
                0x0000000008000ff0                PVD_IRQHandler
                0x0000000008000ff0                EXTI3_IRQHandler
                0x0000000008000ff0                EXTI0_IRQHandler
                0x0000000008000ff0                I2C2_EV_IRQHandler
                0x0000000008000ff0                SPI1_IRQHandler
                0x0000000008000ff0                TAMPER_IRQHandler
                0x0000000008000ff0                DMA1_Channel4_IRQHandler
                0x0000000008000ff0                USART3_IRQHandler
                0x0000000008000ff0                RTC_IRQHandler
                0x0000000008000ff0                DMA1_Channel7_IRQHandler
                0x0000000008000ff0                CAN1_RX1_IRQHandler
                0x0000000008000ff0                TIM4_IRQHandler
                0x0000000008000ff0                I2C1_EV_IRQHandler
                0x0000000008000ff0                DMA1_Channel6_IRQHandler
                0x0000000008000ff0                TIM3_IRQHandler
                0x0000000008000ff0                RCC_IRQHandler
                0x0000000008000ff0                TIM1_TRG_COM_IRQHandler
                0x0000000008000ff0                Default_Handler
                0x0000000008000ff0                EXTI15_10_IRQHandler
                0x0000000008000ff0                EXTI9_5_IRQHandler
                0x0000000008000ff0                SPI2_IRQHandler
                0x0000000008000ff0                DMA1_Channel5_IRQHandler
                0x0000000008000ff0                EXTI4_IRQHandler
                0x0000000008000ff0                USB_LP_CAN1_RX0_IRQHandler
                0x0000000008000ff0                USB_HP_CAN1_TX_IRQHandler
                0x0000000008000ff0                DMA1_Channel3_IRQHandler
                0x0000000008000ff0                TIM1_UP_IRQHandler
                0x0000000008000ff0                WWDG_IRQHandler
                0x0000000008000ff0                TIM2_IRQHandler
                0x0000000008000ff0                TIM1_BRK_IRQHandler
                0x0000000008000ff0                EXTI1_IRQHandler
                0x0000000008000ff0                USART2_IRQHandler
                0x0000000008000ff0                I2C2_ER_IRQHandler
                0x0000000008000ff0                DMA1_Channel2_IRQHandler
                0x0000000008000ff0                CAN1_SCE_IRQHandler
                0x0000000008000ff0                FLASH_IRQHandler
                0x0000000008000ff0                USART1_IRQHandler
                0x0000000008000ff0                I2C1_ER_IRQHandler
                0x0000000008000ff0                USBWakeUp_IRQHandler
 *fill*         0x0000000008000ff2        0x2 
 .text.BLDC_Init
                0x0000000008000ff4       0x44 ./Drivers/Application/src/BLDC.o
                0x0000000008000ff4                BLDC_Init
 .text.BLDC_DecideStep
                0x0000000008001038       0x74 ./Drivers/Application/src/BLDC.o
                0x0000000008001038                BLDC_DecideStep
 .text.BLDC_Comutate
                0x00000000080010ac      0x1e8 ./Drivers/Application/src/BLDC.o
                0x00000000080010ac                BLDC_Comutate
 .text.CurrentSensor_Init
                0x0000000008001294        0xc ./Drivers/HAL/Src/ACS758-050B.o
                0x0000000008001294                CurrentSensor_Init
 .text.CurrentSensor_Read
                0x00000000080012a0       0x7c ./Drivers/HAL/Src/ACS758-050B.o
                0x00000000080012a0                CurrentSensor_Read
 .text.DMA_ADC_Init
                0x000000000800131c       0x20 ./Drivers/HAL/Src/DMA_ADC.o
                0x000000000800131c                DMA_ADC_Init
 .text.HallSensor_Init
                0x000000000800133c        0xc ./Drivers/HAL/Src/Hall_Sensor.o
                0x000000000800133c                HallSensor_Init
 .text.HallSensor_ReadWithFilter
                0x0000000008001348       0x64 ./Drivers/HAL/Src/Hall_Sensor.o
                0x0000000008001348                HallSensor_ReadWithFilter
 .text.HallSensor_GetCombinedHallState
                0x00000000080013ac       0x58 ./Drivers/HAL/Src/Hall_Sensor.o
                0x00000000080013ac                HallSensor_GetCombinedHallState
 .text.Throttle_Init
                0x0000000008001404        0xc ./Drivers/HAL/Src/Throttle.o
                0x0000000008001404                Throttle_Init
 .text.Throttle_GetRaw
                0x0000000008001410       0x28 ./Drivers/HAL/Src/Throttle.o
                0x0000000008001410                Throttle_GetRaw
 .text.Throttle_Map
                0x0000000008001438       0x3c ./Drivers/HAL/Src/Throttle.o
                0x0000000008001438                Throttle_Map
 .text.VoltageSensor_Init
                0x0000000008001474        0xc ./Drivers/HAL/Src/Voltage_sensor.o
                0x0000000008001474                VoltageSensor_Init
 .text.VoltageSensor_Read
                0x0000000008001480       0x58 ./Drivers/HAL/Src/Voltage_sensor.o
                0x0000000008001480                VoltageSensor_Read
 .text.HAL_Init
                0x00000000080014d8       0x2c ./Drivers/STM32F1xx_HAL_Driver/Src/stm32f1xx_hal.o
                0x00000000080014d8                HAL_Init
 .text.HAL_InitTick
                0x0000000008001504       0x60 ./Drivers/STM32F1xx_HAL_Driver/Src/stm32f1xx_hal.o
                0x0000000008001504                HAL_InitTick
 .text.HAL_IncTick
                0x0000000008001564       0x24 ./Drivers/STM32F1xx_HAL_Driver/Src/stm32f1xx_hal.o
                0x0000000008001564                HAL_IncTick
 .text.HAL_GetTick
                0x0000000008001588       0x14 ./Drivers/STM32F1xx_HAL_Driver/Src/stm32f1xx_hal.o
                0x0000000008001588                HAL_GetTick
 .text.HAL_ADC_Init
                0x000000000800159c      0x1b0 ./Drivers/STM32F1xx_HAL_Driver/Src/stm32f1xx_hal_adc.o
                0x000000000800159c                HAL_ADC_Init
 .text.HAL_ADC_Start_DMA
                0x000000000800174c      0x1bc ./Drivers/STM32F1xx_HAL_Driver/Src/stm32f1xx_hal_adc.o
                0x000000000800174c                HAL_ADC_Start_DMA
 .text.HAL_ADC_IRQHandler
                0x0000000008001908      0x17e ./Drivers/STM32F1xx_HAL_Driver/Src/stm32f1xx_hal_adc.o
                0x0000000008001908                HAL_ADC_IRQHandler
 .text.HAL_ADC_ConvHalfCpltCallback
                0x0000000008001a86       0x12 ./Drivers/STM32F1xx_HAL_Driver/Src/stm32f1xx_hal_adc.o
                0x0000000008001a86                HAL_ADC_ConvHalfCpltCallback
 .text.HAL_ADC_LevelOutOfWindowCallback
                0x0000000008001a98       0x12 ./Drivers/STM32F1xx_HAL_Driver/Src/stm32f1xx_hal_adc.o
                0x0000000008001a98                HAL_ADC_LevelOutOfWindowCallback
 .text.HAL_ADC_ErrorCallback
                0x0000000008001aaa       0x12 ./Drivers/STM32F1xx_HAL_Driver/Src/stm32f1xx_hal_adc.o
                0x0000000008001aaa                HAL_ADC_ErrorCallback
 .text.HAL_ADC_ConfigChannel
                0x0000000008001abc      0x1f0 ./Drivers/STM32F1xx_HAL_Driver/Src/stm32f1xx_hal_adc.o
                0x0000000008001abc                HAL_ADC_ConfigChannel
 .text.ADC_Enable
                0x0000000008001cac       0xb4 ./Drivers/STM32F1xx_HAL_Driver/Src/stm32f1xx_hal_adc.o
                0x0000000008001cac                ADC_Enable
 .text.ADC_ConversionStop_Disable
                0x0000000008001d60       0x82 ./Drivers/STM32F1xx_HAL_Driver/Src/stm32f1xx_hal_adc.o
                0x0000000008001d60                ADC_ConversionStop_Disable
 .text.ADC_DMAConvCplt
                0x0000000008001de2       0x7c ./Drivers/STM32F1xx_HAL_Driver/Src/stm32f1xx_hal_adc.o
                0x0000000008001de2                ADC_DMAConvCplt
 .text.ADC_DMAHalfConvCplt
                0x0000000008001e5e       0x1c ./Drivers/STM32F1xx_HAL_Driver/Src/stm32f1xx_hal_adc.o
                0x0000000008001e5e                ADC_DMAHalfConvCplt
 .text.ADC_DMAError
                0x0000000008001e7a       0x34 ./Drivers/STM32F1xx_HAL_Driver/Src/stm32f1xx_hal_adc.o
                0x0000000008001e7a                ADC_DMAError
 .text.HAL_ADCEx_InjectedConvCpltCallback
                0x0000000008001eae       0x12 ./Drivers/STM32F1xx_HAL_Driver/Src/stm32f1xx_hal_adc_ex.o
                0x0000000008001eae                HAL_ADCEx_InjectedConvCpltCallback
 .text.__NVIC_SetPriorityGrouping
                0x0000000008001ec0       0x48 ./Drivers/STM32F1xx_HAL_Driver/Src/stm32f1xx_hal_cortex.o
 .text.__NVIC_GetPriorityGrouping
                0x0000000008001f08       0x1c ./Drivers/STM32F1xx_HAL_Driver/Src/stm32f1xx_hal_cortex.o
 .text.__NVIC_EnableIRQ
                0x0000000008001f24       0x38 ./Drivers/STM32F1xx_HAL_Driver/Src/stm32f1xx_hal_cortex.o
 .text.__NVIC_SetPriority
                0x0000000008001f5c       0x54 ./Drivers/STM32F1xx_HAL_Driver/Src/stm32f1xx_hal_cortex.o
 .text.NVIC_EncodePriority
                0x0000000008001fb0       0x64 ./Drivers/STM32F1xx_HAL_Driver/Src/stm32f1xx_hal_cortex.o
 .text.SysTick_Config
                0x0000000008002014       0x44 ./Drivers/STM32F1xx_HAL_Driver/Src/stm32f1xx_hal_cortex.o
 .text.HAL_NVIC_SetPriorityGrouping
                0x0000000008002058       0x16 ./Drivers/STM32F1xx_HAL_Driver/Src/stm32f1xx_hal_cortex.o
                0x0000000008002058                HAL_NVIC_SetPriorityGrouping
 .text.HAL_NVIC_SetPriority
                0x000000000800206e       0x38 ./Drivers/STM32F1xx_HAL_Driver/Src/stm32f1xx_hal_cortex.o
                0x000000000800206e                HAL_NVIC_SetPriority
 .text.HAL_NVIC_EnableIRQ
                0x00000000080020a6       0x1c ./Drivers/STM32F1xx_HAL_Driver/Src/stm32f1xx_hal_cortex.o
                0x00000000080020a6                HAL_NVIC_EnableIRQ
 .text.HAL_SYSTICK_Config
                0x00000000080020c2       0x18 ./Drivers/STM32F1xx_HAL_Driver/Src/stm32f1xx_hal_cortex.o
                0x00000000080020c2                HAL_SYSTICK_Config
 *fill*         0x00000000080020da        0x2 
 .text.HAL_DMA_Init
                0x00000000080020dc       0xb4 ./Drivers/STM32F1xx_HAL_Driver/Src/stm32f1xx_hal_dma.o
                0x00000000080020dc                HAL_DMA_Init
 .text.HAL_DMA_Start_IT
                0x0000000008002190       0xc0 ./Drivers/STM32F1xx_HAL_Driver/Src/stm32f1xx_hal_dma.o
                0x0000000008002190                HAL_DMA_Start_IT
 .text.HAL_DMA_IRQHandler
                0x0000000008002250      0x20c ./Drivers/STM32F1xx_HAL_Driver/Src/stm32f1xx_hal_dma.o
                0x0000000008002250                HAL_DMA_IRQHandler
 .text.DMA_SetConfig
                0x000000000800245c       0x5a ./Drivers/STM32F1xx_HAL_Driver/Src/stm32f1xx_hal_dma.o
 *fill*         0x00000000080024b6        0x2 
 .text.HAL_GPIO_Init
                0x00000000080024b8      0x308 ./Drivers/STM32F1xx_HAL_Driver/Src/stm32f1xx_hal_gpio.o
                0x00000000080024b8                HAL_GPIO_Init
 .text.HAL_GPIO_ReadPin
                0x00000000080027c0       0x2e ./Drivers/STM32F1xx_HAL_Driver/Src/stm32f1xx_hal_gpio.o
                0x00000000080027c0                HAL_GPIO_ReadPin
 *fill*         0x00000000080027ee        0x2 
 .text.HAL_RCC_OscConfig
                0x00000000080027f0      0x504 ./Drivers/STM32F1xx_HAL_Driver/Src/stm32f1xx_hal_rcc.o
                0x00000000080027f0                HAL_RCC_OscConfig
 .text.HAL_RCC_ClockConfig
                0x0000000008002cf4      0x1d4 ./Drivers/STM32F1xx_HAL_Driver/Src/stm32f1xx_hal_rcc.o
                0x0000000008002cf4                HAL_RCC_ClockConfig
 .text.HAL_RCC_GetSysClockFreq
                0x0000000008002ec8       0xa8 ./Drivers/STM32F1xx_HAL_Driver/Src/stm32f1xx_hal_rcc.o
                0x0000000008002ec8                HAL_RCC_GetSysClockFreq
 .text.RCC_Delay
                0x0000000008002f70       0x3c ./Drivers/STM32F1xx_HAL_Driver/Src/stm32f1xx_hal_rcc.o
 .text.HAL_RCCEx_PeriphCLKConfig
                0x0000000008002fac      0x16c ./Drivers/STM32F1xx_HAL_Driver/Src/stm32f1xx_hal_rcc_ex.o
                0x0000000008002fac                HAL_RCCEx_PeriphCLKConfig
 .text.HAL_TIM_Base_Init
                0x0000000008003118       0x9e ./Drivers/STM32F1xx_HAL_Driver/Src/stm32f1xx_hal_tim.o
                0x0000000008003118                HAL_TIM_Base_Init
 *fill*         0x00000000080031b6        0x2 
 .text.HAL_TIM_Base_Start
                0x00000000080031b8       0x94 ./Drivers/STM32F1xx_HAL_Driver/Src/stm32f1xx_hal_tim.o
                0x00000000080031b8                HAL_TIM_Base_Start
 .text.HAL_TIM_PWM_Init
                0x000000000800324c       0x9e ./Drivers/STM32F1xx_HAL_Driver/Src/stm32f1xx_hal_tim.o
                0x000000000800324c                HAL_TIM_PWM_Init
 *fill*         0x00000000080032ea        0x2 
 .text.HAL_TIM_PWM_Start
                0x00000000080032ec      0x144 ./Drivers/STM32F1xx_HAL_Driver/Src/stm32f1xx_hal_tim.o
                0x00000000080032ec                HAL_TIM_PWM_Start
 .text.HAL_TIM_PWM_ConfigChannel
                0x0000000008003430      0x184 ./Drivers/STM32F1xx_HAL_Driver/Src/stm32f1xx_hal_tim.o
                0x0000000008003430                HAL_TIM_PWM_ConfigChannel
 .text.HAL_TIM_ConfigClockSource
                0x00000000080035b4      0x18e ./Drivers/STM32F1xx_HAL_Driver/Src/stm32f1xx_hal_tim.o
                0x00000000080035b4                HAL_TIM_ConfigClockSource
 *fill*         0x0000000008003742        0x2 
 .text.TIM_Base_SetConfig
                0x0000000008003744       0xdc ./Drivers/STM32F1xx_HAL_Driver/Src/stm32f1xx_hal_tim.o
                0x0000000008003744                TIM_Base_SetConfig
 .text.TIM_OC1_SetConfig
                0x0000000008003820       0xcc ./Drivers/STM32F1xx_HAL_Driver/Src/stm32f1xx_hal_tim.o
 .text.TIM_OC2_SetConfig
                0x00000000080038ec       0xd4 ./Drivers/STM32F1xx_HAL_Driver/Src/stm32f1xx_hal_tim.o
                0x00000000080038ec                TIM_OC2_SetConfig
 .text.TIM_OC3_SetConfig
                0x00000000080039c0       0xd4 ./Drivers/STM32F1xx_HAL_Driver/Src/stm32f1xx_hal_tim.o
 .text.TIM_OC4_SetConfig
                0x0000000008003a94       0x9c ./Drivers/STM32F1xx_HAL_Driver/Src/stm32f1xx_hal_tim.o
 .text.TIM_TI1_ConfigInputStage
                0x0000000008003b30       0x5c ./Drivers/STM32F1xx_HAL_Driver/Src/stm32f1xx_hal_tim.o
 .text.TIM_TI2_ConfigInputStage
                0x0000000008003b8c       0x5e ./Drivers/STM32F1xx_HAL_Driver/Src/stm32f1xx_hal_tim.o
 .text.TIM_ITRx_SetConfig
                0x0000000008003bea       0x34 ./Drivers/STM32F1xx_HAL_Driver/Src/stm32f1xx_hal_tim.o
 .text.TIM_ETR_SetConfig
                0x0000000008003c1e       0x3e ./Drivers/STM32F1xx_HAL_Driver/Src/stm32f1xx_hal_tim.o
                0x0000000008003c1e                TIM_ETR_SetConfig
 .text.TIM_CCxChannelCmd
                0x0000000008003c5c       0x48 ./Drivers/STM32F1xx_HAL_Driver/Src/stm32f1xx_hal_tim.o
                0x0000000008003c5c                TIM_CCxChannelCmd
 .text.HAL_TIMEx_MasterConfigSynchronization
                0x0000000008003ca4       0xbc ./Drivers/STM32F1xx_HAL_Driver/Src/stm32f1xx_hal_tim_ex.o
                0x0000000008003ca4                HAL_TIMEx_MasterConfigSynchronization
 .text.HAL_TIMEx_ConfigBreakDeadTime
                0x0000000008003d60       0xa2 ./Drivers/STM32F1xx_HAL_Driver/Src/stm32f1xx_hal_tim_ex.o
                0x0000000008003d60                HAL_TIMEx_ConfigBreakDeadTime
 *fill*         0x0000000008003e02        0x2 
 .text.DelayUs_init
                0x0000000008003e04       0x24 ./Drivers/Service/Src/Delay.o
                0x0000000008003e04                DelayUs_init
 .text.DelayUs  0x0000000008003e28       0x34 ./Drivers/Service/Src/Delay.o
                0x0000000008003e28                DelayUs
 .text.memset   0x0000000008003e5c       0x10 E:/STM32CubeIDE_1.14.1/STM32CubeIDE/plugins/com.st.stm32cube.ide.mcu.externaltools.gnu-tools-for-stm32.11.3.rel1.win32_1.1.100.202309141235/tools/bin/../lib/gcc/arm-none-eabi/11.3.1/../../../../arm-none-eabi/lib/thumb/v7-m/nofp\libc_nano.a(libc_a-memset.o)
                0x0000000008003e5c                memset
 .text.__libc_init_array
                0x0000000008003e6c       0x48 E:/STM32CubeIDE_1.14.1/STM32CubeIDE/plugins/com.st.stm32cube.ide.mcu.externaltools.gnu-tools-for-stm32.11.3.rel1.win32_1.1.100.202309141235/tools/bin/../lib/gcc/arm-none-eabi/11.3.1/../../../../arm-none-eabi/lib/thumb/v7-m/nofp\libc_nano.a(libc_a-init.o)
                0x0000000008003e6c                __libc_init_array
 *(.glue_7)
 .glue_7        0x0000000008003eb4        0x0 linker stubs
 *(.glue_7t)
 .glue_7t       0x0000000008003eb4        0x0 linker stubs
 *(.eh_frame)
 .eh_frame      0x0000000008003eb4        0x0 E:/STM32CubeIDE_1.14.1/STM32CubeIDE/plugins/com.st.stm32cube.ide.mcu.externaltools.gnu-tools-for-stm32.11.3.rel1.win32_1.1.100.202309141235/tools/bin/../lib/gcc/arm-none-eabi/11.3.1/thumb/v7-m/nofp/crtbegin.o
 *(.init)
 .init          0x0000000008003eb4        0x4 E:/STM32CubeIDE_1.14.1/STM32CubeIDE/plugins/com.st.stm32cube.ide.mcu.externaltools.gnu-tools-for-stm32.11.3.rel1.win32_1.1.100.202309141235/tools/bin/../lib/gcc/arm-none-eabi/11.3.1/thumb/v7-m/nofp/crti.o
                0x0000000008003eb4                _init
 .init          0x0000000008003eb8        0x8 E:/STM32CubeIDE_1.14.1/STM32CubeIDE/plugins/com.st.stm32cube.ide.mcu.externaltools.gnu-tools-for-stm32.11.3.rel1.win32_1.1.100.202309141235/tools/bin/../lib/gcc/arm-none-eabi/11.3.1/thumb/v7-m/nofp/crtn.o
 *(.fini)
 .fini          0x0000000008003ec0        0x4 E:/STM32CubeIDE_1.14.1/STM32CubeIDE/plugins/com.st.stm32cube.ide.mcu.externaltools.gnu-tools-for-stm32.11.3.rel1.win32_1.1.100.202309141235/tools/bin/../lib/gcc/arm-none-eabi/11.3.1/thumb/v7-m/nofp/crti.o
                0x0000000008003ec0                _fini
 .fini          0x0000000008003ec4        0x8 E:/STM32CubeIDE_1.14.1/STM32CubeIDE/plugins/com.st.stm32cube.ide.mcu.externaltools.gnu-tools-for-stm32.11.3.rel1.win32_1.1.100.202309141235/tools/bin/../lib/gcc/arm-none-eabi/11.3.1/thumb/v7-m/nofp/crtn.o
                0x0000000008003ecc                . = ALIGN (0x4)
                0x0000000008003ecc                _etext = .

.vfp11_veneer   0x0000000008003ecc        0x0
 .vfp11_veneer  0x0000000008003ecc        0x0 linker stubs

.v4_bx          0x0000000008003ecc        0x0
 .v4_bx         0x0000000008003ecc        0x0 linker stubs

.iplt           0x0000000008003ecc        0x0
 .iplt          0x0000000008003ecc        0x0 E:/STM32CubeIDE_1.14.1/STM32CubeIDE/plugins/com.st.stm32cube.ide.mcu.externaltools.gnu-tools-for-stm32.11.3.rel1.win32_1.1.100.202309141235/tools/bin/../lib/gcc/arm-none-eabi/11.3.1/thumb/v7-m/nofp/crtbegin.o

.rodata         0x0000000008003ecc       0x24
                0x0000000008003ecc                . = ALIGN (0x4)
 *(.rodata)
 *(.rodata*)
 .rodata.AHBPrescTable
                0x0000000008003ecc       0x10 ./Core/Src/system_stm32f1xx.o
                0x0000000008003ecc                AHBPrescTable
 .rodata.aPLLMULFactorTable.1
                0x0000000008003edc       0x10 ./Drivers/STM32F1xx_HAL_Driver/Src/stm32f1xx_hal_rcc.o
 .rodata.aPredivFactorTable.0
                0x0000000008003eec        0x2 ./Drivers/STM32F1xx_HAL_Driver/Src/stm32f1xx_hal_rcc.o
                0x0000000008003ef0                . = ALIGN (0x4)
 *fill*         0x0000000008003eee        0x2 

.rel.dyn        0x0000000008003ef0        0x0
 .rel.iplt      0x0000000008003ef0        0x0 E:/STM32CubeIDE_1.14.1/STM32CubeIDE/plugins/com.st.stm32cube.ide.mcu.externaltools.gnu-tools-for-stm32.11.3.rel1.win32_1.1.100.202309141235/tools/bin/../lib/gcc/arm-none-eabi/11.3.1/thumb/v7-m/nofp/crtbegin.o

.ARM.extab      0x0000000008003ef0        0x0
                0x0000000008003ef0                . = ALIGN (0x4)
 *(.ARM.extab* .gnu.linkonce.armextab.*)
                0x0000000008003ef0                . = ALIGN (0x4)

.ARM            0x0000000008003ef0        0x0
                0x0000000008003ef0                . = ALIGN (0x4)
                0x0000000008003ef0                __exidx_start = .
 *(.ARM.exidx*)
                0x0000000008003ef0                __exidx_end = .
                0x0000000008003ef0                . = ALIGN (0x4)

.preinit_array  0x0000000008003ef0        0x0
                0x0000000008003ef0                . = ALIGN (0x4)
                0x0000000008003ef0                PROVIDE (__preinit_array_start = .)
 *(.preinit_array*)
                0x0000000008003ef0                PROVIDE (__preinit_array_end = .)
                0x0000000008003ef0                . = ALIGN (0x4)

.init_array     0x0000000008003ef0        0x4
                0x0000000008003ef0                . = ALIGN (0x4)
                0x0000000008003ef0                PROVIDE (__init_array_start = .)
 *(SORT_BY_NAME(.init_array.*))
 *(.init_array*)
 .init_array    0x0000000008003ef0        0x4 E:/STM32CubeIDE_1.14.1/STM32CubeIDE/plugins/com.st.stm32cube.ide.mcu.externaltools.gnu-tools-for-stm32.11.3.rel1.win32_1.1.100.202309141235/tools/bin/../lib/gcc/arm-none-eabi/11.3.1/thumb/v7-m/nofp/crtbegin.o
                0x0000000008003ef4                PROVIDE (__init_array_end = .)
                0x0000000008003ef4                . = ALIGN (0x4)

.fini_array     0x0000000008003ef4        0x4
                0x0000000008003ef4                . = ALIGN (0x4)
                [!provide]                        PROVIDE (__fini_array_start = .)
 *(SORT_BY_NAME(.fini_array.*))
 *(.fini_array*)
 .fini_array    0x0000000008003ef4        0x4 E:/STM32CubeIDE_1.14.1/STM32CubeIDE/plugins/com.st.stm32cube.ide.mcu.externaltools.gnu-tools-for-stm32.11.3.rel1.win32_1.1.100.202309141235/tools/bin/../lib/gcc/arm-none-eabi/11.3.1/thumb/v7-m/nofp/crtbegin.o
                [!provide]                        PROVIDE (__fini_array_end = .)
                0x0000000008003ef8                . = ALIGN (0x4)
                0x0000000008003ef8                _sidata = LOADADDR (.data)

.data           0x0000000020000000       0x24 load address 0x0000000008003ef8
                0x0000000020000000                . = ALIGN (0x4)
                0x0000000020000000                _sdata = .
 *(.data)
 *(.data*)
 .data.SystemCoreClock
                0x0000000020000000        0x4 ./Core/Src/system_stm32f1xx.o
                0x0000000020000000                SystemCoreClock
 .data.hallA    0x0000000020000004        0x8 ./Drivers/HAL/Src/Hall_Sensor.o
                0x0000000020000004                hallA
 .data.hallB    0x000000002000000c        0x8 ./Drivers/HAL/Src/Hall_Sensor.o
                0x000000002000000c                hallB
 .data.hallC    0x0000000020000014        0x8 ./Drivers/HAL/Src/Hall_Sensor.o
                0x0000000020000014                hallC
 .data.uwTickPrio
                0x000000002000001c        0x4 ./Drivers/STM32F1xx_HAL_Driver/Src/stm32f1xx_hal.o
                0x000000002000001c                uwTickPrio
 .data.uwTickFreq
                0x0000000020000020        0x1 ./Drivers/STM32F1xx_HAL_Driver/Src/stm32f1xx_hal.o
                0x0000000020000020                uwTickFreq
 *(.RamFunc)
 *(.RamFunc*)
                0x0000000020000024                . = ALIGN (0x4)
 *fill*         0x0000000020000021        0x3 
                0x0000000020000024                _edata = .

.igot.plt       0x0000000020000024        0x0 load address 0x0000000008003f1c
 .igot.plt      0x0000000020000024        0x0 E:/STM32CubeIDE_1.14.1/STM32CubeIDE/plugins/com.st.stm32cube.ide.mcu.externaltools.gnu-tools-for-stm32.11.3.rel1.win32_1.1.100.202309141235/tools/bin/../lib/gcc/arm-none-eabi/11.3.1/thumb/v7-m/nofp/crtbegin.o
                0x0000000020000024                . = ALIGN (0x4)

.bss            0x0000000020000024      0x1d0 load address 0x0000000008003f1c
                0x0000000020000024                _sbss = .
                0x0000000020000024                __bss_start__ = _sbss
 *(.bss)
 .bss           0x0000000020000024       0x1c E:/STM32CubeIDE_1.14.1/STM32CubeIDE/plugins/com.st.stm32cube.ide.mcu.externaltools.gnu-tools-for-stm32.11.3.rel1.win32_1.1.100.202309141235/tools/bin/../lib/gcc/arm-none-eabi/11.3.1/thumb/v7-m/nofp/crtbegin.o
 *(.bss*)
 .bss.hadc1     0x0000000020000040       0x30 ./Core/Src/main.o
                0x0000000020000040                hadc1
 .bss.hdma_adc1
                0x0000000020000070       0x44 ./Core/Src/main.o
                0x0000000020000070                hdma_adc1
 .bss.htim1     0x00000000200000b4       0x48 ./Core/Src/main.o
                0x00000000200000b4                htim1
 .bss.htim2     0x00000000200000fc       0x48 ./Core/Src/main.o
                0x00000000200000fc                htim2
 .bss.htim3     0x0000000020000144       0x48 ./Core/Src/main.o
                0x0000000020000144                htim3
 .bss.htim4     0x000000002000018c       0x48 ./Core/Src/main.o
                0x000000002000018c                htim4
 .bss.step      0x00000000200001d4        0x1 ./Drivers/Application/src/BLDC.o
                0x00000000200001d4                step
 *fill*         0x00000000200001d5        0x3 
 .bss.CurrentSensor_bC
                0x00000000200001d8        0x4 ./Drivers/HAL/Src/ACS758-050B.o
                0x00000000200001d8                CurrentSensor_bC
 .bss.DMA_ADC_Buffer
                0x00000000200001dc        0x6 ./Drivers/HAL/Src/DMA_ADC.o
                0x00000000200001dc                DMA_ADC_Buffer
 .bss.HallSensor_Combined
                0x00000000200001e2        0x1 ./Drivers/HAL/Src/Hall_Sensor.o
                0x00000000200001e2                HallSensor_Combined
 *fill*         0x00000000200001e3        0x1 
 .bss.throttle  0x00000000200001e4        0x4 ./Drivers/HAL/Src/Throttle.o
                0x00000000200001e4                throttle
 .bss.VoltageSensor_bV
                0x00000000200001e8        0x4 ./Drivers/HAL/Src/Voltage_sensor.o
                0x00000000200001e8                VoltageSensor_bV
 .bss.uwTick    0x00000000200001ec        0x4 ./Drivers/STM32F1xx_HAL_Driver/Src/stm32f1xx_hal.o
                0x00000000200001ec                uwTick
 .bss.htim_delay
                0x00000000200001f0        0x4 ./Drivers/Service/Src/Delay.o
 *(COMMON)
                0x00000000200001f4                . = ALIGN (0x4)
                0x00000000200001f4                _ebss = .
                0x00000000200001f4                __bss_end__ = _ebss

._user_heap_stack
                0x00000000200001f4      0x604 load address 0x0000000008003f1c
                0x00000000200001f8                . = ALIGN (0x8)
 *fill*         0x00000000200001f4        0x4 
                [!provide]                        PROVIDE (end = .)
                0x00000000200001f8                PROVIDE (_end = .)
                0x00000000200003f8                . = (. + _Min_Heap_Size)
 *fill*         0x00000000200001f8      0x200 
                0x00000000200007f8                . = (. + _Min_Stack_Size)
 *fill*         0x00000000200003f8      0x400 
                0x00000000200007f8                . = ALIGN (0x8)

/DISCARD/
 libc.a(*)
 libm.a(*)
 libgcc.a(*)

.ARM.attributes
                0x0000000000000000       0x29
 *(.ARM.attributes)
 .ARM.attributes
                0x0000000000000000       0x1d E:/STM32CubeIDE_1.14.1/STM32CubeIDE/plugins/com.st.stm32cube.ide.mcu.externaltools.gnu-tools-for-stm32.11.3.rel1.win32_1.1.100.202309141235/tools/bin/../lib/gcc/arm-none-eabi/11.3.1/thumb/v7-m/nofp/crti.o
 .ARM.attributes
                0x000000000000001d       0x2d E:/STM32CubeIDE_1.14.1/STM32CubeIDE/plugins/com.st.stm32cube.ide.mcu.externaltools.gnu-tools-for-stm32.11.3.rel1.win32_1.1.100.202309141235/tools/bin/../lib/gcc/arm-none-eabi/11.3.1/thumb/v7-m/nofp/crtbegin.o
 .ARM.attributes
                0x000000000000004a       0x2d ./Core/Src/main.o
 .ARM.attributes
                0x0000000000000077       0x2d ./Core/Src/stm32f1xx_hal_msp.o
 .ARM.attributes
                0x00000000000000a4       0x2d ./Core/Src/stm32f1xx_it.o
 .ARM.attributes
                0x00000000000000d1       0x2d ./Core/Src/system_stm32f1xx.o
 .ARM.attributes
                0x00000000000000fe       0x21 ./Core/Startup/startup_stm32f103c8tx.o
 .ARM.attributes
                0x000000000000011f       0x2d ./Drivers/Application/src/BLDC.o
 .ARM.attributes
                0x000000000000014c       0x2d ./Drivers/HAL/Src/ACS758-050B.o
 .ARM.attributes
                0x0000000000000179       0x2d ./Drivers/HAL/Src/DMA_ADC.o
 .ARM.attributes
                0x00000000000001a6       0x2d ./Drivers/HAL/Src/Hall_Sensor.o
 .ARM.attributes
                0x00000000000001d3       0x2d ./Drivers/HAL/Src/Throttle.o
 .ARM.attributes
                0x0000000000000200       0x2d ./Drivers/HAL/Src/Voltage_sensor.o
 .ARM.attributes
                0x000000000000022d       0x2d ./Drivers/STM32F1xx_HAL_Driver/Src/stm32f1xx_hal.o
 .ARM.attributes
                0x000000000000025a       0x2d ./Drivers/STM32F1xx_HAL_Driver/Src/stm32f1xx_hal_adc.o
 .ARM.attributes
                0x0000000000000287       0x2d ./Drivers/STM32F1xx_HAL_Driver/Src/stm32f1xx_hal_adc_ex.o
 .ARM.attributes
                0x00000000000002b4       0x2d ./Drivers/STM32F1xx_HAL_Driver/Src/stm32f1xx_hal_cortex.o
 .ARM.attributes
                0x00000000000002e1       0x2d ./Drivers/STM32F1xx_HAL_Driver/Src/stm32f1xx_hal_dma.o
 .ARM.attributes
                0x000000000000030e       0x2d ./Drivers/STM32F1xx_HAL_Driver/Src/stm32f1xx_hal_gpio.o
 .ARM.attributes
                0x000000000000033b       0x2d ./Drivers/STM32F1xx_HAL_Driver/Src/stm32f1xx_hal_rcc.o
 .ARM.attributes
                0x0000000000000368       0x2d ./Drivers/STM32F1xx_HAL_Driver/Src/stm32f1xx_hal_rcc_ex.o
 .ARM.attributes
                0x0000000000000395       0x2d ./Drivers/STM32F1xx_HAL_Driver/Src/stm32f1xx_hal_tim.o
 .ARM.attributes
                0x00000000000003c2       0x2d ./Drivers/STM32F1xx_HAL_Driver/Src/stm32f1xx_hal_tim_ex.o
 .ARM.attributes
                0x00000000000003ef       0x2d ./Drivers/Service/Src/Delay.o
 .ARM.attributes
                0x000000000000041c       0x2d E:/STM32CubeIDE_1.14.1/STM32CubeIDE/plugins/com.st.stm32cube.ide.mcu.externaltools.gnu-tools-for-stm32.11.3.rel1.win32_1.1.100.202309141235/tools/bin/../lib/gcc/arm-none-eabi/11.3.1/../../../../arm-none-eabi/lib/thumb/v7-m/nofp\libc_nano.a(libc_a-memset.o)
 .ARM.attributes
                0x0000000000000449       0x2d E:/STM32CubeIDE_1.14.1/STM32CubeIDE/plugins/com.st.stm32cube.ide.mcu.externaltools.gnu-tools-for-stm32.11.3.rel1.win32_1.1.100.202309141235/tools/bin/../lib/gcc/arm-none-eabi/11.3.1/../../../../arm-none-eabi/lib/thumb/v7-m/nofp\libc_nano.a(libc_a-init.o)
 .ARM.attributes
                0x0000000000000476       0x1d E:/STM32CubeIDE_1.14.1/STM32CubeIDE/plugins/com.st.stm32cube.ide.mcu.externaltools.gnu-tools-for-stm32.11.3.rel1.win32_1.1.100.202309141235/tools/bin/../lib/gcc/arm-none-eabi/11.3.1/thumb/v7-m/nofp\libgcc.a(_arm_addsubsf3.o)
 .ARM.attributes
                0x0000000000000493       0x1d E:/STM32CubeIDE_1.14.1/STM32CubeIDE/plugins/com.st.stm32cube.ide.mcu.externaltools.gnu-tools-for-stm32.11.3.rel1.win32_1.1.100.202309141235/tools/bin/../lib/gcc/arm-none-eabi/11.3.1/thumb/v7-m/nofp\libgcc.a(_arm_muldivsf3.o)
 .ARM.attributes
                0x00000000000004b0       0x1d E:/STM32CubeIDE_1.14.1/STM32CubeIDE/plugins/com.st.stm32cube.ide.mcu.externaltools.gnu-tools-for-stm32.11.3.rel1.win32_1.1.100.202309141235/tools/bin/../lib/gcc/arm-none-eabi/11.3.1/thumb/v7-m/nofp/crtn.o
OUTPUT(ADC_test.elf elf32-littlearm)
LOAD linker stubs
LOAD E:/STM32CubeIDE_1.14.1/STM32CubeIDE/plugins/com.st.stm32cube.ide.mcu.externaltools.gnu-tools-for-stm32.11.3.rel1.win32_1.1.100.202309141235/tools/bin/../lib/gcc/arm-none-eabi/11.3.1/../../../../arm-none-eabi/lib/thumb/v7-m/nofp\libc.a
LOAD E:/STM32CubeIDE_1.14.1/STM32CubeIDE/plugins/com.st.stm32cube.ide.mcu.externaltools.gnu-tools-for-stm32.11.3.rel1.win32_1.1.100.202309141235/tools/bin/../lib/gcc/arm-none-eabi/11.3.1/../../../../arm-none-eabi/lib/thumb/v7-m/nofp\libm.a
LOAD E:/STM32CubeIDE_1.14.1/STM32CubeIDE/plugins/com.st.stm32cube.ide.mcu.externaltools.gnu-tools-for-stm32.11.3.rel1.win32_1.1.100.202309141235/tools/bin/../lib/gcc/arm-none-eabi/11.3.1/thumb/v7-m/nofp\libgcc.a

.comment        0x0000000000000000       0x43
 .comment       0x0000000000000000       0x43 E:/STM32CubeIDE_1.14.1/STM32CubeIDE/plugins/com.st.stm32cube.ide.mcu.externaltools.gnu-tools-for-stm32.11.3.rel1.win32_1.1.100.202309141235/tools/bin/../lib/gcc/arm-none-eabi/11.3.1/thumb/v7-m/nofp/crtbegin.o
                                         0x44 (size before relaxing)
 .comment       0x0000000000000043       0x44 ./Core/Src/main.o
 .comment       0x0000000000000043       0x44 ./Core/Src/stm32f1xx_hal_msp.o
 .comment       0x0000000000000043       0x44 ./Core/Src/stm32f1xx_it.o
 .comment       0x0000000000000043       0x44 ./Core/Src/system_stm32f1xx.o
 .comment       0x0000000000000043       0x44 ./Drivers/Application/src/BLDC.o
 .comment       0x0000000000000043       0x44 ./Drivers/HAL/Src/ACS758-050B.o
 .comment       0x0000000000000043       0x44 ./Drivers/HAL/Src/DMA_ADC.o
 .comment       0x0000000000000043       0x44 ./Drivers/HAL/Src/Hall_Sensor.o
 .comment       0x0000000000000043       0x44 ./Drivers/HAL/Src/Throttle.o
 .comment       0x0000000000000043       0x44 ./Drivers/HAL/Src/Voltage_sensor.o
 .comment       0x0000000000000043       0x44 ./Drivers/STM32F1xx_HAL_Driver/Src/stm32f1xx_hal.o
 .comment       0x0000000000000043       0x44 ./Drivers/STM32F1xx_HAL_Driver/Src/stm32f1xx_hal_adc.o
 .comment       0x0000000000000043       0x44 ./Drivers/STM32F1xx_HAL_Driver/Src/stm32f1xx_hal_adc_ex.o
 .comment       0x0000000000000043       0x44 ./Drivers/STM32F1xx_HAL_Driver/Src/stm32f1xx_hal_cortex.o
 .comment       0x0000000000000043       0x44 ./Drivers/STM32F1xx_HAL_Driver/Src/stm32f1xx_hal_dma.o
 .comment       0x0000000000000043       0x44 ./Drivers/STM32F1xx_HAL_Driver/Src/stm32f1xx_hal_gpio.o
 .comment       0x0000000000000043       0x44 ./Drivers/STM32F1xx_HAL_Driver/Src/stm32f1xx_hal_rcc.o
 .comment       0x0000000000000043       0x44 ./Drivers/STM32F1xx_HAL_Driver/Src/stm32f1xx_hal_rcc_ex.o
 .comment       0x0000000000000043       0x44 ./Drivers/STM32F1xx_HAL_Driver/Src/stm32f1xx_hal_tim.o
 .comment       0x0000000000000043       0x44 ./Drivers/STM32F1xx_HAL_Driver/Src/stm32f1xx_hal_tim_ex.o
 .comment       0x0000000000000043       0x44 ./Drivers/Service/Src/Delay.o

.debug_info     0x0000000000000000     0xc124
 .debug_info    0x0000000000000000     0x1323 ./Core/Src/main.o
 .debug_info    0x0000000000001323      0xe86 ./Core/Src/stm32f1xx_hal_msp.o
 .debug_info    0x00000000000021a9      0x5aa ./Core/Src/stm32f1xx_it.o
 .debug_info    0x0000000000002753      0x222 ./Core/Src/system_stm32f1xx.o
 .debug_info    0x0000000000002975       0x23 ./Core/Startup/startup_stm32f103c8tx.o
 .debug_info    0x0000000000002998      0x72d ./Drivers/Application/src/BLDC.o
 .debug_info    0x00000000000030c5      0x124 ./Drivers/HAL/Src/ACS758-050B.o
 .debug_info    0x00000000000031e9      0x5a8 ./Drivers/HAL/Src/DMA_ADC.o
 .debug_info    0x0000000000003791      0x2cb ./Drivers/HAL/Src/Hall_Sensor.o
 .debug_info    0x0000000000003a5c      0x156 ./Drivers/HAL/Src/Throttle.o
 .debug_info    0x0000000000003bb2      0x109 ./Drivers/HAL/Src/Voltage_sensor.o
 .debug_info    0x0000000000003cbb      0x704 ./Drivers/STM32F1xx_HAL_Driver/Src/stm32f1xx_hal.o
 .debug_info    0x00000000000043bf      0xc50 ./Drivers/STM32F1xx_HAL_Driver/Src/stm32f1xx_hal_adc.o
 .debug_info    0x000000000000500f      0xa10 ./Drivers/STM32F1xx_HAL_Driver/Src/stm32f1xx_hal_adc_ex.o
 .debug_info    0x0000000000005a1f      0xa87 ./Drivers/STM32F1xx_HAL_Driver/Src/stm32f1xx_hal_cortex.o
 .debug_info    0x00000000000064a6      0x6d2 ./Drivers/STM32F1xx_HAL_Driver/Src/stm32f1xx_hal_dma.o
 .debug_info    0x0000000000006b78      0x5ab ./Drivers/STM32F1xx_HAL_Driver/Src/stm32f1xx_hal_gpio.o
 .debug_info    0x0000000000007123      0x7d5 ./Drivers/STM32F1xx_HAL_Driver/Src/stm32f1xx_hal_rcc.o
 .debug_info    0x00000000000078f8      0x3c0 ./Drivers/STM32F1xx_HAL_Driver/Src/stm32f1xx_hal_rcc_ex.o
 .debug_info    0x0000000000007cb8     0x2959 ./Drivers/STM32F1xx_HAL_Driver/Src/stm32f1xx_hal_tim.o
 .debug_info    0x000000000000a611     0x149b ./Drivers/STM32F1xx_HAL_Driver/Src/stm32f1xx_hal_tim_ex.o
 .debug_info    0x000000000000baac      0x678 ./Drivers/Service/Src/Delay.o

.debug_abbrev   0x0000000000000000     0x2791
 .debug_abbrev  0x0000000000000000      0x307 ./Core/Src/main.o
 .debug_abbrev  0x0000000000000307      0x274 ./Core/Src/stm32f1xx_hal_msp.o
 .debug_abbrev  0x000000000000057b      0x184 ./Core/Src/stm32f1xx_it.o
 .debug_abbrev  0x00000000000006ff      0x13f ./Core/Src/system_stm32f1xx.o
 .debug_abbrev  0x000000000000083e       0x12 ./Core/Startup/startup_stm32f103c8tx.o
 .debug_abbrev  0x0000000000000850      0x1a2 ./Drivers/Application/src/BLDC.o
 .debug_abbrev  0x00000000000009f2       0xb7 ./Drivers/HAL/Src/ACS758-050B.o
 .debug_abbrev  0x0000000000000aa9      0x1a4 ./Drivers/HAL/Src/DMA_ADC.o
 .debug_abbrev  0x0000000000000c4d      0x1b1 ./Drivers/HAL/Src/Hall_Sensor.o
 .debug_abbrev  0x0000000000000dfe       0xdf ./Drivers/HAL/Src/Throttle.o
 .debug_abbrev  0x0000000000000edd       0xb6 ./Drivers/HAL/Src/Voltage_sensor.o
 .debug_abbrev  0x0000000000000f93      0x201 ./Drivers/STM32F1xx_HAL_Driver/Src/stm32f1xx_hal.o
 .debug_abbrev  0x0000000000001194      0x225 ./Drivers/STM32F1xx_HAL_Driver/Src/stm32f1xx_hal_adc.o
 .debug_abbrev  0x00000000000013b9      0x249 ./Drivers/STM32F1xx_HAL_Driver/Src/stm32f1xx_hal_adc_ex.o
 .debug_abbrev  0x0000000000001602      0x2f8 ./Drivers/STM32F1xx_HAL_Driver/Src/stm32f1xx_hal_cortex.o
 .debug_abbrev  0x00000000000018fa      0x20b ./Drivers/STM32F1xx_HAL_Driver/Src/stm32f1xx_hal_dma.o
 .debug_abbrev  0x0000000000001b05      0x1ca ./Drivers/STM32F1xx_HAL_Driver/Src/stm32f1xx_hal_gpio.o
 .debug_abbrev  0x0000000000001ccf      0x2b3 ./Drivers/STM32F1xx_HAL_Driver/Src/stm32f1xx_hal_rcc.o
 .debug_abbrev  0x0000000000001f82      0x188 ./Drivers/STM32F1xx_HAL_Driver/Src/stm32f1xx_hal_rcc_ex.o
 .debug_abbrev  0x000000000000210a      0x277 ./Drivers/STM32F1xx_HAL_Driver/Src/stm32f1xx_hal_tim.o
 .debug_abbrev  0x0000000000002381      0x282 ./Drivers/STM32F1xx_HAL_Driver/Src/stm32f1xx_hal_tim_ex.o
 .debug_abbrev  0x0000000000002603      0x18e ./Drivers/Service/Src/Delay.o

.debug_aranges  0x0000000000000000      0xce0
 .debug_aranges
                0x0000000000000000       0x70 ./Core/Src/main.o
 .debug_aranges
                0x0000000000000070       0x58 ./Core/Src/stm32f1xx_hal_msp.o
 .debug_aranges
                0x00000000000000c8       0x70 ./Core/Src/stm32f1xx_it.o
 .debug_aranges
                0x0000000000000138       0x28 ./Core/Src/system_stm32f1xx.o
 .debug_aranges
                0x0000000000000160       0x28 ./Core/Startup/startup_stm32f103c8tx.o
 .debug_aranges
                0x0000000000000188       0x30 ./Drivers/Application/src/BLDC.o
 .debug_aranges
                0x00000000000001b8       0x28 ./Drivers/HAL/Src/ACS758-050B.o
 .debug_aranges
                0x00000000000001e0       0x28 ./Drivers/HAL/Src/DMA_ADC.o
 .debug_aranges
                0x0000000000000208       0x38 ./Drivers/HAL/Src/Hall_Sensor.o
 .debug_aranges
                0x0000000000000240       0x30 ./Drivers/HAL/Src/Throttle.o
 .debug_aranges
                0x0000000000000270       0x28 ./Drivers/HAL/Src/Voltage_sensor.o
 .debug_aranges
                0x0000000000000298       0xe0 ./Drivers/STM32F1xx_HAL_Driver/Src/stm32f1xx_hal.o
 .debug_aranges
                0x0000000000000378       0xf0 ./Drivers/STM32F1xx_HAL_Driver/Src/stm32f1xx_hal_adc.o
 .debug_aranges
                0x0000000000000468       0x80 ./Drivers/STM32F1xx_HAL_Driver/Src/stm32f1xx_hal_adc_ex.o
 .debug_aranges
                0x00000000000004e8      0x100 ./Drivers/STM32F1xx_HAL_Driver/Src/stm32f1xx_hal_cortex.o
 .debug_aranges
                0x00000000000005e8       0x80 ./Drivers/STM32F1xx_HAL_Driver/Src/stm32f1xx_hal_dma.o
 .debug_aranges
                0x0000000000000668       0x58 ./Drivers/STM32F1xx_HAL_Driver/Src/stm32f1xx_hal_gpio.o
 .debug_aranges
                0x00000000000006c0       0x90 ./Drivers/STM32F1xx_HAL_Driver/Src/stm32f1xx_hal_rcc.o
 .debug_aranges
                0x0000000000000750       0x30 ./Drivers/STM32F1xx_HAL_Driver/Src/stm32f1xx_hal_rcc_ex.o
 .debug_aranges
                0x0000000000000780      0x3d0 ./Drivers/STM32F1xx_HAL_Driver/Src/stm32f1xx_hal_tim.o
 .debug_aranges
                0x0000000000000b50      0x168 ./Drivers/STM32F1xx_HAL_Driver/Src/stm32f1xx_hal_tim_ex.o
 .debug_aranges
                0x0000000000000cb8       0x28 ./Drivers/Service/Src/Delay.o

.debug_rnglists
                0x0000000000000000      0x9ce
 .debug_rnglists
                0x0000000000000000       0x56 ./Core/Src/main.o
 .debug_rnglists
                0x0000000000000056       0x40 ./Core/Src/stm32f1xx_hal_msp.o
 .debug_rnglists
                0x0000000000000096       0x4f ./Core/Src/stm32f1xx_it.o
 .debug_rnglists
                0x00000000000000e5       0x1a ./Core/Src/system_stm32f1xx.o
 .debug_rnglists
                0x00000000000000ff       0x19 ./Core/Startup/startup_stm32f103c8tx.o
 .debug_rnglists
                0x0000000000000118       0x20 ./Drivers/Application/src/BLDC.o
 .debug_rnglists
                0x0000000000000138       0x19 ./Drivers/HAL/Src/ACS758-050B.o
 .debug_rnglists
                0x0000000000000151       0x19 ./Drivers/HAL/Src/DMA_ADC.o
 .debug_rnglists
                0x000000000000016a       0x25 ./Drivers/HAL/Src/Hall_Sensor.o
 .debug_rnglists
                0x000000000000018f       0x1f ./Drivers/HAL/Src/Throttle.o
 .debug_rnglists
                0x00000000000001ae       0x19 ./Drivers/HAL/Src/Voltage_sensor.o
 .debug_rnglists
                0x00000000000001c7       0xa3 ./Drivers/STM32F1xx_HAL_Driver/Src/stm32f1xx_hal.o
 .debug_rnglists
                0x000000000000026a       0xbc ./Drivers/STM32F1xx_HAL_Driver/Src/stm32f1xx_hal_adc.o
 .debug_rnglists
                0x0000000000000326       0x65 ./Drivers/STM32F1xx_HAL_Driver/Src/stm32f1xx_hal_adc_ex.o
 .debug_rnglists
                0x000000000000038b       0xbb ./Drivers/STM32F1xx_HAL_Driver/Src/stm32f1xx_hal_cortex.o
 .debug_rnglists
                0x0000000000000446       0x64 ./Drivers/STM32F1xx_HAL_Driver/Src/stm32f1xx_hal_dma.o
 .debug_rnglists
                0x00000000000004aa       0x3f ./Drivers/STM32F1xx_HAL_Driver/Src/stm32f1xx_hal_gpio.o
 .debug_rnglists
                0x00000000000004e9       0x6c ./Drivers/STM32F1xx_HAL_Driver/Src/stm32f1xx_hal_rcc.o
 .debug_rnglists
                0x0000000000000555       0x21 ./Drivers/STM32F1xx_HAL_Driver/Src/stm32f1xx_hal_rcc_ex.o
 .debug_rnglists
                0x0000000000000576      0x31a ./Drivers/STM32F1xx_HAL_Driver/Src/stm32f1xx_hal_tim.o
 .debug_rnglists
                0x0000000000000890      0x125 ./Drivers/STM32F1xx_HAL_Driver/Src/stm32f1xx_hal_tim_ex.o
 .debug_rnglists
                0x00000000000009b5       0x19 ./Drivers/Service/Src/Delay.o

.debug_macro    0x0000000000000000    0x18268
 .debug_macro   0x0000000000000000      0x222 ./Core/Src/main.o
 .debug_macro   0x0000000000000222      0xa9c ./Core/Src/main.o
 .debug_macro   0x0000000000000cbe      0x221 ./Core/Src/main.o
 .debug_macro   0x0000000000000edf       0x2e ./Core/Src/main.o
 .debug_macro   0x0000000000000f0d       0x22 ./Core/Src/main.o
 .debug_macro   0x0000000000000f2f       0x22 ./Core/Src/main.o
 .debug_macro   0x0000000000000f51       0x8e ./Core/Src/main.o
 .debug_macro   0x0000000000000fdf       0x51 ./Core/Src/main.o
 .debug_macro   0x0000000000001030      0x103 ./Core/Src/main.o
 .debug_macro   0x0000000000001133       0x6a ./Core/Src/main.o
 .debug_macro   0x000000000000119d      0x1df ./Core/Src/main.o
 .debug_macro   0x000000000000137c       0x1c ./Core/Src/main.o
 .debug_macro   0x0000000000001398       0x22 ./Core/Src/main.o
 .debug_macro   0x00000000000013ba       0xbd ./Core/Src/main.o
 .debug_macro   0x0000000000001477      0xd23 ./Core/Src/main.o
 .debug_macro   0x000000000000219a     0xe09e ./Core/Src/main.o
 .debug_macro   0x0000000000010238       0x6d ./Core/Src/main.o
 .debug_macro   0x00000000000102a5     0x34a2 ./Core/Src/main.o
 .debug_macro   0x0000000000013747      0x174 ./Core/Src/main.o
 .debug_macro   0x00000000000138bb       0x5c ./Core/Src/main.o
 .debug_macro   0x0000000000013917      0x5bc ./Core/Src/main.o
 .debug_macro   0x0000000000013ed3      0x289 ./Core/Src/main.o
 .debug_macro   0x000000000001415c      0x1cb ./Core/Src/main.o
 .debug_macro   0x0000000000014327      0x114 ./Core/Src/main.o
 .debug_macro   0x000000000001443b      0x1b2 ./Core/Src/main.o
 .debug_macro   0x00000000000145ed       0x27 ./Core/Src/main.o
 .debug_macro   0x0000000000014614      0x136 ./Core/Src/main.o
 .debug_macro   0x000000000001474a      0x1bc ./Core/Src/main.o
 .debug_macro   0x0000000000014906       0x34 ./Core/Src/main.o
 .debug_macro   0x000000000001493a       0x3c ./Core/Src/main.o
 .debug_macro   0x0000000000014976       0x57 ./Core/Src/main.o
 .debug_macro   0x00000000000149cd      0x46a ./Core/Src/main.o
 .debug_macro   0x0000000000014e37      0x1b5 ./Core/Src/main.o
 .debug_macro   0x0000000000014fec       0x87 ./Core/Src/main.o
 .debug_macro   0x0000000000015073      0x240 ./Core/Src/main.o
 .debug_macro   0x00000000000152b3      0x140 ./Core/Src/main.o
 .debug_macro   0x00000000000153f3      0x8ed ./Core/Src/main.o
 .debug_macro   0x0000000000015ce0       0x83 ./Core/Src/main.o
 .debug_macro   0x0000000000015d63       0x94 ./Core/Src/main.o
 .debug_macro   0x0000000000015df7       0x2e ./Core/Src/main.o
 .debug_macro   0x0000000000015e25       0x10 ./Core/Src/main.o
 .debug_macro   0x0000000000015e35       0x10 ./Core/Src/main.o
 .debug_macro   0x0000000000015e45       0x16 ./Core/Src/main.o
 .debug_macro   0x0000000000015e5b       0x22 ./Core/Src/main.o
 .debug_macro   0x0000000000015e7d       0x58 ./Core/Src/main.o
 .debug_macro   0x0000000000015ed5      0x1bc ./Core/Src/stm32f1xx_hal_msp.o
 .debug_macro   0x0000000000016091      0x1c6 ./Core/Src/stm32f1xx_it.o
 .debug_macro   0x0000000000016257      0x1ad ./Core/Src/system_stm32f1xx.o
 .debug_macro   0x0000000000016404      0x1e7 ./Drivers/Application/src/BLDC.o
 .debug_macro   0x00000000000165eb       0x10 ./Drivers/Application/src/BLDC.o
 .debug_macro   0x00000000000165fb       0x16 ./Drivers/Application/src/BLDC.o
 .debug_macro   0x0000000000016611      0x1c5 ./Drivers/HAL/Src/ACS758-050B.o
 .debug_macro   0x00000000000167d6       0x28 ./Drivers/HAL/Src/ACS758-050B.o
 .debug_macro   0x00000000000167fe      0x1bd ./Drivers/HAL/Src/DMA_ADC.o
 .debug_macro   0x00000000000169bb      0x1bd ./Drivers/HAL/Src/Hall_Sensor.o
 .debug_macro   0x0000000000016b78      0x1c5 ./Drivers/HAL/Src/Throttle.o
 .debug_macro   0x0000000000016d3d      0x1c5 ./Drivers/HAL/Src/Voltage_sensor.o
 .debug_macro   0x0000000000016f02       0x1c ./Drivers/HAL/Src/Voltage_sensor.o
 .debug_macro   0x0000000000016f1e      0x1d1 ./Drivers/STM32F1xx_HAL_Driver/Src/stm32f1xx_hal.o
 .debug_macro   0x00000000000170ef      0x1ca ./Drivers/STM32F1xx_HAL_Driver/Src/stm32f1xx_hal_adc.o
 .debug_macro   0x00000000000172b9      0x1bf ./Drivers/STM32F1xx_HAL_Driver/Src/stm32f1xx_hal_adc_ex.o
 .debug_macro   0x0000000000017478      0x1ad ./Drivers/STM32F1xx_HAL_Driver/Src/stm32f1xx_hal_cortex.o
 .debug_macro   0x0000000000017625      0x1ad ./Drivers/STM32F1xx_HAL_Driver/Src/stm32f1xx_hal_dma.o
 .debug_macro   0x00000000000177d2      0x218 ./Drivers/STM32F1xx_HAL_Driver/Src/stm32f1xx_hal_gpio.o
 .debug_macro   0x00000000000179ea      0x1bf ./Drivers/STM32F1xx_HAL_Driver/Src/stm32f1xx_hal_rcc.o
 .debug_macro   0x0000000000017ba9      0x1ad ./Drivers/STM32F1xx_HAL_Driver/Src/stm32f1xx_hal_rcc_ex.o
 .debug_macro   0x0000000000017d56      0x1ae ./Drivers/STM32F1xx_HAL_Driver/Src/stm32f1xx_hal_tim.o
 .debug_macro   0x0000000000017f04      0x1ad ./Drivers/STM32F1xx_HAL_Driver/Src/stm32f1xx_hal_tim_ex.o
 .debug_macro   0x00000000000180b1      0x1b7 ./Drivers/Service/Src/Delay.o

.debug_line     0x0000000000000000    0x10a55
 .debug_line    0x0000000000000000      0xb7b ./Core/Src/main.o
 .debug_line    0x0000000000000b7b      0x89e ./Core/Src/stm32f1xx_hal_msp.o
 .debug_line    0x0000000000001419      0x804 ./Core/Src/stm32f1xx_it.o
 .debug_line    0x0000000000001c1d      0x790 ./Core/Src/system_stm32f1xx.o
 .debug_line    0x00000000000023ad       0x78 ./Core/Startup/startup_stm32f103c8tx.o
 .debug_line    0x0000000000002425      0x8a9 ./Drivers/Application/src/BLDC.o
 .debug_line    0x0000000000002cce      0x78b ./Drivers/HAL/Src/ACS758-050B.o
 .debug_line    0x0000000000003459      0x763 ./Drivers/HAL/Src/DMA_ADC.o
 .debug_line    0x0000000000003bbc      0x7e2 ./Drivers/HAL/Src/Hall_Sensor.o
 .debug_line    0x000000000000439e      0x79c ./Drivers/HAL/Src/Throttle.o
 .debug_line    0x0000000000004b3a      0x78d ./Drivers/HAL/Src/Voltage_sensor.o
 .debug_line    0x00000000000052c7      0x9bd ./Drivers/STM32F1xx_HAL_Driver/Src/stm32f1xx_hal.o
 .debug_line    0x0000000000005c84     0x103a ./Drivers/STM32F1xx_HAL_Driver/Src/stm32f1xx_hal_adc.o
 .debug_line    0x0000000000006cbe      0xd74 ./Drivers/STM32F1xx_HAL_Driver/Src/stm32f1xx_hal_adc_ex.o
 .debug_line    0x0000000000007a32      0xba5 ./Drivers/STM32F1xx_HAL_Driver/Src/stm32f1xx_hal_cortex.o
 .debug_line    0x00000000000085d7      0xe16 ./Drivers/STM32F1xx_HAL_Driver/Src/stm32f1xx_hal_dma.o
 .debug_line    0x00000000000093ed      0xa56 ./Drivers/STM32F1xx_HAL_Driver/Src/stm32f1xx_hal_gpio.o
 .debug_line    0x0000000000009e43      0xdc6 ./Drivers/STM32F1xx_HAL_Driver/Src/stm32f1xx_hal_rcc.o
 .debug_line    0x000000000000ac09      0x901 ./Drivers/STM32F1xx_HAL_Driver/Src/stm32f1xx_hal_rcc_ex.o
 .debug_line    0x000000000000b50a     0x34c4 ./Drivers/STM32F1xx_HAL_Driver/Src/stm32f1xx_hal_tim.o
 .debug_line    0x000000000000e9ce     0x190c ./Drivers/STM32F1xx_HAL_Driver/Src/stm32f1xx_hal_tim_ex.o
 .debug_line    0x00000000000102da      0x77b ./Drivers/Service/Src/Delay.o

.debug_str      0x0000000000000000    0x89dda
 .debug_str     0x0000000000000000    0x87389 ./Core/Src/main.o
                                      0x8786b (size before relaxing)
 .debug_str     0x0000000000087389      0x12a ./Core/Src/stm32f1xx_hal_msp.o
                                      0x870ab (size before relaxing)
 .debug_str     0x00000000000874b3      0x108 ./Core/Src/stm32f1xx_it.o
                                      0x869b3 (size before relaxing)
 .debug_str     0x00000000000875bb       0x88 ./Core/Src/system_stm32f1xx.o
                                      0x86455 (size before relaxing)
 .debug_str     0x0000000000087643       0x34 ./Core/Startup/startup_stm32f103c8tx.o
                                         0x66 (size before relaxing)
 .debug_str     0x0000000000087677       0xaa ./Drivers/Application/src/BLDC.o
                                      0x86b42 (size before relaxing)
 .debug_str     0x0000000000087721       0x57 ./Drivers/HAL/Src/ACS758-050B.o
                                      0x864d0 (size before relaxing)
 .debug_str     0x0000000000087778       0x40 ./Drivers/HAL/Src/DMA_ADC.o
                                      0x86764 (size before relaxing)
 .debug_str     0x00000000000877b8       0xc9 ./Drivers/HAL/Src/Hall_Sensor.o
                                      0x86503 (size before relaxing)
 .debug_str     0x0000000000087881       0x2e ./Drivers/HAL/Src/Throttle.o
                                      0x86484 (size before relaxing)
 .debug_str     0x00000000000878af       0x35 ./Drivers/HAL/Src/Voltage_sensor.o
                                      0x86484 (size before relaxing)
 .debug_str     0x00000000000878e4      0x38e ./Drivers/STM32F1xx_HAL_Driver/Src/stm32f1xx_hal.o
                                      0x86b88 (size before relaxing)
 .debug_str     0x0000000000087c72      0x351 ./Drivers/STM32F1xx_HAL_Driver/Src/stm32f1xx_hal_adc.o
                                      0x86b39 (size before relaxing)
 .debug_str     0x0000000000087fc3      0x2d8 ./Drivers/STM32F1xx_HAL_Driver/Src/stm32f1xx_hal_adc_ex.o
                                      0x86b09 (size before relaxing)
 .debug_str     0x000000000008829b      0x294 ./Drivers/STM32F1xx_HAL_Driver/Src/stm32f1xx_hal_cortex.o
                                      0x86ad4 (size before relaxing)
 .debug_str     0x000000000008852f      0x1e7 ./Drivers/STM32F1xx_HAL_Driver/Src/stm32f1xx_hal_dma.o
                                      0x867fe (size before relaxing)
 .debug_str     0x0000000000088716      0x2e2 ./Drivers/STM32F1xx_HAL_Driver/Src/stm32f1xx_hal_gpio.o
                                      0x867db (size before relaxing)
 .debug_str     0x00000000000889f8      0x229 ./Drivers/STM32F1xx_HAL_Driver/Src/stm32f1xx_hal_rcc.o
                                      0x86884 (size before relaxing)
 .debug_str     0x0000000000088c21       0x84 ./Drivers/STM32F1xx_HAL_Driver/Src/stm32f1xx_hal_rcc_ex.o
                                      0x865d4 (size before relaxing)
 .debug_str     0x0000000000088ca5      0xd2a ./Drivers/STM32F1xx_HAL_Driver/Src/stm32f1xx_hal_tim.o
                                      0x87886 (size before relaxing)
 .debug_str     0x00000000000899cf      0x3e1 ./Drivers/STM32F1xx_HAL_Driver/Src/stm32f1xx_hal_tim_ex.o
                                      0x87092 (size before relaxing)
 .debug_str     0x0000000000089db0       0x2a ./Drivers/Service/Src/Delay.o
                                      0x868df (size before relaxing)

.debug_frame    0x0000000000000000     0x3338
 .debug_frame   0x0000000000000000      0x18c ./Core/Src/main.o
 .debug_frame   0x000000000000018c      0x144 ./Core/Src/stm32f1xx_hal_msp.o
 .debug_frame   0x00000000000002d0      0x13c ./Core/Src/stm32f1xx_it.o
 .debug_frame   0x000000000000040c       0x58 ./Core/Src/system_stm32f1xx.o
 .debug_frame   0x0000000000000464       0x64 ./Drivers/Application/src/BLDC.o
 .debug_frame   0x00000000000004c8       0x54 ./Drivers/HAL/Src/ACS758-050B.o
 .debug_frame   0x000000000000051c       0x58 ./Drivers/HAL/Src/DMA_ADC.o
 .debug_frame   0x0000000000000574       0x94 ./Drivers/HAL/Src/Hall_Sensor.o
 .debug_frame   0x0000000000000608       0x6c ./Drivers/HAL/Src/Throttle.o
 .debug_frame   0x0000000000000674       0x54 ./Drivers/HAL/Src/Voltage_sensor.o
 .debug_frame   0x00000000000006c8      0x334 ./Drivers/STM32F1xx_HAL_Driver/Src/stm32f1xx_hal.o
 .debug_frame   0x00000000000009fc      0x40c ./Drivers/STM32F1xx_HAL_Driver/Src/stm32f1xx_hal_adc.o
 .debug_frame   0x0000000000000e08      0x200 ./Drivers/STM32F1xx_HAL_Driver/Src/stm32f1xx_hal_adc_ex.o
 .debug_frame   0x0000000000001008      0x428 ./Drivers/STM32F1xx_HAL_Driver/Src/stm32f1xx_hal_cortex.o
 .debug_frame   0x0000000000001430      0x208 ./Drivers/STM32F1xx_HAL_Driver/Src/stm32f1xx_hal_dma.o
 .debug_frame   0x0000000000001638      0x14c ./Drivers/STM32F1xx_HAL_Driver/Src/stm32f1xx_hal_gpio.o
 .debug_frame   0x0000000000001784      0x218 ./Drivers/STM32F1xx_HAL_Driver/Src/stm32f1xx_hal_rcc.o
 .debug_frame   0x000000000000199c       0x80 ./Drivers/STM32F1xx_HAL_Driver/Src/stm32f1xx_hal_rcc_ex.o
 .debug_frame   0x0000000000001a1c     0x11b8 ./Drivers/STM32F1xx_HAL_Driver/Src/stm32f1xx_hal_tim.o
 .debug_frame   0x0000000000002bd4      0x638 ./Drivers/STM32F1xx_HAL_Driver/Src/stm32f1xx_hal_tim_ex.o
 .debug_frame   0x000000000000320c       0x5c ./Drivers/Service/Src/Delay.o
 .debug_frame   0x0000000000003268       0x20 E:/STM32CubeIDE_1.14.1/STM32CubeIDE/plugins/com.st.stm32cube.ide.mcu.externaltools.gnu-tools-for-stm32.11.3.rel1.win32_1.1.100.202309141235/tools/bin/../lib/gcc/arm-none-eabi/11.3.1/../../../../arm-none-eabi/lib/thumb/v7-m/nofp\libc_nano.a(libc_a-memset.o)
 .debug_frame   0x0000000000003288       0x2c E:/STM32CubeIDE_1.14.1/STM32CubeIDE/plugins/com.st.stm32cube.ide.mcu.externaltools.gnu-tools-for-stm32.11.3.rel1.win32_1.1.100.202309141235/tools/bin/../lib/gcc/arm-none-eabi/11.3.1/../../../../arm-none-eabi/lib/thumb/v7-m/nofp\libc_nano.a(libc_a-init.o)
 .debug_frame   0x00000000000032b4       0x4c E:/STM32CubeIDE_1.14.1/STM32CubeIDE/plugins/com.st.stm32cube.ide.mcu.externaltools.gnu-tools-for-stm32.11.3.rel1.win32_1.1.100.202309141235/tools/bin/../lib/gcc/arm-none-eabi/11.3.1/thumb/v7-m/nofp\libgcc.a(_arm_addsubsf3.o)
 .debug_frame   0x0000000000003300       0x38 E:/STM32CubeIDE_1.14.1/STM32CubeIDE/plugins/com.st.stm32cube.ide.mcu.externaltools.gnu-tools-for-stm32.11.3.rel1.win32_1.1.100.202309141235/tools/bin/../lib/gcc/arm-none-eabi/11.3.1/thumb/v7-m/nofp\libgcc.a(_arm_muldivsf3.o)

.debug_line_str
                0x0000000000000000       0x5a
 .debug_line_str
                0x0000000000000000       0x5a ./Core/Startup/startup_stm32f103c8tx.o
                                         0x72 (size before relaxing)
