Archive member included to satisfy reference by file (symbol)

E:/STM32CubeIDE_1.14.1/STM32CubeIDE/plugins/com.st.stm32cube.ide.mcu.externaltools.gnu-tools-for-stm32.11.3.rel1.win32_1.1.100.202309141235/tools/bin/../lib/gcc/arm-none-eabi/11.3.1/../../../../arm-none-eabi/lib/thumb/v7-m/nofp\libc_nano.a(libc_a-exit.o)
                              E:/STM32CubeIDE_1.14.1/STM32CubeIDE/plugins/com.st.stm32cube.ide.mcu.externaltools.gnu-tools-for-stm32.11.3.rel1.win32_1.1.100.202309141235/tools/bin/../lib/gcc/arm-none-eabi/11.3.1/../../../../arm-none-eabi/lib/thumb/v7-m/nofp/crt0.o (exit)
E:/STM32CubeIDE_1.14.1/STM32CubeIDE/plugins/com.st.stm32cube.ide.mcu.externaltools.gnu-tools-for-stm32.11.3.rel1.win32_1.1.100.202309141235/tools/bin/../lib/gcc/arm-none-eabi/11.3.1/../../../../arm-none-eabi/lib/thumb/v7-m/nofp\libc_nano.a(libc_a-findfp.o)
                              E:/STM32CubeIDE_1.14.1/STM32CubeIDE/plugins/com.st.stm32cube.ide.mcu.externaltools.gnu-tools-for-stm32.11.3.rel1.win32_1.1.100.202309141235/tools/bin/../lib/gcc/arm-none-eabi/11.3.1/../../../../arm-none-eabi/lib/thumb/v7-m/nofp\libc_nano.a(libc_a-exit.o) (__stdio_exit_handler)
E:/STM32CubeIDE_1.14.1/STM32CubeIDE/plugins/com.st.stm32cube.ide.mcu.externaltools.gnu-tools-for-stm32.11.3.rel1.win32_1.1.100.202309141235/tools/bin/../lib/gcc/arm-none-eabi/11.3.1/../../../../arm-none-eabi/lib/thumb/v7-m/nofp\libc_nano.a(libc_a-fwalk.o)
                              E:/STM32CubeIDE_1.14.1/STM32CubeIDE/plugins/com.st.stm32cube.ide.mcu.externaltools.gnu-tools-for-stm32.11.3.rel1.win32_1.1.100.202309141235/tools/bin/../lib/gcc/arm-none-eabi/11.3.1/../../../../arm-none-eabi/lib/thumb/v7-m/nofp\libc_nano.a(libc_a-findfp.o) (_fwalk_sglue)
E:/STM32CubeIDE_1.14.1/STM32CubeIDE/plugins/com.st.stm32cube.ide.mcu.externaltools.gnu-tools-for-stm32.11.3.rel1.win32_1.1.100.202309141235/tools/bin/../lib/gcc/arm-none-eabi/11.3.1/../../../../arm-none-eabi/lib/thumb/v7-m/nofp\libc_nano.a(libc_a-stdio.o)
                              E:/STM32CubeIDE_1.14.1/STM32CubeIDE/plugins/com.st.stm32cube.ide.mcu.externaltools.gnu-tools-for-stm32.11.3.rel1.win32_1.1.100.202309141235/tools/bin/../lib/gcc/arm-none-eabi/11.3.1/../../../../arm-none-eabi/lib/thumb/v7-m/nofp\libc_nano.a(libc_a-findfp.o) (__sread)
E:/STM32CubeIDE_1.14.1/STM32CubeIDE/plugins/com.st.stm32cube.ide.mcu.externaltools.gnu-tools-for-stm32.11.3.rel1.win32_1.1.100.202309141235/tools/bin/../lib/gcc/arm-none-eabi/11.3.1/../../../../arm-none-eabi/lib/thumb/v7-m/nofp\libc_nano.a(libc_a-memset.o)
                              E:/STM32CubeIDE_1.14.1/STM32CubeIDE/plugins/com.st.stm32cube.ide.mcu.externaltools.gnu-tools-for-stm32.11.3.rel1.win32_1.1.100.202309141235/tools/bin/../lib/gcc/arm-none-eabi/11.3.1/../../../../arm-none-eabi/lib/thumb/v7-m/nofp/crt0.o (memset)
E:/STM32CubeIDE_1.14.1/STM32CubeIDE/plugins/com.st.stm32cube.ide.mcu.externaltools.gnu-tools-for-stm32.11.3.rel1.win32_1.1.100.202309141235/tools/bin/../lib/gcc/arm-none-eabi/11.3.1/../../../../arm-none-eabi/lib/thumb/v7-m/nofp\libc_nano.a(libc_a-closer.o)
                              E:/STM32CubeIDE_1.14.1/STM32CubeIDE/plugins/com.st.stm32cube.ide.mcu.externaltools.gnu-tools-for-stm32.11.3.rel1.win32_1.1.100.202309141235/tools/bin/../lib/gcc/arm-none-eabi/11.3.1/../../../../arm-none-eabi/lib/thumb/v7-m/nofp\libc_nano.a(libc_a-stdio.o) (_close_r)
E:/STM32CubeIDE_1.14.1/STM32CubeIDE/plugins/com.st.stm32cube.ide.mcu.externaltools.gnu-tools-for-stm32.11.3.rel1.win32_1.1.100.202309141235/tools/bin/../lib/gcc/arm-none-eabi/11.3.1/../../../../arm-none-eabi/lib/thumb/v7-m/nofp\libc_nano.a(libc_a-reent.o)
                              E:/STM32CubeIDE_1.14.1/STM32CubeIDE/plugins/com.st.stm32cube.ide.mcu.externaltools.gnu-tools-for-stm32.11.3.rel1.win32_1.1.100.202309141235/tools/bin/../lib/gcc/arm-none-eabi/11.3.1/../../../../arm-none-eabi/lib/thumb/v7-m/nofp\libc_nano.a(libc_a-closer.o) (errno)
E:/STM32CubeIDE_1.14.1/STM32CubeIDE/plugins/com.st.stm32cube.ide.mcu.externaltools.gnu-tools-for-stm32.11.3.rel1.win32_1.1.100.202309141235/tools/bin/../lib/gcc/arm-none-eabi/11.3.1/../../../../arm-none-eabi/lib/thumb/v7-m/nofp\libc_nano.a(libc_a-impure.o)
                              E:/STM32CubeIDE_1.14.1/STM32CubeIDE/plugins/com.st.stm32cube.ide.mcu.externaltools.gnu-tools-for-stm32.11.3.rel1.win32_1.1.100.202309141235/tools/bin/../lib/gcc/arm-none-eabi/11.3.1/../../../../arm-none-eabi/lib/thumb/v7-m/nofp\libc_nano.a(libc_a-reent.o) (_impure_ptr)
E:/STM32CubeIDE_1.14.1/STM32CubeIDE/plugins/com.st.stm32cube.ide.mcu.externaltools.gnu-tools-for-stm32.11.3.rel1.win32_1.1.100.202309141235/tools/bin/../lib/gcc/arm-none-eabi/11.3.1/../../../../arm-none-eabi/lib/thumb/v7-m/nofp\libc_nano.a(libc_a-lseekr.o)
[...]
Memory Configuration

Name             Origin             Length             Attributes
RAM              0x0000000020000000 0x0000000000005000 xrw
FLASH            0x0000000008000000 0x0000000000010000 xr
*default*        0x0000000000000000 0xffffffffffffffff

Linker script and memory map

LOAD E:/STM32CubeIDE_1.14.1/STM32CubeIDE/plugins/com.st.stm32cube.ide.mcu.externaltools.gnu-tools-for-stm32.11.3.rel1.win32_1.1.100.202309141235/tools/bin/../lib/gcc/arm-none-eabi/11.3.1/thumb/v7-m/nofp/crti.o
LOAD E:/STM32CubeIDE_1.14.1/STM32CubeIDE/plugins/com.st.stm32cube.ide.mcu.externaltools.gnu-tools-for-stm32.11.3.rel1.win32_1.1.100.202309141235/tools/bin/../lib/gcc/arm-none-eabi/11.3.1/thumb/v7-m/nofp/crtbegin.o
LOAD E:/STM32CubeIDE_1.14.1/STM32CubeIDE/plugins/com.st.stm32cube.ide.mcu.externaltools.gnu-tools-for-stm32.11.3.rel1.win32_1.1.100.202309141235/tools/bin/../lib/gcc/arm-none-eabi/11.3.1/../../../../arm-none-eabi/lib/thumb/v7-m/nofp/crt0.o
LOAD ./Core/Src/main.o
LOAD ./Core/Src/stm32f1xx_hal_msp.o
LOAD ./Core/Src/stm32f1xx_it.o
LOAD ./Core/Src/syscalls.o
LOAD ./Core/Src/sysmem.o
LOAD ./Core/Src/system_stm32f1xx.o
LOAD ./Core/Startup/startup_stm32f103c8tx.o
LOAD ./Drivers/Application/src/BLDC.o
LOAD ./Drivers/HAL/Src/ACS758-050B.o
LOAD ./Drivers/HAL/Src/CAN.o
LOAD ./Drivers/HAL/Src/DMA_ADC.o
LOAD ./Drivers/HAL/Src/Hall_Sensor.o
LOAD ./Drivers/HAL/Src/NixtonLcd.o
LOAD ./Drivers/HAL/Src/Throttle.o
LOAD ./Drivers/HAL/Src/Voltage_sensor.o
LOAD ./Drivers/STM32F1xx_HAL_Driver/Src/stm32f1xx_hal.o
LOAD ./Drivers/STM32F1xx_HAL_Driver/Src/stm32f1xx_hal_adc.o
LOAD ./Drivers/STM32F1xx_HAL_Driver/Src/stm32f1xx_hal_adc_ex.o
LOAD ./Drivers/STM32F1xx_HAL_Driver/Src/stm32f1xx_hal_cortex.o
LOAD ./Drivers/STM32F1xx_HAL_Driver/Src/stm32f1xx_hal_dma.o
LOAD ./Drivers/STM32F1xx_HAL_Driver/Src/stm32f1xx_hal_exti.o
LOAD ./Drivers/STM32F1xx_HAL_Driver/Src/stm32f1xx_hal_flash.o
LOAD ./Drivers/STM32F1xx_HAL_Driver/Src/stm32f1xx_hal_flash_ex.o
LOAD ./Drivers/STM32F1xx_HAL_Driver/Src/stm32f1xx_hal_gpio.o
LOAD ./Drivers/STM32F1xx_HAL_Driver/Src/stm32f1xx_hal_gpio_ex.o
LOAD ./Drivers/STM32F1xx_HAL_Driver/Src/stm32f1xx_hal_pwr.o
LOAD ./Drivers/STM32F1xx_HAL_Driver/Src/stm32f1xx_hal_rcc.o
LOAD ./Drivers/STM32F1xx_HAL_Driver/Src/stm32f1xx_hal_rcc_ex.o
LOAD ./Drivers/STM32F1xx_HAL_Driver/Src/stm32f1xx_hal_tim.o
LOAD ./Drivers/STM32F1xx_HAL_Driver/Src/stm32f1xx_hal_tim_ex.o
LOAD ./Drivers/Service/Src/Delay.o
LOAD ./Drivers/Service/Src/SpeedDWT.o
START GROUP
LOAD E:/STM32CubeIDE_1.14.1/STM32CubeIDE/plugins/com.st.stm32cube.ide.mcu.externaltools.gnu-tools-for-stm32.11.3.rel1.win32_1.1.100.202309141235/tools/bin/../lib/gcc/arm-none-eabi/11.3.1/../../../../arm-none-eabi/lib/thumb/v7-m/nofp\libc_nano.a
LOAD E:/STM32CubeIDE_1.14.1/STM32CubeIDE/plugins/com.st.stm32cube.ide.mcu.externaltools.gnu-tools-for-stm32.11.3.rel1.win32_1.1.100.202309141235/tools/bin/../lib/gcc/arm-none-eabi/11.3.1/../../../../arm-none-eabi/lib/thumb/v7-m/nofp\libm.a
END GROUP
START GROUP
LOAD E:/STM32CubeIDE_1.14.1/STM32CubeIDE/plugins/com.st.stm32cube.ide.mcu.externaltools.gnu-tools-for-stm32.11.3.rel1.win32_1.1.100.202309141235/tools/bin/../lib/gcc/arm-none-eabi/11.3.1/thumb/v7-m/nofp\libgcc.a
LOAD E:/STM32CubeIDE_1.14.1/STM32CubeIDE/plugins/com.st.stm32cube.ide.mcu.externaltools.gnu-tools-for-stm32.11.3.rel1.win32_1.1.100.202309141235/tools/bin/../lib/gcc/arm-none-eabi/11.3.1/../../../../arm-none-eabi/lib/thumb/v7-m/nofp\libc_nano.a
END GROUP
START GROUP
LOAD E:/STM32CubeIDE_1.14.1/STM32CubeIDE/plugins/com.st.stm32cube.ide.mcu.externaltools.gnu-tools-for-stm32.11.3.rel1.win32_1.1.100.202309141235/tools/bin/../lib/gcc/arm-none-eabi/11.3.1/thumb/v7-m/nofp\libgcc.a
LOAD E:/STM32CubeIDE_1.14.1/STM32CubeIDE/plugins/com.st.stm32cube.ide.mcu.externaltools.gnu-tools-for-stm32.11.3.rel1.win32_1.1.100.202309141235/tools/bin/../lib/gcc/arm-none-eabi/11.3.1/../../../../arm-none-eabi/lib/thumb/v7-m/nofp\libc_nano.a
LOAD E:/STM32CubeIDE_1.14.1/STM32CubeIDE/plugins/com.st.stm32cube.ide.mcu.externaltools.gnu-tools-for-stm32.11.3.rel1.win32_1.1.100.202309141235/tools/bin/../lib/gcc/arm-none-eabi/11.3.1/../../../../arm-none-eabi/lib/thumb/v7-m/nofp\libnosys.a
END GROUP
START GROUP
LOAD E:/STM32CubeIDE_1.14.1/STM32CubeIDE/plugins/com.st.stm32cube.ide.mcu.externaltools.gnu-tools-for-stm32.11.3.rel1.win32_1.1.100.202309141235/tools/bin/../lib/gcc/arm-none-eabi/11.3.1/thumb/v7-m/nofp\libgcc.a
LOAD E:/STM32CubeIDE_1.14.1/STM32CubeIDE/plugins/com.st.stm32cube.ide.mcu.externaltools.gnu-tools-for-stm32.11.3.rel1.win32_1.1.100.202309141235/tools/bin/../lib/gcc/arm-none-eabi/11.3.1/../../../../arm-none-eabi/lib/thumb/v7-m/nofp\libc_nano.a
LOAD E:/STM32CubeIDE_1.14.1/STM32CubeIDE/plugins/com.st.stm32cube.ide.mcu.externaltools.gnu-tools-for-stm32.11.3.rel1.win32_1.1.100.202309141235/tools/bin/../lib/gcc/arm-none-eabi/11.3.1/../../../../arm-none-eabi/lib/thumb/v7-m/nofp\libnosys.a
END GROUP
LOAD E:/STM32CubeIDE_1.14.1/STM32CubeIDE/plugins/com.st.stm32cube.ide.mcu.externaltools.gnu-tools-for-stm32.11.3.rel1.win32_1.1.100.202309141235/tools/bin/../lib/gcc/arm-none-eabi/11.3.1/thumb/v7-m/nofp/crtend.o
LOAD E:/STM32CubeIDE_1.14.1/STM32CubeIDE/plugins/com.st.stm32cube.ide.mcu.externaltools.gnu-tools-for-stm32.11.3.rel1.win32_1.1.100.202309141235/tools/bin/../lib/gcc/arm-none-eabi/11.3.1/thumb/v7-m/nofp/crtn.o
                0x0000000020005000                _estack = (ORIGIN (RAM) + LENGTH (RAM))
                0x0000000000000200                _Min_Heap_Size = 0x200
                0x0000000000000400                _Min_Stack_Size = 0x400

.isr_vector     0x0000000008000000      0x10c
                0x0000000008000000                . = ALIGN (0x4)
 *(.isr_vector)
 .isr_vector    0x0000000008000000      0x10c ./Core/Startup/startup_stm32f103c8tx.o
                0x0000000008000000                g_pfnVectors
                0x000000000800010c                . = ALIGN (0x4)

.text           0x000000000800010c     0x3f48
                0x000000000800010c                . = ALIGN (0x4)
 *(.text)
 .text          0x000000000800010c       0x40 E:/STM32CubeIDE_1.14.1/STM32CubeIDE/plugins/com.st.stm32cube.ide.mcu.externaltools.gnu-tools-for-stm32.11.3.rel1.win32_1.1.100.202309141235/tools/bin/../lib/gcc/arm-none-eabi/11.3.1/thumb/v7-m/nofp/crtbegin.o
 .text          0x000000000800014c      0x21c E:/STM32CubeIDE_1.14.1/STM32CubeIDE/plugins/com.st.stm32cube.ide.mcu.externaltools.gnu-tools-for-stm32.11.3.rel1.win32_1.1.100.202309141235/tools/bin/../lib/gcc/arm-none-eabi/11.3.1/thumb/v7-m/nofp\libgcc.a(_arm_addsubsf3.o)
                0x000000000800014c                __aeabi_frsub
                0x0000000008000154                __subsf3
                0x0000000008000154                __aeabi_fsub
                0x0000000008000158                __aeabi_fadd
                0x0000000008000158                __addsf3
                0x00000000080002b8                __aeabi_ui2f
                0x00000000080002b8                __floatunsisf
                0x00000000080002c0                __aeabi_i2f
                0x00000000080002c0                __floatsisf
                0x00000000080002dc                __aeabi_ul2f
                0x00000000080002dc                __floatundisf
                0x00000000080002ec                __aeabi_l2f
                0x00000000080002ec                __floatdisf
 .text          0x0000000008000368      0x2a0 E:/STM32CubeIDE_1.14.1/STM32CubeIDE/plugins/com.st.stm32cube.ide.mcu.externaltools.gnu-tools-for-stm32.11.3.rel1.win32_1.1.100.202309141235/tools/bin/../lib/gcc/arm-none-eabi/11.3.1/thumb/v7-m/nofp\libgcc.a(_arm_muldivsf3.o)
                0x0000000008000368                __mulsf3
                0x0000000008000368                __aeabi_fmul
                0x00000000080004d0                __aeabi_fdiv
                0x00000000080004d0                __divsf3
 *(.text*)
 .text.main     0x0000000008000608       0x6c ./Core/Src/main.o
                0x0000000008000608                main
 .text.SystemClock_Config
                0x0000000008000674       0xb6 ./Core/Src/main.o
                0x0000000008000674                SystemClock_Config
 *fill*         0x000000000800072a        0x2 
 .text.MX_ADC1_Init
                0x000000000800072c       0xb8 ./Core/Src/main.o
 .text.MX_TIM1_Init
                0x00000000080007e4      0x11c ./Core/Src/main.o
 .text.MX_TIM2_Init
                0x0000000008000900       0x98 ./Core/Src/main.o
 .text.MX_TIM3_Init
                0x0000000008000998       0xc8 ./Core/Src/main.o
 .text.MX_TIM4_Init
                0x0000000008000a60       0xc8 ./Core/Src/main.o
 .text.MX_DMA_Init
                0x0000000008000b28       0x3c ./Core/Src/main.o
 .text.MX_GPIO_Init
                0x0000000008000b64       0x84 ./Core/Src/main.o
 .text.HAL_ADC_ConvCpltCallback
                0x0000000008000be8       0x12 ./Core/Src/main.o
                0x0000000008000be8                HAL_ADC_ConvCpltCallback
 .text.Error_Handler
                0x0000000008000bfa        0xa ./Core/Src/main.o
                0x0000000008000bfa                Error_Handler
 .text.HAL_MspInit
                0x0000000008000c04       0x64 ./Core/Src/stm32f1xx_hal_msp.o
                0x0000000008000c04                HAL_MspInit
 .text.HAL_ADC_MspInit
                0x0000000008000c68       0xe0 ./Core/Src/stm32f1xx_hal_msp.o
                0x0000000008000c68                HAL_ADC_MspInit
 .text.HAL_TIM_PWM_MspInit
                0x0000000008000d48       0x8c ./Core/Src/stm32f1xx_hal_msp.o
                0x0000000008000d48                HAL_TIM_PWM_MspInit
 .text.HAL_TIM_Base_MspInit
                0x0000000008000dd4       0x38 ./Core/Src/stm32f1xx_hal_msp.o
                0x0000000008000dd4                HAL_TIM_Base_MspInit
 .text.HAL_TIM_MspPostInit
                0x0000000008000e0c      0x11c ./Core/Src/stm32f1xx_hal_msp.o
                0x0000000008000e0c                HAL_TIM_MspPostInit
 .text.NMI_Handler
                0x0000000008000f28        0x6 ./Core/Src/stm32f1xx_it.o
                0x0000000008000f28                NMI_Handler
 .text.HardFault_Handler
                0x0000000008000f2e        0x6 ./Core/Src/stm32f1xx_it.o
                0x0000000008000f2e                HardFault_Handler
 .text.MemManage_Handler
                0x0000000008000f34        0x6 ./Core/Src/stm32f1xx_it.o
                0x0000000008000f34                MemManage_Handler
 .text.BusFault_Handler
                0x0000000008000f3a        0x6 ./Core/Src/stm32f1xx_it.o
                0x0000000008000f3a                BusFault_Handler
 .text.UsageFault_Handler
                0x0000000008000f40        0x6 ./Core/Src/stm32f1xx_it.o
                0x0000000008000f40                UsageFault_Handler
 .text.SVC_Handler
                0x0000000008000f46        0xc ./Core/Src/stm32f1xx_it.o
                0x0000000008000f46                SVC_Handler
 .text.DebugMon_Handler
                0x0000000008000f52        0xc ./Core/Src/stm32f1xx_it.o
                0x0000000008000f52                DebugMon_Handler
 .text.PendSV_Handler
                0x0000000008000f5e        0xc ./Core/Src/stm32f1xx_it.o
                0x0000000008000f5e                PendSV_Handler
 .text.SysTick_Handler
                0x0000000008000f6a        0xc ./Core/Src/stm32f1xx_it.o
                0x0000000008000f6a                SysTick_Handler
 *fill*         0x0000000008000f76        0x2 
 .text.DMA1_Channel1_IRQHandler
                0x0000000008000f78       0x14 ./Core/Src/stm32f1xx_it.o
                0x0000000008000f78                DMA1_Channel1_IRQHandler
 .text.ADC1_2_IRQHandler
                0x0000000008000f8c       0x14 ./Core/Src/stm32f1xx_it.o
                0x0000000008000f8c                ADC1_2_IRQHandler
 .text.SystemInit
                0x0000000008000fa0        0xc ./Core/Src/system_stm32f1xx.o
                0x0000000008000fa0                SystemInit
 .text.Reset_Handler
                0x0000000008000fac       0x48 ./Core/Startup/startup_stm32f103c8tx.o
                0x0000000008000fac                Reset_Handler
 .text.Default_Handler
                0x0000000008000ff4        0x2 ./Core/Startup/startup_stm32f103c8tx.o
                0x0000000008000ff4                RTC_Alarm_IRQHandler
                0x0000000008000ff4                EXTI2_IRQHandler
                0x0000000008000ff4                TIM1_CC_IRQHandler
                0x0000000008000ff4                PVD_IRQHandler
                0x0000000008000ff4                EXTI3_IRQHandler
                0x0000000008000ff4                EXTI0_IRQHandler
                0x0000000008000ff4                I2C2_EV_IRQHandler
                0x0000000008000ff4                SPI1_IRQHandler
                0x0000000008000ff4                TAMPER_IRQHandler
                0x0000000008000ff4                DMA1_Channel4_IRQHandler
                0x0000000008000ff4                USART3_IRQHandler
                0x0000000008000ff4                RTC_IRQHandler
                0x0000000008000ff4                DMA1_Channel7_IRQHandler
                0x0000000008000ff4                CAN1_RX1_IRQHandler
                0x0000000008000ff4                TIM4_IRQHandler
                0x0000000008000ff4                I2C1_EV_IRQHandler
                0x0000000008000ff4                DMA1_Channel6_IRQHandler
                0x0000000008000ff4                TIM3_IRQHandler
                0x0000000008000ff4                RCC_IRQHandler
                0x0000000008000ff4                TIM1_TRG_COM_IRQHandler
                0x0000000008000ff4                Default_Handler
                0x0000000008000ff4                EXTI15_10_IRQHandler
                0x0000000008000ff4                EXTI9_5_IRQHandler
                0x0000000008000ff4                SPI2_IRQHandler
                0x0000000008000ff4                DMA1_Channel5_IRQHandler
                0x0000000008000ff4                EXTI4_IRQHandler
                0x0000000008000ff4                USB_LP_CAN1_RX0_IRQHandler
                0x0000000008000ff4                USB_HP_CAN1_TX_IRQHandler
                0x0000000008000ff4                DMA1_Channel3_IRQHandler
                0x0000000008000ff4                TIM1_UP_IRQHandler
                0x0000000008000ff4                WWDG_IRQHandler
                0x0000000008000ff4                TIM2_IRQHandler
                0x0000000008000ff4                TIM1_BRK_IRQHandler
                0x0000000008000ff4                EXTI1_IRQHandler
                0x0000000008000ff4                USART2_IRQHandler
                0x0000000008000ff4                I2C2_ER_IRQHandler
                0x0000000008000ff4                DMA1_Channel2_IRQHandler
                0x0000000008000ff4                CAN1_SCE_IRQHandler
                0x0000000008000ff4                FLASH_IRQHandler
                0x0000000008000ff4                USART1_IRQHandler
                0x0000000008000ff4                I2C1_ER_IRQHandler
                0x0000000008000ff4                USBWakeUp_IRQHandler
 *fill*         0x0000000008000ff6        0x2 
 .text.BLDC_Init
                0x0000000008000ff8       0x48 ./Drivers/Application/src/BLDC.o
                0x0000000008000ff8                BLDC_Init
 .text.BLDC_DecideStep
                0x0000000008001040       0x78 ./Drivers/Application/src/BLDC.o
                0x0000000008001040                BLDC_DecideStep
 .text.BLDC_Comutate
                0x00000000080010b8      0x1e8 ./Drivers/Application/src/BLDC.o
                0x00000000080010b8                BLDC_Comutate
 .text.CurrentSensor_Init
                0x00000000080012a0        0xc ./Drivers/HAL/Src/ACS758-050B.o
                0x00000000080012a0                CurrentSensor_Init
 .text.CurrentSensor_Read
                0x00000000080012ac       0x7c ./Drivers/HAL/Src/ACS758-050B.o
                0x00000000080012ac                CurrentSensor_Read
 .text.DMA_ADC_Init
                0x0000000008001328       0x20 ./Drivers/HAL/Src/DMA_ADC.o
                0x0000000008001328                DMA_ADC_Init
 .text.HallSensor_Init
                0x0000000008001348        0xc ./Drivers/HAL/Src/Hall_Sensor.o
                0x0000000008001348                HallSensor_Init
 .text.HallSensor_ReadWithFilter
                0x0000000008001354       0x64 ./Drivers/HAL/Src/Hall_Sensor.o
                0x0000000008001354                HallSensor_ReadWithFilter
 .text.HallSensor_GetCombinedHallState
                0x00000000080013b8       0x58 ./Drivers/HAL/Src/Hall_Sensor.o
                0x00000000080013b8                HallSensor_GetCombinedHallState
 .text.Throttle_Init
                0x0000000008001410        0xc ./Drivers/HAL/Src/Throttle.o
                0x0000000008001410                Throttle_Init
 .text.Throttle_GetRaw
                0x000000000800141c       0x28 ./Drivers/HAL/Src/Throttle.o
                0x000000000800141c                Throttle_GetRaw
 .text.Throttle_Map
                0x0000000008001444       0x44 ./Drivers/HAL/Src/Throttle.o
                0x0000000008001444                Throttle_Map
 .text.VoltageSensor_Init
                0x0000000008001488        0xc ./Drivers/HAL/Src/Voltage_sensor.o
                0x0000000008001488                VoltageSensor_Init
 .text.VoltageSensor_Read
                0x0000000008001494       0x58 ./Drivers/HAL/Src/Voltage_sensor.o
                0x0000000008001494                VoltageSensor_Read
 .text.HAL_Init
                0x00000000080014ec       0x2c ./Drivers/STM32F1xx_HAL_Driver/Src/stm32f1xx_hal.o
                0x00000000080014ec                HAL_Init
 .text.HAL_InitTick
                0x0000000008001518       0x60 ./Drivers/STM32F1xx_HAL_Driver/Src/stm32f1xx_hal.o
                0x0000000008001518                HAL_InitTick
 .text.HAL_IncTick
                0x0000000008001578       0x24 ./Drivers/STM32F1xx_HAL_Driver/Src/stm32f1xx_hal.o
                0x0000000008001578                HAL_IncTick
 .text.HAL_GetTick
                0x000000000800159c       0x14 ./Drivers/STM32F1xx_HAL_Driver/Src/stm32f1xx_hal.o
                0x000000000800159c                HAL_GetTick
 .text.HAL_ADC_Init
                0x00000000080015b0      0x1b0 ./Drivers/STM32F1xx_HAL_Driver/Src/stm32f1xx_hal_adc.o
                0x00000000080015b0                HAL_ADC_Init
 .text.HAL_ADC_Start_DMA
                0x0000000008001760      0x1bc ./Drivers/STM32F1xx_HAL_Driver/Src/stm32f1xx_hal_adc.o
                0x0000000008001760                HAL_ADC_Start_DMA
 .text.HAL_ADC_IRQHandler
                0x000000000800191c      0x17e ./Drivers/STM32F1xx_HAL_Driver/Src/stm32f1xx_hal_adc.o
                0x000000000800191c                HAL_ADC_IRQHandler
 .text.HAL_ADC_ConvHalfCpltCallback
                0x0000000008001a9a       0x12 ./Drivers/STM32F1xx_HAL_Driver/Src/stm32f1xx_hal_adc.o
                0x0000000008001a9a                HAL_ADC_ConvHalfCpltCallback
 .text.HAL_ADC_LevelOutOfWindowCallback
                0x0000000008001aac       0x12 ./Drivers/STM32F1xx_HAL_Driver/Src/stm32f1xx_hal_adc.o
                0x0000000008001aac                HAL_ADC_LevelOutOfWindowCallback
 .text.HAL_ADC_ErrorCallback
                0x0000000008001abe       0x12 ./Drivers/STM32F1xx_HAL_Driver/Src/stm32f1xx_hal_adc.o
                0x0000000008001abe                HAL_ADC_ErrorCallback
 .text.HAL_ADC_ConfigChannel
                0x0000000008001ad0      0x1f0 ./Drivers/STM32F1xx_HAL_Driver/Src/stm32f1xx_hal_adc.o
                0x0000000008001ad0                HAL_ADC_ConfigChannel
 .text.ADC_Enable
                0x0000000008001cc0       0xb4 ./Drivers/STM32F1xx_HAL_Driver/Src/stm32f1xx_hal_adc.o
                0x0000000008001cc0                ADC_Enable
 .text.ADC_ConversionStop_Disable
                0x0000000008001d74       0x82 ./Drivers/STM32F1xx_HAL_Driver/Src/stm32f1xx_hal_adc.o
                0x0000000008001d74                ADC_ConversionStop_Disable
 .text.ADC_DMAConvCplt
                0x0000000008001df6       0x7c ./Drivers/STM32F1xx_HAL_Driver/Src/stm32f1xx_hal_adc.o
                0x0000000008001df6                ADC_DMAConvCplt
 .text.ADC_DMAHalfConvCplt
                0x0000000008001e72       0x1c ./Drivers/STM32F1xx_HAL_Driver/Src/stm32f1xx_hal_adc.o
                0x0000000008001e72                ADC_DMAHalfConvCplt
 .text.ADC_DMAError
                0x0000000008001e8e       0x34 ./Drivers/STM32F1xx_HAL_Driver/Src/stm32f1xx_hal_adc.o
                0x0000000008001e8e                ADC_DMAError
 .text.HAL_ADCEx_InjectedConvCpltCallback
                0x0000000008001ec2       0x12 ./Drivers/STM32F1xx_HAL_Driver/Src/stm32f1xx_hal_adc_ex.o
                0x0000000008001ec2                HAL_ADCEx_InjectedConvCpltCallback
 .text.__NVIC_SetPriorityGrouping
                0x0000000008001ed4       0x48 ./Drivers/STM32F1xx_HAL_Driver/Src/stm32f1xx_hal_cortex.o
 .text.__NVIC_GetPriorityGrouping
                0x0000000008001f1c       0x1c ./Drivers/STM32F1xx_HAL_Driver/Src/stm32f1xx_hal_cortex.o
 .text.__NVIC_EnableIRQ
                0x0000000008001f38       0x38 ./Drivers/STM32F1xx_HAL_Driver/Src/stm32f1xx_hal_cortex.o
 .text.__NVIC_SetPriority
                0x0000000008001f70       0x54 ./Drivers/STM32F1xx_HAL_Driver/Src/stm32f1xx_hal_cortex.o
 .text.NVIC_EncodePriority
                0x0000000008001fc4       0x64 ./Drivers/STM32F1xx_HAL_Driver/Src/stm32f1xx_hal_cortex.o
 .text.SysTick_Config
                0x0000000008002028       0x44 ./Drivers/STM32F1xx_HAL_Driver/Src/stm32f1xx_hal_cortex.o
 .text.HAL_NVIC_SetPriorityGrouping
                0x000000000800206c       0x16 ./Drivers/STM32F1xx_HAL_Driver/Src/stm32f1xx_hal_cortex.o
                0x000000000800206c                HAL_NVIC_SetPriorityGrouping
 .text.HAL_NVIC_SetPriority
                0x0000000008002082       0x38 ./Drivers/STM32F1xx_HAL_Driver/Src/stm32f1xx_hal_cortex.o
                0x0000000008002082                HAL_NVIC_SetPriority
 .text.HAL_NVIC_EnableIRQ
                0x00000000080020ba       0x1c ./Drivers/STM32F1xx_HAL_Driver/Src/stm32f1xx_hal_cortex.o
                0x00000000080020ba                HAL_NVIC_EnableIRQ
 .text.HAL_SYSTICK_Config
                0x00000000080020d6       0x18 ./Drivers/STM32F1xx_HAL_Driver/Src/stm32f1xx_hal_cortex.o
                0x00000000080020d6                HAL_SYSTICK_Config
 *fill*         0x00000000080020ee        0x2 
 .text.HAL_DMA_Init
                0x00000000080020f0       0xb4 ./Drivers/STM32F1xx_HAL_Driver/Src/stm32f1xx_hal_dma.o
                0x00000000080020f0                HAL_DMA_Init
 .text.HAL_DMA_Start_IT
                0x00000000080021a4       0xc0 ./Drivers/STM32F1xx_HAL_Driver/Src/stm32f1xx_hal_dma.o
                0x00000000080021a4                HAL_DMA_Start_IT
 .text.HAL_DMA_IRQHandler
                0x0000000008002264      0x20c ./Drivers/STM32F1xx_HAL_Driver/Src/stm32f1xx_hal_dma.o
                0x0000000008002264                HAL_DMA_IRQHandler
 .text.DMA_SetConfig
                0x0000000008002470       0x5a ./Drivers/STM32F1xx_HAL_Driver/Src/stm32f1xx_hal_dma.o
 *fill*         0x00000000080024ca        0x2 
 .text.HAL_GPIO_Init
                0x00000000080024cc      0x308 ./Drivers/STM32F1xx_HAL_Driver/Src/stm32f1xx_hal_gpio.o
                0x00000000080024cc                HAL_GPIO_Init
 .text.HAL_GPIO_ReadPin
                0x00000000080027d4       0x2e ./Drivers/STM32F1xx_HAL_Driver/Src/stm32f1xx_hal_gpio.o
                0x00000000080027d4                HAL_GPIO_ReadPin
 *fill*         0x0000000008002802        0x2 
 .text.HAL_RCC_OscConfig
                0x0000000008002804      0x504 ./Drivers/STM32F1xx_HAL_Driver/Src/stm32f1xx_hal_rcc.o
                0x0000000008002804                HAL_RCC_OscConfig
 .text.HAL_RCC_ClockConfig
                0x0000000008002d08      0x1d4 ./Drivers/STM32F1xx_HAL_Driver/Src/stm32f1xx_hal_rcc.o
                0x0000000008002d08                HAL_RCC_ClockConfig
 .text.HAL_RCC_GetSysClockFreq
                0x0000000008002edc       0xa8 ./Drivers/STM32F1xx_HAL_Driver/Src/stm32f1xx_hal_rcc.o
                0x0000000008002edc                HAL_RCC_GetSysClockFreq
 .text.RCC_Delay
                0x0000000008002f84       0x3c ./Drivers/STM32F1xx_HAL_Driver/Src/stm32f1xx_hal_rcc.o
 .text.HAL_RCCEx_PeriphCLKConfig
                0x0000000008002fc0      0x16c ./Drivers/STM32F1xx_HAL_Driver/Src/stm32f1xx_hal_rcc_ex.o
                0x0000000008002fc0                HAL_RCCEx_PeriphCLKConfig
 .text.HAL_TIM_Base_Init
                0x000000000800312c       0x9e ./Drivers/STM32F1xx_HAL_Driver/Src/stm32f1xx_hal_tim.o
                0x000000000800312c                HAL_TIM_Base_Init
 *fill*         0x00000000080031ca        0x2 
 .text.HAL_TIM_Base_Start
                0x00000000080031cc       0x94 ./Drivers/STM32F1xx_HAL_Driver/Src/stm32f1xx_hal_tim.o
                0x00000000080031cc                HAL_TIM_Base_Start
 .text.HAL_TIM_PWM_Init
                0x0000000008003260       0x9e ./Drivers/STM32F1xx_HAL_Driver/Src/stm32f1xx_hal_tim.o
                0x0000000008003260                HAL_TIM_PWM_Init
 *fill*         0x00000000080032fe        0x2 
 .text.HAL_TIM_PWM_Start
                0x0000000008003300      0x144 ./Drivers/STM32F1xx_HAL_Driver/Src/stm32f1xx_hal_tim.o
                0x0000000008003300                HAL_TIM_PWM_Start
 .text.HAL_TIM_PWM_ConfigChannel
                0x0000000008003444      0x184 ./Drivers/STM32F1xx_HAL_Driver/Src/stm32f1xx_hal_tim.o
                0x0000000008003444                HAL_TIM_PWM_ConfigChannel
 .text.HAL_TIM_ConfigClockSource
                0x00000000080035c8      0x18e ./Drivers/STM32F1xx_HAL_Driver/Src/stm32f1xx_hal_tim.o
                0x00000000080035c8                HAL_TIM_ConfigClockSource
 *fill*         0x0000000008003756        0x2 
 .text.TIM_Base_SetConfig
                0x0000000008003758       0xdc ./Drivers/STM32F1xx_HAL_Driver/Src/stm32f1xx_hal_tim.o
                0x0000000008003758                TIM_Base_SetConfig
 .text.TIM_OC1_SetConfig
                0x0000000008003834       0xcc ./Drivers/STM32F1xx_HAL_Driver/Src/stm32f1xx_hal_tim.o
 .text.TIM_OC2_SetConfig
                0x0000000008003900       0xd4 ./Drivers/STM32F1xx_HAL_Driver/Src/stm32f1xx_hal_tim.o
                0x0000000008003900                TIM_OC2_SetConfig
 .text.TIM_OC3_SetConfig
                0x00000000080039d4       0xd4 ./Drivers/STM32F1xx_HAL_Driver/Src/stm32f1xx_hal_tim.o
 .text.TIM_OC4_SetConfig
                0x0000000008003aa8       0x9c ./Drivers/STM32F1xx_HAL_Driver/Src/stm32f1xx_hal_tim.o
 .text.TIM_TI1_ConfigInputStage
                0x0000000008003b44       0x5c ./Drivers/STM32F1xx_HAL_Driver/Src/stm32f1xx_hal_tim.o
 .text.TIM_TI2_ConfigInputStage
                0x0000000008003ba0       0x5e ./Drivers/STM32F1xx_HAL_Driver/Src/stm32f1xx_hal_tim.o
 .text.TIM_ITRx_SetConfig
                0x0000000008003bfe       0x34 ./Drivers/STM32F1xx_HAL_Driver/Src/stm32f1xx_hal_tim.o
 .text.TIM_ETR_SetConfig
                0x0000000008003c32       0x3e ./Drivers/STM32F1xx_HAL_Driver/Src/stm32f1xx_hal_tim.o
                0x0000000008003c32                TIM_ETR_SetConfig
 .text.TIM_CCxChannelCmd
                0x0000000008003c70       0x48 ./Drivers/STM32F1xx_HAL_Driver/Src/stm32f1xx_hal_tim.o
                0x0000000008003c70                TIM_CCxChannelCmd
 .text.HAL_TIMEx_MasterConfigSynchronization
                0x0000000008003cb8       0xbc ./Drivers/STM32F1xx_HAL_Driver/Src/stm32f1xx_hal_tim_ex.o
                0x0000000008003cb8                HAL_TIMEx_MasterConfigSynchronization
 .text.HAL_TIMEx_ConfigBreakDeadTime
                0x0000000008003d74       0xa2 ./Drivers/STM32F1xx_HAL_Driver/Src/stm32f1xx_hal_tim_ex.o
                0x0000000008003d74                HAL_TIMEx_ConfigBreakDeadTime
 *fill*         0x0000000008003e16        0x2 
 .text.DelayUs_init
                0x0000000008003e18       0x24 ./Drivers/Service/Src/Delay.o
                0x0000000008003e18                DelayUs_init
 .text.DelayUs  0x0000000008003e3c       0x34 ./Drivers/Service/Src/Delay.o
                0x0000000008003e3c                DelayUs
 .text.Speed_Init
                0x0000000008003e70       0x68 ./Drivers/Service/Src/SpeedDWT.o
                0x0000000008003e70                Speed_Init
 .text.Speed_CaptureDiff
                0x0000000008003ed8       0x4c ./Drivers/Service/Src/SpeedDWT.o
                0x0000000008003ed8                Speed_CaptureDiff
 .text.Speed_Process
                0x0000000008003f24       0xc0 ./Drivers/Service/Src/SpeedDWT.o
                0x0000000008003f24                Speed_Process
 .text.memset   0x0000000008003fe4       0x10 E:/STM32CubeIDE_1.14.1/STM32CubeIDE/plugins/com.st.stm32cube.ide.mcu.externaltools.gnu-tools-for-stm32.11.3.rel1.win32_1.1.100.202309141235/tools/bin/../lib/gcc/arm-none-eabi/11.3.1/../../../../arm-none-eabi/lib/thumb/v7-m/nofp\libc_nano.a(libc_a-memset.o)
                0x0000000008003fe4                memset
 .text.__libc_init_array
                0x0000000008003ff4       0x48 E:/STM32CubeIDE_1.14.1/STM32CubeIDE/plugins/com.st.stm32cube.ide.mcu.externaltools.gnu-tools-for-stm32.11.3.rel1.win32_1.1.100.202309141235/tools/bin/../lib/gcc/arm-none-eabi/11.3.1/../../../../arm-none-eabi/lib/thumb/v7-m/nofp\libc_nano.a(libc_a-init.o)
                0x0000000008003ff4                __libc_init_array
 *(.glue_7)
 .glue_7        0x000000000800403c        0x0 linker stubs
 *(.glue_7t)
 .glue_7t       0x000000000800403c        0x0 linker stubs
 *(.eh_frame)
 .eh_frame      0x000000000800403c        0x0 E:/STM32CubeIDE_1.14.1/STM32CubeIDE/plugins/com.st.stm32cube.ide.mcu.externaltools.gnu-tools-for-stm32.11.3.rel1.win32_1.1.100.202309141235/tools/bin/../lib/gcc/arm-none-eabi/11.3.1/thumb/v7-m/nofp/crtbegin.o
 *(.init)
 .init          0x000000000800403c        0x4 E:/STM32CubeIDE_1.14.1/STM32CubeIDE/plugins/com.st.stm32cube.ide.mcu.externaltools.gnu-tools-for-stm32.11.3.rel1.win32_1.1.100.202309141235/tools/bin/../lib/gcc/arm-none-eabi/11.3.1/thumb/v7-m/nofp/crti.o
                0x000000000800403c                _init
 .init          0x0000000008004040        0x8 E:/STM32CubeIDE_1.14.1/STM32CubeIDE/plugins/com.st.stm32cube.ide.mcu.externaltools.gnu-tools-for-stm32.11.3.rel1.win32_1.1.100.202309141235/tools/bin/../lib/gcc/arm-none-eabi/11.3.1/thumb/v7-m/nofp/crtn.o
 *(.fini)
 .fini          0x0000000008004048        0x4 E:/STM32CubeIDE_1.14.1/STM32CubeIDE/plugins/com.st.stm32cube.ide.mcu.externaltools.gnu-tools-for-stm32.11.3.rel1.win32_1.1.100.202309141235/tools/bin/../lib/gcc/arm-none-eabi/11.3.1/thumb/v7-m/nofp/crti.o
                0x0000000008004048                _fini
 .fini          0x000000000800404c        0x8 E:/STM32CubeIDE_1.14.1/STM32CubeIDE/plugins/com.st.stm32cube.ide.mcu.externaltools.gnu-tools-for-stm32.11.3.rel1.win32_1.1.100.202309141235/tools/bin/../lib/gcc/arm-none-eabi/11.3.1/thumb/v7-m/nofp/crtn.o
                0x0000000008004054                . = ALIGN (0x4)
                0x0000000008004054                _etext = .

.vfp11_veneer   0x0000000008004054        0x0
 .vfp11_veneer  0x0000000008004054        0x0 linker stubs

.v4_bx          0x0000000008004054        0x0
 .v4_bx         0x0000000008004054        0x0 linker stubs

.iplt           0x0000000008004054        0x0
 .iplt          0x0000000008004054        0x0 E:/STM32CubeIDE_1.14.1/STM32CubeIDE/plugins/com.st.stm32cube.ide.mcu.externaltools.gnu-tools-for-stm32.11.3.rel1.win32_1.1.100.202309141235/tools/bin/../lib/gcc/arm-none-eabi/11.3.1/thumb/v7-m/nofp/crtbegin.o

.rodata         0x0000000008004054       0x24
                0x0000000008004054                . = ALIGN (0x4)
 *(.rodata)
 *(.rodata*)
 .rodata.AHBPrescTable
                0x0000000008004054       0x10 ./Core/Src/system_stm32f1xx.o
                0x0000000008004054                AHBPrescTable
 .rodata.aPLLMULFactorTable.1
                0x0000000008004064       0x10 ./Drivers/STM32F1xx_HAL_Driver/Src/stm32f1xx_hal_rcc.o
 .rodata.aPredivFactorTable.0
                0x0000000008004074        0x2 ./Drivers/STM32F1xx_HAL_Driver/Src/stm32f1xx_hal_rcc.o
                0x0000000008004078                . = ALIGN (0x4)
 *fill*         0x0000000008004076        0x2 

.rel.dyn        0x0000000008004078        0x0
 .rel.iplt      0x0000000008004078        0x0 E:/STM32CubeIDE_1.14.1/STM32CubeIDE/plugins/com.st.stm32cube.ide.mcu.externaltools.gnu-tools-for-stm32.11.3.rel1.win32_1.1.100.202309141235/tools/bin/../lib/gcc/arm-none-eabi/11.3.1/thumb/v7-m/nofp/crtbegin.o

.ARM.extab      0x0000000008004078        0x0
                0x0000000008004078                . = ALIGN (0x4)
 *(.ARM.extab* .gnu.linkonce.armextab.*)
                0x0000000008004078                . = ALIGN (0x4)

.ARM            0x0000000008004078        0x0
                0x0000000008004078                . = ALIGN (0x4)
                0x0000000008004078                __exidx_start = .
 *(.ARM.exidx*)
                0x0000000008004078                __exidx_end = .
                0x0000000008004078                . = ALIGN (0x4)

.preinit_array  0x0000000008004078        0x0
                0x0000000008004078                . = ALIGN (0x4)
                0x0000000008004078                PROVIDE (__preinit_array_start = .)
 *(.preinit_array*)
                0x0000000008004078                PROVIDE (__preinit_array_end = .)
                0x0000000008004078                . = ALIGN (0x4)

.init_array     0x0000000008004078        0x4
                0x0000000008004078                . = ALIGN (0x4)
                0x0000000008004078                PROVIDE (__init_array_start = .)
 *(SORT_BY_NAME(.init_array.*))
 *(.init_array*)
 .init_array    0x0000000008004078        0x4 E:/STM32CubeIDE_1.14.1/STM32CubeIDE/plugins/com.st.stm32cube.ide.mcu.externaltools.gnu-tools-for-stm32.11.3.rel1.win32_1.1.100.202309141235/tools/bin/../lib/gcc/arm-none-eabi/11.3.1/thumb/v7-m/nofp/crtbegin.o
                0x000000000800407c                PROVIDE (__init_array_end = .)
                0x000000000800407c                . = ALIGN (0x4)

.fini_array     0x000000000800407c        0x4
                0x000000000800407c                . = ALIGN (0x4)
                [!provide]                        PROVIDE (__fini_array_start = .)
 *(SORT_BY_NAME(.fini_array.*))
 *(.fini_array*)
 .fini_array    0x000000000800407c        0x4 E:/STM32CubeIDE_1.14.1/STM32CubeIDE/plugins/com.st.stm32cube.ide.mcu.externaltools.gnu-tools-for-stm32.11.3.rel1.win32_1.1.100.202309141235/tools/bin/../lib/gcc/arm-none-eabi/11.3.1/thumb/v7-m/nofp/crtbegin.o
                [!provide]                        PROVIDE (__fini_array_end = .)
                0x0000000008004080                . = ALIGN (0x4)
                0x0000000008004080                _sidata = LOADADDR (.data)

.data           0x0000000020000000       0x24 load address 0x0000000008004080
                0x0000000020000000                . = ALIGN (0x4)
                0x0000000020000000                _sdata = .
 *(.data)
 *(.data*)
 .data.SystemCoreClock
                0x0000000020000000        0x4 ./Core/Src/system_stm32f1xx.o
                0x0000000020000000                SystemCoreClock
 .data.hallA    0x0000000020000004        0x8 ./Drivers/HAL/Src/Hall_Sensor.o
                0x0000000020000004                hallA
 .data.hallB    0x000000002000000c        0x8 ./Drivers/HAL/Src/Hall_Sensor.o
                0x000000002000000c                hallB
 .data.hallC    0x0000000020000014        0x8 ./Drivers/HAL/Src/Hall_Sensor.o
                0x0000000020000014                hallC
 .data.uwTickPrio
                0x000000002000001c        0x4 ./Drivers/STM32F1xx_HAL_Driver/Src/stm32f1xx_hal.o
                0x000000002000001c                uwTickPrio
 .data.uwTickFreq
                0x0000000020000020        0x1 ./Drivers/STM32F1xx_HAL_Driver/Src/stm32f1xx_hal.o
                0x0000000020000020                uwTickFreq
 .data.stopped  0x0000000020000021        0x1 ./Drivers/Service/Src/SpeedDWT.o
 *(.RamFunc)
 *(.RamFunc*)
                0x0000000020000024                . = ALIGN (0x4)
 *fill*         0x0000000020000022        0x2 
                0x0000000020000024                _edata = .

.igot.plt       0x0000000020000024        0x0 load address 0x00000000080040a4
 .igot.plt      0x0000000020000024        0x0 E:/STM32CubeIDE_1.14.1/STM32CubeIDE/plugins/com.st.stm32cube.ide.mcu.externaltools.gnu-tools-for-stm32.11.3.rel1.win32_1.1.100.202309141235/tools/bin/../lib/gcc/arm-none-eabi/11.3.1/thumb/v7-m/nofp/crtbegin.o
                0x0000000020000024                . = ALIGN (0x4)

.bss            0x0000000020000024      0x1e0 load address 0x00000000080040a4
                0x0000000020000024                _sbss = .
                0x0000000020000024                __bss_start__ = _sbss
 *(.bss)
 .bss           0x0000000020000024       0x1c E:/STM32CubeIDE_1.14.1/STM32CubeIDE/plugins/com.st.stm32cube.ide.mcu.externaltools.gnu-tools-for-stm32.11.3.rel1.win32_1.1.100.202309141235/tools/bin/../lib/gcc/arm-none-eabi/11.3.1/thumb/v7-m/nofp/crtbegin.o
 *(.bss*)
 .bss.hadc1     0x0000000020000040       0x30 ./Core/Src/main.o
                0x0000000020000040                hadc1
 .bss.hdma_adc1
                0x0000000020000070       0x44 ./Core/Src/main.o
                0x0000000020000070                hdma_adc1
 .bss.htim1     0x00000000200000b4       0x48 ./Core/Src/main.o
                0x00000000200000b4                htim1
 .bss.htim2     0x00000000200000fc       0x48 ./Core/Src/main.o
                0x00000000200000fc                htim2
 .bss.htim3     0x0000000020000144       0x48 ./Core/Src/main.o
                0x0000000020000144                htim3
 .bss.htim4     0x000000002000018c       0x48 ./Core/Src/main.o
                0x000000002000018c                htim4
 .bss.step      0x00000000200001d4        0x1 ./Drivers/Application/src/BLDC.o
                0x00000000200001d4                step
 *fill*         0x00000000200001d5        0x3 
 .bss.CurrentSensor_bC
                0x00000000200001d8        0x4 ./Drivers/HAL/Src/ACS758-050B.o
                0x00000000200001d8                CurrentSensor_bC
 .bss.DMA_ADC_Buffer
                0x00000000200001dc        0x6 ./Drivers/HAL/Src/DMA_ADC.o
                0x00000000200001dc                DMA_ADC_Buffer
 .bss.HallSensor_Combined
                0x00000000200001e2        0x1 ./Drivers/HAL/Src/Hall_Sensor.o
                0x00000000200001e2                HallSensor_Combined
 *fill*         0x00000000200001e3        0x1 
 .bss.throttle  0x00000000200001e4        0x4 ./Drivers/HAL/Src/Throttle.o
                0x00000000200001e4                throttle
 .bss.VoltageSensor_bV
                0x00000000200001e8        0x4 ./Drivers/HAL/Src/Voltage_sensor.o
                0x00000000200001e8                VoltageSensor_bV
 .bss.uwTick    0x00000000200001ec        0x4 ./Drivers/STM32F1xx_HAL_Driver/Src/stm32f1xx_hal.o
                0x00000000200001ec                uwTick
 .bss.htim_delay
                0x00000000200001f0        0x4 ./Drivers/Service/Src/Delay.o
 .bss.last_time
                0x00000000200001f4        0x4 ./Drivers/Service/Src/SpeedDWT.o
 .bss.last_diff
                0x00000000200001f8        0x4 ./Drivers/Service/Src/SpeedDWT.o
 .bss.rpm_filtered
                0x00000000200001fc        0x4 ./Drivers/Service/Src/SpeedDWT.o
 .bss.last_update_tick
                0x0000000020000200        0x4 ./Drivers/Service/Src/SpeedDWT.o
 *(COMMON)
                0x0000000020000204                . = ALIGN (0x4)
                0x0000000020000204                _ebss = .
                0x0000000020000204                __bss_end__ = _ebss

._user_heap_stack
                0x0000000020000204      0x604 load address 0x00000000080040a4
                0x0000000020000208                . = ALIGN (0x8)
 *fill*         0x0000000020000204        0x4 
                [!provide]                        PROVIDE (end = .)
                0x0000000020000208                PROVIDE (_end = .)
                0x0000000020000408                . = (. + _Min_Heap_Size)
 *fill*         0x0000000020000208      0x200 
                0x0000000020000808                . = (. + _Min_Stack_Size)
 *fill*         0x0000000020000408      0x400 
                0x0000000020000808                . = ALIGN (0x8)

/DISCARD/
 libc.a(*)
 libm.a(*)
 libgcc.a(*)

.ARM.attributes
                0x0000000000000000       0x29
 *(.ARM.attributes)
 .ARM.attributes
                0x0000000000000000       0x1d E:/STM32CubeIDE_1.14.1/STM32CubeIDE/plugins/com.st.stm32cube.ide.mcu.externaltools.gnu-tools-for-stm32.11.3.rel1.win32_1.1.100.202309141235/tools/bin/../lib/gcc/arm-none-eabi/11.3.1/thumb/v7-m/nofp/crti.o
 .ARM.attributes
                0x000000000000001d       0x2d E:/STM32CubeIDE_1.14.1/STM32CubeIDE/plugins/com.st.stm32cube.ide.mcu.externaltools.gnu-tools-for-stm32.11.3.rel1.win32_1.1.100.202309141235/tools/bin/../lib/gcc/arm-none-eabi/11.3.1/thumb/v7-m/nofp/crtbegin.o
 .ARM.attributes
                0x000000000000004a       0x2d ./Core/Src/main.o
 .ARM.attributes
                0x0000000000000077       0x2d ./Core/Src/stm32f1xx_hal_msp.o
 .ARM.attributes
                0x00000000000000a4       0x2d ./Core/Src/stm32f1xx_it.o
 .ARM.attributes
                0x00000000000000d1       0x2d ./Core/Src/system_stm32f1xx.o
 .ARM.attributes
                0x00000000000000fe       0x21 ./Core/Startup/startup_stm32f103c8tx.o
 .ARM.attributes
                0x000000000000011f       0x2d ./Drivers/Application/src/BLDC.o
 .ARM.attributes
                0x000000000000014c       0x2d ./Drivers/HAL/Src/ACS758-050B.o
 .ARM.attributes
                0x0000000000000179       0x2d ./Drivers/HAL/Src/DMA_ADC.o
 .ARM.attributes
                0x00000000000001a6       0x2d ./Drivers/HAL/Src/Hall_Sensor.o
 .ARM.attributes
                0x00000000000001d3       0x2d ./Drivers/HAL/Src/Throttle.o
 .ARM.attributes
                0x0000000000000200       0x2d ./Drivers/HAL/Src/Voltage_sensor.o
 .ARM.attributes
                0x000000000000022d       0x2d ./Drivers/STM32F1xx_HAL_Driver/Src/stm32f1xx_hal.o
 .ARM.attributes
                0x000000000000025a       0x2d ./Drivers/STM32F1xx_HAL_Driver/Src/stm32f1xx_hal_adc.o
 .ARM.attributes
                0x0000000000000287       0x2d ./Drivers/STM32F1xx_HAL_Driver/Src/stm32f1xx_hal_adc_ex.o
 .ARM.attributes
                0x00000000000002b4       0x2d ./Drivers/STM32F1xx_HAL_Driver/Src/stm32f1xx_hal_cortex.o
 .ARM.attributes
                0x00000000000002e1       0x2d ./Drivers/STM32F1xx_HAL_Driver/Src/stm32f1xx_hal_dma.o
 .ARM.attributes
                0x000000000000030e       0x2d ./Drivers/STM32F1xx_HAL_Driver/Src/stm32f1xx_hal_gpio.o
 .ARM.attributes
                0x000000000000033b       0x2d ./Drivers/STM32F1xx_HAL_Driver/Src/stm32f1xx_hal_rcc.o
 .ARM.attributes
                0x0000000000000368       0x2d ./Drivers/STM32F1xx_HAL_Driver/Src/stm32f1xx_hal_rcc_ex.o
 .ARM.attributes
                0x0000000000000395       0x2d ./Drivers/STM32F1xx_HAL_Driver/Src/stm32f1xx_hal_tim.o
 .ARM.attributes
                0x00000000000003c2       0x2d ./Drivers/STM32F1xx_HAL_Driver/Src/stm32f1xx_hal_tim_ex.o
 .ARM.attributes
                0x00000000000003ef       0x2d ./Drivers/Service/Src/Delay.o
 .ARM.attributes
                0x000000000000041c       0x2d ./Drivers/Service/Src/SpeedDWT.o
 .ARM.attributes
                0x0000000000000449       0x2d E:/STM32CubeIDE_1.14.1/STM32CubeIDE/plugins/com.st.stm32cube.ide.mcu.externaltools.gnu-tools-for-stm32.11.3.rel1.win32_1.1.100.202309141235/tools/bin/../lib/gcc/arm-none-eabi/11.3.1/../../../../arm-none-eabi/lib/thumb/v7-m/nofp\libc_nano.a(libc_a-memset.o)
 .ARM.attributes
                0x0000000000000476       0x2d E:/STM32CubeIDE_1.14.1/STM32CubeIDE/plugins/com.st.stm32cube.ide.mcu.externaltools.gnu-tools-for-stm32.11.3.rel1.win32_1.1.100.202309141235/tools/bin/../lib/gcc/arm-none-eabi/11.3.1/../../../../arm-none-eabi/lib/thumb/v7-m/nofp\libc_nano.a(libc_a-init.o)
 .ARM.attributes
                0x00000000000004a3       0x1d E:/STM32CubeIDE_1.14.1/STM32CubeIDE/plugins/com.st.stm32cube.ide.mcu.externaltools.gnu-tools-for-stm32.11.3.rel1.win32_1.1.100.202309141235/tools/bin/../lib/gcc/arm-none-eabi/11.3.1/thumb/v7-m/nofp\libgcc.a(_arm_addsubsf3.o)
 .ARM.attributes
                0x00000000000004c0       0x1d E:/STM32CubeIDE_1.14.1/STM32CubeIDE/plugins/com.st.stm32cube.ide.mcu.externaltools.gnu-tools-for-stm32.11.3.rel1.win32_1.1.100.202309141235/tools/bin/../lib/gcc/arm-none-eabi/11.3.1/thumb/v7-m/nofp\libgcc.a(_arm_muldivsf3.o)
 .ARM.attributes
                0x00000000000004dd       0x1d E:/STM32CubeIDE_1.14.1/STM32CubeIDE/plugins/com.st.stm32cube.ide.mcu.externaltools.gnu-tools-for-stm32.11.3.rel1.win32_1.1.100.202309141235/tools/bin/../lib/gcc/arm-none-eabi/11.3.1/thumb/v7-m/nofp/crtn.o
OUTPUT(Motor_Main_SEM26.elf elf32-littlearm)
LOAD linker stubs
LOAD E:/STM32CubeIDE_1.14.1/STM32CubeIDE/plugins/com.st.stm32cube.ide.mcu.externaltools.gnu-tools-for-stm32.11.3.rel1.win32_1.1.100.202309141235/tools/bin/../lib/gcc/arm-none-eabi/11.3.1/../../../../arm-none-eabi/lib/thumb/v7-m/nofp\libc.a
LOAD E:/STM32CubeIDE_1.14.1/STM32CubeIDE/plugins/com.st.stm32cube.ide.mcu.externaltools.gnu-tools-for-stm32.11.3.rel1.win32_1.1.100.202309141235/tools/bin/../lib/gcc/arm-none-eabi/11.3.1/../../../../arm-none-eabi/lib/thumb/v7-m/nofp\libm.a
LOAD E:/STM32CubeIDE_1.14.1/STM32CubeIDE/plugins/com.st.stm32cube.ide.mcu.externaltools.gnu-tools-for-stm32.11.3.rel1.win32_1.1.100.202309141235/tools/bin/../lib/gcc/arm-none-eabi/11.3.1/thumb/v7-m/nofp\libgcc.a

.comment        0x0000000000000000       0x43
 .comment       0x0000000000000000       0x43 E:/STM32CubeIDE_1.14.1/STM32CubeIDE/plugins/com.st.stm32cube.ide.mcu.externaltools.gnu-tools-for-stm32.11.3.rel1.win32_1.1.100.202309141235/tools/bin/../lib/gcc/arm-none-eabi/11.3.1/thumb/v7-m/nofp/crtbegin.o
                                         0x44 (size before relaxing)
 .comment       0x0000000000000043       0x44 ./Core/Src/main.o
 .comment       0x0000000000000043       0x44 ./Core/Src/stm32f1xx_hal_msp.o
 .comment       0x0000000000000043       0x44 ./Core/Src/stm32f1xx_it.o
 .comment       0x0000000000000043       0x44 ./Core/Src/system_stm32f1xx.o
 .comment       0x0000000000000043       0x44 ./Drivers/Application/src/BLDC.o
 .comment       0x0000000000000043       0x44 ./Drivers/HAL/Src/ACS758-050B.o
 .comment       0x0000000000000043       0x44 ./Drivers/HAL/Src/DMA_ADC.o
 .comment       0x0000000000000043       0x44 ./Drivers/HAL/Src/Hall_Sensor.o
 .comment       0x0000000000000043       0x44 ./Drivers/HAL/Src/Throttle.o
 .comment       0x0000000000000043       0x44 ./Drivers/HAL/Src/Voltage_sensor.o
 .comment       0x0000000000000043       0x44 ./Drivers/STM32F1xx_HAL_Driver/Src/stm32f1xx_hal.o
 .comment       0x0000000000000043       0x44 ./Drivers/STM32F1xx_HAL_Driver/Src/stm32f1xx_hal_adc.o
 .comment       0x0000000000000043       0x44 ./Drivers/STM32F1xx_HAL_Driver/Src/stm32f1xx_hal_adc_ex.o
 .comment       0x0000000000000043       0x44 ./Drivers/STM32F1xx_HAL_Driver/Src/stm32f1xx_hal_cortex.o
 .comment       0x0000000000000043       0x44 ./Drivers/STM32F1xx_HAL_Driver/Src/stm32f1xx_hal_dma.o
 .comment       0x0000000000000043       0x44 ./Drivers/STM32F1xx_HAL_Driver/Src/stm32f1xx_hal_gpio.o
 .comment       0x0000000000000043       0x44 ./Drivers/STM32F1xx_HAL_Driver/Src/stm32f1xx_hal_rcc.o
 .comment       0x0000000000000043       0x44 ./Drivers/STM32F1xx_HAL_Driver/Src/stm32f1xx_hal_rcc_ex.o
 .comment       0x0000000000000043       0x44 ./Drivers/STM32F1xx_HAL_Driver/Src/stm32f1xx_hal_tim.o
 .comment       0x0000000000000043       0x44 ./Drivers/STM32F1xx_HAL_Driver/Src/stm32f1xx_hal_tim_ex.o
 .comment       0x0000000000000043       0x44 ./Drivers/Service/Src/Delay.o
 .comment       0x0000000000000043       0x44 ./Drivers/Service/Src/SpeedDWT.o

.debug_info     0x0000000000000000     0xc438
 .debug_info    0x0000000000000000     0x132a ./Core/Src/main.o
 .debug_info    0x000000000000132a      0xe86 ./Core/Src/stm32f1xx_hal_msp.o
 .debug_info    0x00000000000021b0      0x5aa ./Core/Src/stm32f1xx_it.o
 .debug_info    0x000000000000275a      0x222 ./Core/Src/system_stm32f1xx.o
 .debug_info    0x000000000000297c       0x23 ./Core/Startup/startup_stm32f103c8tx.o
 .debug_info    0x000000000000299f      0x739 ./Drivers/Application/src/BLDC.o
 .debug_info    0x00000000000030d8      0x124 ./Drivers/HAL/Src/ACS758-050B.o
 .debug_info    0x00000000000031fc      0x5a8 ./Drivers/HAL/Src/DMA_ADC.o
 .debug_info    0x00000000000037a4      0x2cb ./Drivers/HAL/Src/Hall_Sensor.o
 .debug_info    0x0000000000003a6f      0x156 ./Drivers/HAL/Src/Throttle.o
 .debug_info    0x0000000000003bc5      0x109 ./Drivers/HAL/Src/Voltage_sensor.o
 .debug_info    0x0000000000003cce      0x704 ./Drivers/STM32F1xx_HAL_Driver/Src/stm32f1xx_hal.o
 .debug_info    0x00000000000043d2      0xc50 ./Drivers/STM32F1xx_HAL_Driver/Src/stm32f1xx_hal_adc.o
 .debug_info    0x0000000000005022      0xa10 ./Drivers/STM32F1xx_HAL_Driver/Src/stm32f1xx_hal_adc_ex.o
 .debug_info    0x0000000000005a32      0xa87 ./Drivers/STM32F1xx_HAL_Driver/Src/stm32f1xx_hal_cortex.o
 .debug_info    0x00000000000064b9      0x6d2 ./Drivers/STM32F1xx_HAL_Driver/Src/stm32f1xx_hal_dma.o
 .debug_info    0x0000000000006b8b      0x5ab ./Drivers/STM32F1xx_HAL_Driver/Src/stm32f1xx_hal_gpio.o
 .debug_info    0x0000000000007136      0x7d5 ./Drivers/STM32F1xx_HAL_Driver/Src/stm32f1xx_hal_rcc.o
 .debug_info    0x000000000000790b      0x3c0 ./Drivers/STM32F1xx_HAL_Driver/Src/stm32f1xx_hal_rcc_ex.o
 .debug_info    0x0000000000007ccb     0x2959 ./Drivers/STM32F1xx_HAL_Driver/Src/stm32f1xx_hal_tim.o
 .debug_info    0x000000000000a624     0x149b ./Drivers/STM32F1xx_HAL_Driver/Src/stm32f1xx_hal_tim_ex.o
 .debug_info    0x000000000000babf      0x678 ./Drivers/Service/Src/Delay.o
 .debug_info    0x000000000000c137      0x301 ./Drivers/Service/Src/SpeedDWT.o

.debug_abbrev   0x0000000000000000     0x28d2
 .debug_abbrev  0x0000000000000000      0x307 ./Core/Src/main.o
 .debug_abbrev  0x0000000000000307      0x274 ./Core/Src/stm32f1xx_hal_msp.o
 .debug_abbrev  0x000000000000057b      0x184 ./Core/Src/stm32f1xx_it.o
 .debug_abbrev  0x00000000000006ff      0x13f ./Core/Src/system_stm32f1xx.o
 .debug_abbrev  0x000000000000083e       0x12 ./Core/Startup/startup_stm32f103c8tx.o
 .debug_abbrev  0x0000000000000850      0x1b7 ./Drivers/Application/src/BLDC.o
 .debug_abbrev  0x0000000000000a07       0xb7 ./Drivers/HAL/Src/ACS758-050B.o
 .debug_abbrev  0x0000000000000abe      0x1a4 ./Drivers/HAL/Src/DMA_ADC.o
 .debug_abbrev  0x0000000000000c62      0x1b1 ./Drivers/HAL/Src/Hall_Sensor.o
 .debug_abbrev  0x0000000000000e13       0xdf ./Drivers/HAL/Src/Throttle.o
 .debug_abbrev  0x0000000000000ef2       0xb6 ./Drivers/HAL/Src/Voltage_sensor.o
 .debug_abbrev  0x0000000000000fa8      0x201 ./Drivers/STM32F1xx_HAL_Driver/Src/stm32f1xx_hal.o
 .debug_abbrev  0x00000000000011a9      0x225 ./Drivers/STM32F1xx_HAL_Driver/Src/stm32f1xx_hal_adc.o
 .debug_abbrev  0x00000000000013ce      0x249 ./Drivers/STM32F1xx_HAL_Driver/Src/stm32f1xx_hal_adc_ex.o
 .debug_abbrev  0x0000000000001617      0x2f8 ./Drivers/STM32F1xx_HAL_Driver/Src/stm32f1xx_hal_cortex.o
 .debug_abbrev  0x000000000000190f      0x20b ./Drivers/STM32F1xx_HAL_Driver/Src/stm32f1xx_hal_dma.o
 .debug_abbrev  0x0000000000001b1a      0x1ca ./Drivers/STM32F1xx_HAL_Driver/Src/stm32f1xx_hal_gpio.o
 .debug_abbrev  0x0000000000001ce4      0x2b3 ./Drivers/STM32F1xx_HAL_Driver/Src/stm32f1xx_hal_rcc.o
 .debug_abbrev  0x0000000000001f97      0x188 ./Drivers/STM32F1xx_HAL_Driver/Src/stm32f1xx_hal_rcc_ex.o
 .debug_abbrev  0x000000000000211f      0x277 ./Drivers/STM32F1xx_HAL_Driver/Src/stm32f1xx_hal_tim.o
 .debug_abbrev  0x0000000000002396      0x282 ./Drivers/STM32F1xx_HAL_Driver/Src/stm32f1xx_hal_tim_ex.o
 .debug_abbrev  0x0000000000002618      0x18e ./Drivers/Service/Src/Delay.o
 .debug_abbrev  0x00000000000027a6      0x12c ./Drivers/Service/Src/SpeedDWT.o

.debug_aranges  0x0000000000000000      0xd18
 .debug_aranges
                0x0000000000000000       0x70 ./Core/Src/main.o
 .debug_aranges
                0x0000000000000070       0x58 ./Core/Src/stm32f1xx_hal_msp.o
 .debug_aranges
                0x00000000000000c8       0x70 ./Core/Src/stm32f1xx_it.o
 .debug_aranges
                0x0000000000000138       0x28 ./Core/Src/system_stm32f1xx.o
 .debug_aranges
                0x0000000000000160       0x28 ./Core/Startup/startup_stm32f103c8tx.o
 .debug_aranges
                0x0000000000000188       0x30 ./Drivers/Application/src/BLDC.o
 .debug_aranges
                0x00000000000001b8       0x28 ./Drivers/HAL/Src/ACS758-050B.o
 .debug_aranges
                0x00000000000001e0       0x28 ./Drivers/HAL/Src/DMA_ADC.o
 .debug_aranges
                0x0000000000000208       0x38 ./Drivers/HAL/Src/Hall_Sensor.o
 .debug_aranges
                0x0000000000000240       0x30 ./Drivers/HAL/Src/Throttle.o
 .debug_aranges
                0x0000000000000270       0x28 ./Drivers/HAL/Src/Voltage_sensor.o
 .debug_aranges
                0x0000000000000298       0xe0 ./Drivers/STM32F1xx_HAL_Driver/Src/stm32f1xx_hal.o
 .debug_aranges
                0x0000000000000378       0xf0 ./Drivers/STM32F1xx_HAL_Driver/Src/stm32f1xx_hal_adc.o
 .debug_aranges
                0x0000000000000468       0x80 ./Drivers/STM32F1xx_HAL_Driver/Src/stm32f1xx_hal_adc_ex.o
 .debug_aranges
                0x00000000000004e8      0x100 ./Drivers/STM32F1xx_HAL_Driver/Src/stm32f1xx_hal_cortex.o
 .debug_aranges
                0x00000000000005e8       0x80 ./Drivers/STM32F1xx_HAL_Driver/Src/stm32f1xx_hal_dma.o
 .debug_aranges
                0x0000000000000668       0x58 ./Drivers/STM32F1xx_HAL_Driver/Src/stm32f1xx_hal_gpio.o
 .debug_aranges
                0x00000000000006c0       0x90 ./Drivers/STM32F1xx_HAL_Driver/Src/stm32f1xx_hal_rcc.o
 .debug_aranges
                0x0000000000000750       0x30 ./Drivers/STM32F1xx_HAL_Driver/Src/stm32f1xx_hal_rcc_ex.o
 .debug_aranges
                0x0000000000000780      0x3d0 ./Drivers/STM32F1xx_HAL_Driver/Src/stm32f1xx_hal_tim.o
 .debug_aranges
                0x0000000000000b50      0x168 ./Drivers/STM32F1xx_HAL_Driver/Src/stm32f1xx_hal_tim_ex.o
 .debug_aranges
                0x0000000000000cb8       0x28 ./Drivers/Service/Src/Delay.o
 .debug_aranges
                0x0000000000000ce0       0x38 ./Drivers/Service/Src/SpeedDWT.o

.debug_rnglists
                0x0000000000000000      0x9f4
 .debug_rnglists
                0x0000000000000000       0x56 ./Core/Src/main.o
 .debug_rnglists
                0x0000000000000056       0x40 ./Core/Src/stm32f1xx_hal_msp.o
 .debug_rnglists
                0x0000000000000096       0x4f ./Core/Src/stm32f1xx_it.o
 .debug_rnglists
                0x00000000000000e5       0x1a ./Core/Src/system_stm32f1xx.o
 .debug_rnglists
                0x00000000000000ff       0x19 ./Core/Startup/startup_stm32f103c8tx.o
 .debug_rnglists
                0x0000000000000118       0x20 ./Drivers/Application/src/BLDC.o
 .debug_rnglists
                0x0000000000000138       0x19 ./Drivers/HAL/Src/ACS758-050B.o
 .debug_rnglists
                0x0000000000000151       0x19 ./Drivers/HAL/Src/DMA_ADC.o
 .debug_rnglists
                0x000000000000016a       0x25 ./Drivers/HAL/Src/Hall_Sensor.o
 .debug_rnglists
                0x000000000000018f       0x1f ./Drivers/HAL/Src/Throttle.o
 .debug_rnglists
                0x00000000000001ae       0x19 ./Drivers/HAL/Src/Voltage_sensor.o
 .debug_rnglists
                0x00000000000001c7       0xa3 ./Drivers/STM32F1xx_HAL_Driver/Src/stm32f1xx_hal.o
 .debug_rnglists
                0x000000000000026a       0xbc ./Drivers/STM32F1xx_HAL_Driver/Src/stm32f1xx_hal_adc.o
 .debug_rnglists
                0x0000000000000326       0x65 ./Drivers/STM32F1xx_HAL_Driver/Src/stm32f1xx_hal_adc_ex.o
 .debug_rnglists
                0x000000000000038b       0xbb ./Drivers/STM32F1xx_HAL_Driver/Src/stm32f1xx_hal_cortex.o
 .debug_rnglists
                0x0000000000000446       0x64 ./Drivers/STM32F1xx_HAL_Driver/Src/stm32f1xx_hal_dma.o
 .debug_rnglists
                0x00000000000004aa       0x3f ./Drivers/STM32F1xx_HAL_Driver/Src/stm32f1xx_hal_gpio.o
 .debug_rnglists
                0x00000000000004e9       0x6c ./Drivers/STM32F1xx_HAL_Driver/Src/stm32f1xx_hal_rcc.o
 .debug_rnglists
                0x0000000000000555       0x21 ./Drivers/STM32F1xx_HAL_Driver/Src/stm32f1xx_hal_rcc_ex.o
 .debug_rnglists
                0x0000000000000576      0x31a ./Drivers/STM32F1xx_HAL_Driver/Src/stm32f1xx_hal_tim.o
 .debug_rnglists
                0x0000000000000890      0x125 ./Drivers/STM32F1xx_HAL_Driver/Src/stm32f1xx_hal_tim_ex.o
 .debug_rnglists
                0x00000000000009b5       0x19 ./Drivers/Service/Src/Delay.o
 .debug_rnglists
                0x00000000000009ce       0x26 ./Drivers/Service/Src/SpeedDWT.o

.debug_macro    0x0000000000000000    0x1849b
 .debug_macro   0x0000000000000000      0x23a ./Core/Src/main.o
 .debug_macro   0x000000000000023a      0xa9c ./Core/Src/main.o
 .debug_macro   0x0000000000000cd6      0x221 ./Core/Src/main.o
 .debug_macro   0x0000000000000ef7       0x2e ./Core/Src/main.o
 .debug_macro   0x0000000000000f25       0x22 ./Core/Src/main.o
 .debug_macro   0x0000000000000f47       0x22 ./Core/Src/main.o
 .debug_macro   0x0000000000000f69       0x8e ./Core/Src/main.o
 .debug_macro   0x0000000000000ff7       0x51 ./Core/Src/main.o
 .debug_macro   0x0000000000001048      0x103 ./Core/Src/main.o
 .debug_macro   0x000000000000114b       0x6a ./Core/Src/main.o
 .debug_macro   0x00000000000011b5      0x1df ./Core/Src/main.o
 .debug_macro   0x0000000000001394       0x1c ./Core/Src/main.o
 .debug_macro   0x00000000000013b0       0x22 ./Core/Src/main.o
 .debug_macro   0x00000000000013d2       0xbd ./Core/Src/main.o
 .debug_macro   0x000000000000148f      0xd23 ./Core/Src/main.o
 .debug_macro   0x00000000000021b2     0xe09e ./Core/Src/main.o
 .debug_macro   0x0000000000010250       0x6d ./Core/Src/main.o
 .debug_macro   0x00000000000102bd     0x34a2 ./Core/Src/main.o
 .debug_macro   0x000000000001375f      0x174 ./Core/Src/main.o
 .debug_macro   0x00000000000138d3       0x5c ./Core/Src/main.o
 .debug_macro   0x000000000001392f      0x5bc ./Core/Src/main.o
 .debug_macro   0x0000000000013eeb      0x289 ./Core/Src/main.o
 .debug_macro   0x0000000000014174      0x1cb ./Core/Src/main.o
 .debug_macro   0x000000000001433f      0x114 ./Core/Src/main.o
 .debug_macro   0x0000000000014453      0x1b2 ./Core/Src/main.o
 .debug_macro   0x0000000000014605       0x27 ./Core/Src/main.o
 .debug_macro   0x000000000001462c      0x136 ./Core/Src/main.o
 .debug_macro   0x0000000000014762      0x1bc ./Core/Src/main.o
 .debug_macro   0x000000000001491e       0x34 ./Core/Src/main.o
 .debug_macro   0x0000000000014952       0x3c ./Core/Src/main.o
 .debug_macro   0x000000000001498e       0x57 ./Core/Src/main.o
 .debug_macro   0x00000000000149e5      0x46a ./Core/Src/main.o
 .debug_macro   0x0000000000014e4f      0x1b5 ./Core/Src/main.o
 .debug_macro   0x0000000000015004       0x87 ./Core/Src/main.o
 .debug_macro   0x000000000001508b      0x240 ./Core/Src/main.o
 .debug_macro   0x00000000000152cb      0x140 ./Core/Src/main.o
 .debug_macro   0x000000000001540b      0x8ed ./Core/Src/main.o
 .debug_macro   0x0000000000015cf8       0x83 ./Core/Src/main.o
 .debug_macro   0x0000000000015d7b       0x94 ./Core/Src/main.o
 .debug_macro   0x0000000000015e0f       0x2e ./Core/Src/main.o
 .debug_macro   0x0000000000015e3d       0x10 ./Core/Src/main.o
 .debug_macro   0x0000000000015e4d       0x10 ./Core/Src/main.o
 .debug_macro   0x0000000000015e5d       0x16 ./Core/Src/main.o
 .debug_macro   0x0000000000015e73       0x22 ./Core/Src/main.o
 .debug_macro   0x0000000000015e95       0x22 ./Core/Src/main.o
 .debug_macro   0x0000000000015eb7       0x1c ./Core/Src/main.o
 .debug_macro   0x0000000000015ed3       0x58 ./Core/Src/main.o
 .debug_macro   0x0000000000015f2b      0x1bc ./Core/Src/stm32f1xx_hal_msp.o
 .debug_macro   0x00000000000160e7      0x1c6 ./Core/Src/stm32f1xx_it.o
 .debug_macro   0x00000000000162ad      0x1ad ./Core/Src/system_stm32f1xx.o
 .debug_macro   0x000000000001645a      0x1ff ./Drivers/Application/src/BLDC.o
 .debug_macro   0x0000000000016659       0x10 ./Drivers/Application/src/BLDC.o
 .debug_macro   0x0000000000016669       0x16 ./Drivers/Application/src/BLDC.o
 .debug_macro   0x000000000001667f      0x1c5 ./Drivers/HAL/Src/ACS758-050B.o
 .debug_macro   0x0000000000016844       0x28 ./Drivers/HAL/Src/ACS758-050B.o
 .debug_macro   0x000000000001686c      0x1bd ./Drivers/HAL/Src/DMA_ADC.o
 .debug_macro   0x0000000000016a29      0x1bd ./Drivers/HAL/Src/Hall_Sensor.o
 .debug_macro   0x0000000000016be6      0x1c5 ./Drivers/HAL/Src/Throttle.o
 .debug_macro   0x0000000000016dab      0x1c5 ./Drivers/HAL/Src/Voltage_sensor.o
 .debug_macro   0x0000000000016f70       0x1c ./Drivers/HAL/Src/Voltage_sensor.o
 .debug_macro   0x0000000000016f8c      0x1d1 ./Drivers/STM32F1xx_HAL_Driver/Src/stm32f1xx_hal.o
 .debug_macro   0x000000000001715d      0x1ca ./Drivers/STM32F1xx_HAL_Driver/Src/stm32f1xx_hal_adc.o
 .debug_macro   0x0000000000017327      0x1bf ./Drivers/STM32F1xx_HAL_Driver/Src/stm32f1xx_hal_adc_ex.o
 .debug_macro   0x00000000000174e6      0x1ad ./Drivers/STM32F1xx_HAL_Driver/Src/stm32f1xx_hal_cortex.o
 .debug_macro   0x0000000000017693      0x1ad ./Drivers/STM32F1xx_HAL_Driver/Src/stm32f1xx_hal_dma.o
 .debug_macro   0x0000000000017840      0x218 ./Drivers/STM32F1xx_HAL_Driver/Src/stm32f1xx_hal_gpio.o
 .debug_macro   0x0000000000017a58      0x1bf ./Drivers/STM32F1xx_HAL_Driver/Src/stm32f1xx_hal_rcc.o
 .debug_macro   0x0000000000017c17      0x1ad ./Drivers/STM32F1xx_HAL_Driver/Src/stm32f1xx_hal_rcc_ex.o
 .debug_macro   0x0000000000017dc4      0x1ae ./Drivers/STM32F1xx_HAL_Driver/Src/stm32f1xx_hal_tim.o
 .debug_macro   0x0000000000017f72      0x1ad ./Drivers/STM32F1xx_HAL_Driver/Src/stm32f1xx_hal_tim_ex.o
 .debug_macro   0x000000000001811f      0x1b7 ./Drivers/Service/Src/Delay.o
 .debug_macro   0x00000000000182d6      0x1c5 ./Drivers/Service/Src/SpeedDWT.o

.debug_line     0x0000000000000000    0x112a3
 .debug_line    0x0000000000000000      0xb9b ./Core/Src/main.o
 .debug_line    0x0000000000000b9b      0x89e ./Core/Src/stm32f1xx_hal_msp.o
 .debug_line    0x0000000000001439      0x804 ./Core/Src/stm32f1xx_it.o
 .debug_line    0x0000000000001c3d      0x790 ./Core/Src/system_stm32f1xx.o
 .debug_line    0x00000000000023cd       0x78 ./Core/Startup/startup_stm32f103c8tx.o
 .debug_line    0x0000000000002445      0x8c8 ./Drivers/Application/src/BLDC.o
 .debug_line    0x0000000000002d0d      0x78b ./Drivers/HAL/Src/ACS758-050B.o
 .debug_line    0x0000000000003498      0x763 ./Drivers/HAL/Src/DMA_ADC.o
 .debug_line    0x0000000000003bfb      0x7e2 ./Drivers/HAL/Src/Hall_Sensor.o
 .debug_line    0x00000000000043dd      0x7a5 ./Drivers/HAL/Src/Throttle.o
 .debug_line    0x0000000000004b82      0x78d ./Drivers/HAL/Src/Voltage_sensor.o
 .debug_line    0x000000000000530f      0x9bd ./Drivers/STM32F1xx_HAL_Driver/Src/stm32f1xx_hal.o
 .debug_line    0x0000000000005ccc     0x103a ./Drivers/STM32F1xx_HAL_Driver/Src/stm32f1xx_hal_adc.o
 .debug_line    0x0000000000006d06      0xd74 ./Drivers/STM32F1xx_HAL_Driver/Src/stm32f1xx_hal_adc_ex.o
 .debug_line    0x0000000000007a7a      0xba5 ./Drivers/STM32F1xx_HAL_Driver/Src/stm32f1xx_hal_cortex.o
 .debug_line    0x000000000000861f      0xe16 ./Drivers/STM32F1xx_HAL_Driver/Src/stm32f1xx_hal_dma.o
 .debug_line    0x0000000000009435      0xa56 ./Drivers/STM32F1xx_HAL_Driver/Src/stm32f1xx_hal_gpio.o
 .debug_line    0x0000000000009e8b      0xdc6 ./Drivers/STM32F1xx_HAL_Driver/Src/stm32f1xx_hal_rcc.o
 .debug_line    0x000000000000ac51      0x901 ./Drivers/STM32F1xx_HAL_Driver/Src/stm32f1xx_hal_rcc_ex.o
 .debug_line    0x000000000000b552     0x34c4 ./Drivers/STM32F1xx_HAL_Driver/Src/stm32f1xx_hal_tim.o
 .debug_line    0x000000000000ea16     0x190c ./Drivers/STM32F1xx_HAL_Driver/Src/stm32f1xx_hal_tim_ex.o
 .debug_line    0x0000000000010322      0x77b ./Drivers/Service/Src/Delay.o
 .debug_line    0x0000000000010a9d      0x806 ./Drivers/Service/Src/SpeedDWT.o

.debug_str      0x0000000000000000    0x89fd8
 .debug_str     0x0000000000000000    0x87446 ./Core/Src/main.o
                                      0x87928 (size before relaxing)
 .debug_str     0x0000000000087446      0x12a ./Core/Src/stm32f1xx_hal_msp.o
                                      0x870ab (size before relaxing)
 .debug_str     0x0000000000087570      0x108 ./Core/Src/stm32f1xx_it.o
                                      0x869b3 (size before relaxing)
 .debug_str     0x0000000000087678       0x88 ./Core/Src/system_stm32f1xx.o
                                      0x86455 (size before relaxing)
 .debug_str     0x0000000000087700       0x34 ./Core/Startup/startup_stm32f103c8tx.o
                                         0x66 (size before relaxing)
 .debug_str     0x0000000000087734       0xc7 ./Drivers/Application/src/BLDC.o
                                      0x86c0e (size before relaxing)
 .debug_str     0x00000000000877fb       0x57 ./Drivers/HAL/Src/ACS758-050B.o
                                      0x864d0 (size before relaxing)
 .debug_str     0x0000000000087852       0x40 ./Drivers/HAL/Src/DMA_ADC.o
                                      0x86764 (size before relaxing)
 .debug_str     0x0000000000087892       0xc9 ./Drivers/HAL/Src/Hall_Sensor.o
                                      0x86503 (size before relaxing)
 .debug_str     0x000000000008795b       0x2e ./Drivers/HAL/Src/Throttle.o
                                      0x86484 (size before relaxing)
 .debug_str     0x0000000000087989       0x35 ./Drivers/HAL/Src/Voltage_sensor.o
                                      0x86484 (size before relaxing)
 .debug_str     0x00000000000879be      0x38e ./Drivers/STM32F1xx_HAL_Driver/Src/stm32f1xx_hal.o
                                      0x86b88 (size before relaxing)
 .debug_str     0x0000000000087d4c      0x351 ./Drivers/STM32F1xx_HAL_Driver/Src/stm32f1xx_hal_adc.o
                                      0x86b39 (size before relaxing)
 .debug_str     0x000000000008809d      0x2d8 ./Drivers/STM32F1xx_HAL_Driver/Src/stm32f1xx_hal_adc_ex.o
                                      0x86b09 (size before relaxing)
 .debug_str     0x0000000000088375      0x294 ./Drivers/STM32F1xx_HAL_Driver/Src/stm32f1xx_hal_cortex.o
                                      0x86ad4 (size before relaxing)
 .debug_str     0x0000000000088609      0x1e7 ./Drivers/STM32F1xx_HAL_Driver/Src/stm32f1xx_hal_dma.o
                                      0x867fe (size before relaxing)
 .debug_str     0x00000000000887f0      0x2e2 ./Drivers/STM32F1xx_HAL_Driver/Src/stm32f1xx_hal_gpio.o
                                      0x867db (size before relaxing)
 .debug_str     0x0000000000088ad2      0x229 ./Drivers/STM32F1xx_HAL_Driver/Src/stm32f1xx_hal_rcc.o
                                      0x86884 (size before relaxing)
 .debug_str     0x0000000000088cfb       0x84 ./Drivers/STM32F1xx_HAL_Driver/Src/stm32f1xx_hal_rcc_ex.o
                                      0x865d4 (size before relaxing)
 .debug_str     0x0000000000088d7f      0xd2a ./Drivers/STM32F1xx_HAL_Driver/Src/stm32f1xx_hal_tim.o
                                      0x87886 (size before relaxing)
 .debug_str     0x0000000000089aa9      0x3e1 ./Drivers/STM32F1xx_HAL_Driver/Src/stm32f1xx_hal_tim_ex.o
                                      0x87092 (size before relaxing)
 .debug_str     0x0000000000089e8a       0x2a ./Drivers/Service/Src/Delay.o
                                      0x868df (size before relaxing)
 .debug_str     0x0000000000089eb4      0x124 ./Drivers/Service/Src/SpeedDWT.o
                                      0x865d1 (size before relaxing)

.debug_frame    0x0000000000000000     0x33d0
 .debug_frame   0x0000000000000000      0x18c ./Core/Src/main.o
 .debug_frame   0x000000000000018c      0x144 ./Core/Src/stm32f1xx_hal_msp.o
 .debug_frame   0x00000000000002d0      0x13c ./Core/Src/stm32f1xx_it.o
 .debug_frame   0x000000000000040c       0x58 ./Core/Src/system_stm32f1xx.o
 .debug_frame   0x0000000000000464       0x64 ./Drivers/Application/src/BLDC.o
 .debug_frame   0x00000000000004c8       0x54 ./Drivers/HAL/Src/ACS758-050B.o
 .debug_frame   0x000000000000051c       0x58 ./Drivers/HAL/Src/DMA_ADC.o
 .debug_frame   0x0000000000000574       0x94 ./Drivers/HAL/Src/Hall_Sensor.o
 .debug_frame   0x0000000000000608       0x6c ./Drivers/HAL/Src/Throttle.o
 .debug_frame   0x0000000000000674       0x54 ./Drivers/HAL/Src/Voltage_sensor.o
 .debug_frame   0x00000000000006c8      0x334 ./Drivers/STM32F1xx_HAL_Driver/Src/stm32f1xx_hal.o
 .debug_frame   0x00000000000009fc      0x40c ./Drivers/STM32F1xx_HAL_Driver/Src/stm32f1xx_hal_adc.o
 .debug_frame   0x0000000000000e08      0x200 ./Drivers/STM32F1xx_HAL_Driver/Src/stm32f1xx_hal_adc_ex.o
 .debug_frame   0x0000000000001008      0x428 ./Drivers/STM32F1xx_HAL_Driver/Src/stm32f1xx_hal_cortex.o
 .debug_frame   0x0000000000001430      0x208 ./Drivers/STM32F1xx_HAL_Driver/Src/stm32f1xx_hal_dma.o
 .debug_frame   0x0000000000001638      0x14c ./Drivers/STM32F1xx_HAL_Driver/Src/stm32f1xx_hal_gpio.o
 .debug_frame   0x0000000000001784      0x218 ./Drivers/STM32F1xx_HAL_Driver/Src/stm32f1xx_hal_rcc.o
 .debug_frame   0x000000000000199c       0x80 ./Drivers/STM32F1xx_HAL_Driver/Src/stm32f1xx_hal_rcc_ex.o
 .debug_frame   0x0000000000001a1c     0x11b8 ./Drivers/STM32F1xx_HAL_Driver/Src/stm32f1xx_hal_tim.o
 .debug_frame   0x0000000000002bd4      0x638 ./Drivers/STM32F1xx_HAL_Driver/Src/stm32f1xx_hal_tim_ex.o
 .debug_frame   0x000000000000320c       0x5c ./Drivers/Service/Src/Delay.o
 .debug_frame   0x0000000000003268       0x98 ./Drivers/Service/Src/SpeedDWT.o
 .debug_frame   0x0000000000003300       0x20 E:/STM32CubeIDE_1.14.1/STM32CubeIDE/plugins/com.st.stm32cube.ide.mcu.externaltools.gnu-tools-for-stm32.11.3.rel1.win32_1.1.100.202309141235/tools/bin/../lib/gcc/arm-none-eabi/11.3.1/../../../../arm-none-eabi/lib/thumb/v7-m/nofp\libc_nano.a(libc_a-memset.o)
 .debug_frame   0x0000000000003320       0x2c E:/STM32CubeIDE_1.14.1/STM32CubeIDE/plugins/com.st.stm32cube.ide.mcu.externaltools.gnu-tools-for-stm32.11.3.rel1.win32_1.1.100.202309141235/tools/bin/../lib/gcc/arm-none-eabi/11.3.1/../../../../arm-none-eabi/lib/thumb/v7-m/nofp\libc_nano.a(libc_a-init.o)
 .debug_frame   0x000000000000334c       0x4c E:/STM32CubeIDE_1.14.1/STM32CubeIDE/plugins/com.st.stm32cube.ide.mcu.externaltools.gnu-tools-for-stm32.11.3.rel1.win32_1.1.100.202309141235/tools/bin/../lib/gcc/arm-none-eabi/11.3.1/thumb/v7-m/nofp\libgcc.a(_arm_addsubsf3.o)
 .debug_frame   0x0000000000003398       0x38 E:/STM32CubeIDE_1.14.1/STM32CubeIDE/plugins/com.st.stm32cube.ide.mcu.externaltools.gnu-tools-for-stm32.11.3.rel1.win32_1.1.100.202309141235/tools/bin/../lib/gcc/arm-none-eabi/11.3.1/thumb/v7-m/nofp\libgcc.a(_arm_muldivsf3.o)

.debug_line_str
                0x0000000000000000       0x5a
 .debug_line_str
                0x0000000000000000       0x5a ./Core/Startup/startup_stm32f103c8tx.o
                                         0x72 (size before relaxing)
