../Core/Src/main.c:125:5:main	8	static
../Core/Src/main.c:194:6:SystemClock_Config	88	static
../Core/Src/main.c:241:13:MX_ADC1_Init	24	static
../Core/Src/main.c:288:13:MX_TIM1_Init	96	static
../Core/Src/main.c:367:13:MX_TIM2_Init	32	static
../Core/Src/main.c:412:13:MX_TIM3_Init	64	static
../Core/Src/main.c:475:13:MX_TIM4_Init	64	static
../Core/Src/main.c:536:13:MX_DMA_Init	16	static
../Core/Src/main.c:554:13:MX_GPIO_Init	40	static
../Core/Src/main.c:592:8:RegisterCallBack	16	static
../Core/Src/main.c:603:6:HallState	16	static
../Core/Src/main.c:665:6:NextStep	8	static
../Core/Src/main.c:789:6:WaitState	8	static
../Core/Src/main.c:905:6:Delay_us	16	static
../Core/Src/main.c:911:8:Delay_ms	24	static
../Core/Src/main.c:921:6:Delay_ms_NB	16	static
../Core/Src/main.c:934:6:TIM2_IRQHandler	8	static
../Core/Src/main.c:945:6:HAL_TIM_PeriodElapsedCallback	16	static
../Core/Src/main.c:964:6:Error_Handler	4	static,ignoring_inline_asm
