../Core/Src/main.c:152:5:main	8	static
../Core/Src/main.c:244:6:SystemClock_Config	88	static
../Core/Src/main.c:291:13:MX_ADC1_Init	24	static
../Core/Src/main.c:338:13:MX_TIM1_Init	96	static
../Core/Src/main.c:417:13:MX_TIM2_Init	32	static
../Core/Src/main.c:462:13:MX_TIM3_Init	64	static
../Core/Src/main.c:525:13:MX_TIM4_Init	64	static
../Core/Src/main.c:588:13:MX_GPIO_Init	40	static
../Core/Src/main.c:626:8:RegisterCallBack	16	static
../Core/Src/main.c:636:6:State1	8	static
../Core/Src/main.c:646:6:State2	8	static
../Core/Src/main.c:656:6:State3	8	static
../Core/Src/main.c:668:6:HallState	16	static
../Core/Src/main.c:730:6:NextStep	8	static
../Core/Src/main.c:854:6:WaitState	8	static
../Core/Src/main.c:889:8:Delay_us	16	static
../Core/Src/main.c:901:8:Delay_ms	24	static
../Core/Src/main.c:911:6:HAL_TIM_PeriodElapsedCallback	16	static
../Core/Src/main.c:926:6:Error_Handler	4	static,ignoring_inline_asm
