../Core/Src/main.c:100:5:main	1
../Core/Src/main.c:177:6:SystemClock_Config	4
../Core/Src/main.c:224:13:MX_ADC1_Init	5
../Core/Src/main.c:289:13:MX_TIM1_Init	6
../Core/Src/main.c:358:13:MX_TIM2_Init	4
../Core/Src/main.c:403:13:MX_TIM3_Init	5
../Core/Src/main.c:456:13:MX_TIM4_Init	5
../Core/Src/main.c:509:13:MX_USART3_UART_Init	2
../Core/Src/main.c:540:13:MX_DMA_Init	1
../Core/Src/main.c:558:13:MX_GPIO_Init	1
../Core/Src/main.c:580:6:HAL_ADC_ConvCpltCallback	1
../Core/Src/main.c:594:6:Error_Handler	1
