../Core/Src/main.c:94:5:main	8	static
../Core/Src/main.c:162:6:SystemClock_Config	88	static
../Core/Src/main.c:209:13:MX_ADC1_Init	24	static
../Core/Src/main.c:274:13:MX_TIM1_Init	80	static
../Core/Src/main.c:343:13:MX_TIM2_Init	32	static
../Core/Src/main.c:388:13:MX_TIM3_Init	48	static
../Core/Src/main.c:441:13:MX_TIM4_Init	48	static
../Core/Src/main.c:492:13:MX_DMA_Init	16	static
../Core/Src/main.c:510:13:MX_GPIO_Init	40	static
../Core/Src/main.c:532:6:HAL_ADC_ConvCpltCallback	16	static
../Core/Src/main.c:546:6:Error_Handler	4	static,ignoring_inline_asm
