../Core/Src/main.c:101:5:main	1
../Core/Src/main.c:175:6:SystemClock_Config	4
../Core/Src/main.c:222:13:MX_ADC1_Init	5
../Core/Src/main.c:287:13:MX_TIM1_Init	6
../Core/Src/main.c:356:13:MX_TIM2_Init	4
../Core/Src/main.c:401:13:MX_TIM3_Init	5
../Core/Src/main.c:454:13:MX_TIM4_Init	5
../Core/Src/main.c:507:13:MX_USART3_UART_Init	2
../Core/Src/main.c:538:13:MX_DMA_Init	1
../Core/Src/main.c:556:13:MX_GPIO_Init	1
../Core/Src/main.c:578:6:HAL_ADC_ConvCpltCallback	1
../Core/Src/main.c:592:6:Error_Handler	1
