../Core/Src/main.c:100:5:main	8	static
../Core/Src/main.c:177:6:SystemClock_Config	88	static
../Core/Src/main.c:224:13:MX_ADC1_Init	24	static
../Core/Src/main.c:289:13:MX_TIM1_Init	80	static
../Core/Src/main.c:358:13:MX_TIM2_Init	32	static
../Core/Src/main.c:403:13:MX_TIM3_Init	48	static
../Core/Src/main.c:456:13:MX_TIM4_Init	48	static
../Core/Src/main.c:509:13:MX_USART3_UART_Init	8	static
../Core/Src/main.c:540:13:MX_DMA_Init	16	static
../Core/Src/main.c:558:13:MX_GPIO_Init	40	static
../Core/Src/main.c:580:6:HAL_ADC_ConvCpltCallback	16	static
../Core/Src/main.c:594:6:Error_Handler	4	static,ignoring_inline_asm
